........................................................................ [  3%]
........................................................................ [  7%]
........................................................................ [ 11%]
........................................................................ [ 15%]
........................................................................ [ 19%]
........................................................................ [ 23%]
...........................................................s............ [ 27%]
........................................................................ [ 31%]
........................................................................ [ 35%]
.....................sssss.............................................. [ 39%]
........................................................................ [ 43%]
........................................................................ [ 47%]
........................................................................ [ 51%]
........................................................................ [ 55%]
........................................................................ [ 59%]
.......................s...................................s............ [ 63%]
........................................................................ [ 67%]
........................................................................ [ 71%]
........................................................................ [ 75%]
........................................................................ [ 79%]
........................................................................ [ 83%]
........................................................................ [ 87%]
........................................................................ [ 91%]
........................................................................ [ 95%]
....s............................................s....s....s....s....s.. [ 99%]
..s...........                                                           [100%]
1799 passed, 15 skipped in 716.72s (0:11:56)
