........................................................................ [  3%]
........................................................................ [  7%]
..............................................sss....................... [ 11%]
........................................................................ [ 15%]
........................................................................ [ 19%]
........................................................................ [ 23%]
...........................................................s............ [ 27%]
........................................................................ [ 31%]
........................................................................ [ 35%]
.....................sssss.............................................. [ 39%]
........................................................................ [ 43%]
........................................................................ [ 47%]
........................................................................ [ 51%]
........................................................................ [ 55%]
........................................................................ [ 59%]
........................................................................ [ 63%]
........................................................................ [ 67%]
........................................................................ [ 71%]
........................................................................ [ 75%]
....................s................................................... [ 79%]
........................................................................ [ 83%]
........................................................................ [ 87%]
........................................................................ [ 91%]
........................................................................ [ 95%]
....s............................s...................................... [ 99%]
..............                                                           [100%]
1802 passed, 12 skipped in 353.44s (0:05:53)
