........................................................................ [  4%]
........................................................................ [  8%]
..............................................sss....................... [ 12%]
........................................................................ [ 16%]
........................................................................ [ 20%]
........................................................................ [ 25%]
...........................................................s............ [ 29%]
........................................................................ [ 33%]
........................................................................ [ 37%]
.....................sssss.............................................. [ 41%]
........................................................................ [ 45%]
........................................................................ [ 50%]
........................................................................ [ 54%]
........................................................................ [ 58%]
........................................................................ [ 62%]
........................................................................ [ 66%]
........................................................................ [ 70%]
........................................................................ [ 75%]
...............................s........................................ [ 79%]
........................................................................ [ 83%]
........................................................................ [ 87%]
........................................................................ [ 91%]
........................................................................ [ 95%]
...............s.s....................................................   [100%]
1714 passed, 12 skipped in 230.67s (0:03:50)
