........................................................................ [  4%]
........................................................................ [  8%]
..............................................sss....................... [ 12%]
........................................................................ [ 16%]
........................................................................ [ 20%]
........................................................................ [ 24%]
...........................................................s............ [ 28%]
........................................................................ [ 32%]
........................................................................ [ 36%]
.....................sssss.............................................. [ 40%]
........................................................................ [ 44%]
........................................................................ [ 49%]
........................................................................ [ 53%]
........................................................................ [ 57%]
........................................................................ [ 61%]
........................................................................ [ 65%]
........................................................................ [ 69%]
........................................................................ [ 73%]
......................................................s................. [ 77%]
........................................................................ [ 81%]
........................................................................ [ 85%]
........................................................................ [ 89%]
........................................................................ [ 93%]
......................................s..............s.................. [ 98%]
..................................                                       [100%]
1750 passed, 12 skipped in 281.63s (0:04:41)
