........................................................................ [  4%]
........................................................................ [  8%]
........................................................................ [ 12%]
........................................................................ [ 16%]
........................................................................ [ 21%]
........................................................................ [ 25%]
...................................................s.................... [ 29%]
........................................................................ [ 33%]
........................................................................ [ 38%]
.............sssss...................................................... [ 42%]
........................................................................ [ 46%]
........................................................................ [ 50%]
........................................................................ [ 54%]
........................................................................ [ 59%]
.........................................................s.............. [ 63%]
........................................................................ [ 67%]
........................................................................ [ 71%]
........................................................................ [ 76%]
........................................................................ [ 80%]
........................................................................ [ 84%]
........................................................................ [ 88%]
........................................................................ [ 92%]
..................................................................s..... [ 97%]
............s....s....s....s....s....s...........                        [100%]
1691 passed, 14 skipped in 565.33s (0:09:25)
