2026-09-10T01:48:23.9525965Z Current runner version: '2.337.0'
2026-09-10T01:48:23.9561710Z ##[group]Runner Image Provisioner
2026-09-10T01:48:23.9562641Z Hosted Compute Agent
2026-09-10T01:48:23.9563214Z Version: 20260819.586
2026-09-10T01:48:23.9563808Z Commit: 3cc4a88dfa507ef76119ad1bb3eccc6378bb2b76
2026-09-10T01:48:23.9564517Z Build Date: 2026-08-18T23:20:18Z
2026-09-10T01:48:23.9565297Z Worker ID: {bd093d4e-110e-4b6b-814e-424d8b0120d2}
2026-09-10T01:48:23.9566079Z Azure Region: northcentralus
2026-09-10T01:48:23.9566681Z ##[endgroup]
2026-09-10T01:48:23.9568109Z ##[group]Operating System
2026-09-10T01:48:23.9568773Z Microsoft Windows Server 2025
2026-09-10T01:48:23.9569400Z 10.0.26100
2026-09-10T01:48:23.9569879Z Datacenter
2026-09-10T01:48:23.9570392Z ##[endgroup]
2026-09-10T01:48:23.9570900Z ##[group]Runner Image
2026-09-10T01:48:23.9571455Z Image: windows-2025-vs2026
2026-09-10T01:48:23.9572032Z Version: 20260824.214.3
2026-09-10T01:48:23.9573496Z Included Software: https://github.com/actions/runner-images/blob/win25-vs2026/20260824.214/images/windows/Windows2025-VS2026-Readme.md
2026-09-10T01:48:23.9575127Z Image Release: https://github.com/actions/runner-images/releases/tag/win25-vs2026%2F20260824.214
2026-09-10T01:48:23.9576055Z ##[endgroup]
2026-09-10T01:48:23.9577108Z ##[group]GITHUB_TOKEN Permissions
2026-09-10T01:48:23.9578920Z Contents: read
2026-09-10T01:48:23.9579575Z Metadata: read
2026-09-10T01:48:23.9580094Z ##[endgroup]
2026-09-10T01:48:23.9582565Z Secret source: Actions
2026-09-10T01:48:23.9583448Z Cache mode: write
2026-09-10T01:48:23.9584172Z Prepare workflow directory
2026-09-10T01:48:23.9999636Z Prepare all required actions
2026-09-10T01:48:24.0049296Z Getting action download info
2026-09-10T01:48:24.2406429Z Download action repository 'actions/checkout@v4' (SHA:11d5960a326750d5838078e36cf38b85af677262)
2026-09-10T01:48:24.3755915Z Download action repository 'actions/setup-python@v5' (SHA:a26af69be951a213d495a4c3e4e4022e16d87065)
2026-09-10T01:48:24.6494551Z Complete job name: test (windows-latest, 3.12)
2026-09-10T01:48:24.7911204Z Node 20 is being deprecated. This workflow is running with Node 24 by default. If you need to temporarily use Node 20, you can set the ACTIONS_ALLOW_USE_UNSECURE_NODE_VERSION=true environment variable. For more information see: https://github.blog/changelog/2025-09-19-deprecation-of-node-20-on-github-actions-runners/
2026-09-10T01:48:24.7920842Z ##[group]Run actions/checkout@v4
2026-09-10T01:48:24.7921545Z with:
2026-09-10T01:48:24.7921934Z   fetch-depth: 0
2026-09-10T01:48:24.7922353Z   repository: trevi00/zeus
2026-09-10T01:48:24.7926107Z   token: ***
2026-09-10T01:48:24.7926503Z   ssh-strict: true
2026-09-10T01:48:24.7926907Z   ssh-user: git
2026-09-10T01:48:24.7927323Z   persist-credentials: true
2026-09-10T01:48:24.7927775Z   clean: true
2026-09-10T01:48:24.7928183Z   sparse-checkout-cone-mode: true
2026-09-10T01:48:24.7928685Z   fetch-tags: false
2026-09-10T01:48:24.7929096Z   show-progress: true
2026-09-10T01:48:24.7929506Z   lfs: false
2026-09-10T01:48:24.7929918Z   submodules: false
2026-09-10T01:48:24.7930331Z   set-safe-directory: true
2026-09-10T01:48:24.7930795Z   allow-unsafe-pr-checkout: false
2026-09-10T01:48:24.7931468Z ##[endgroup]
2026-09-10T01:48:24.9406590Z Syncing repository: trevi00/zeus
2026-09-10T01:48:24.9408254Z ##[group]Getting Git version info
2026-09-10T01:48:24.9408845Z Working directory is 'D:\a\zeus\zeus'
2026-09-10T01:48:25.0350603Z [command]"C:\Program Files\Git\bin\git.exe" version
2026-09-10T01:48:25.1950316Z git version 2.55.0.windows.5
2026-09-10T01:48:25.1994121Z ##[endgroup]
2026-09-10T01:48:25.2013982Z Temporarily overriding HOME='D:\a\_temp\f1d2b653-b07a-4084-b978-1d66704ec5b6' before making global git config changes
2026-09-10T01:48:25.2015514Z Adding repository directory to the temporary git global config as a safe directory
2026-09-10T01:48:25.2024638Z [command]"C:\Program Files\Git\bin\git.exe" config --global --add safe.directory D:\a\zeus\zeus
2026-09-10T01:48:25.2308426Z Deleting the contents of 'D:\a\zeus\zeus'
2026-09-10T01:48:25.2315801Z ##[group]Initializing the repository
2026-09-10T01:48:25.2323760Z [command]"C:\Program Files\Git\bin\git.exe" init D:\a\zeus\zeus
2026-09-10T01:48:25.2767240Z Initialized empty Git repository in D:/a/zeus/zeus/.git/
2026-09-10T01:48:25.2807805Z [command]"C:\Program Files\Git\bin\git.exe" remote add origin https://github.com/trevi00/zeus
2026-09-10T01:48:25.3109455Z ##[endgroup]
2026-09-10T01:48:25.3110196Z ##[group]Disabling automatic garbage collection
2026-09-10T01:48:25.3117924Z [command]"C:\Program Files\Git\bin\git.exe" config --local gc.auto 0
2026-09-10T01:48:25.3424746Z ##[endgroup]
2026-09-10T01:48:25.3425453Z ##[group]Setting up auth
2026-09-10T01:48:25.3437070Z [command]"C:\Program Files\Git\bin\git.exe" config --local --name-only --get-regexp core\.sshCommand
2026-09-10T01:48:25.3729211Z [command]"C:\Program Files\Git\bin\git.exe" submodule foreach --recursive "sh -c \"git config --local --name-only --get-regexp 'core\.sshCommand' && git config --local --unset-all 'core.sshCommand' || :\""
2026-09-10T01:48:26.2193878Z [command]"C:\Program Files\Git\bin\git.exe" config --local --name-only --get-regexp http\.https\:\/\/github\.com\/\.extraheader
2026-09-10T01:48:26.2541287Z [command]"C:\Program Files\Git\bin\git.exe" submodule foreach --recursive "sh -c \"git config --local --name-only --get-regexp 'http\.https\:\/\/github\.com\/\.extraheader' && git config --local --unset-all 'http.https://github.com/.extraheader' || :\""
2026-09-10T01:48:26.7691369Z [command]"C:\Program Files\Git\bin\git.exe" config --local --name-only --get-regexp ^includeIf\.gitdir:
2026-09-10T01:48:26.7986076Z [command]"C:\Program Files\Git\bin\git.exe" submodule foreach --recursive "git config --local --show-origin --name-only --get-regexp remote.origin.url"
2026-09-10T01:48:27.3432167Z [command]"C:\Program Files\Git\bin\git.exe" config --local http.https://github.com/.extraheader "AUTHORIZATION: basic ***"
2026-09-10T01:48:27.3728289Z ##[endgroup]
2026-09-10T01:48:27.3731023Z ##[group]Fetching the repository
2026-09-10T01:48:27.3740985Z [command]"C:\Program Files\Git\bin\git.exe" -c protocol.version=2 fetch --prune --no-recurse-submodules origin +refs/heads/*:refs/remotes/origin/* +refs/tags/*:refs/tags/*
2026-09-10T01:48:28.5772185Z From https://github.com/trevi00/zeus
2026-09-10T01:48:28.5772966Z  * [new branch]      main       -> origin/main
2026-09-10T01:48:28.5821755Z [command]"C:\Program Files\Git\bin\git.exe" branch --list --remote origin/main
2026-09-10T01:48:28.6080521Z   origin/main
2026-09-10T01:48:28.6120375Z [command]"C:\Program Files\Git\bin\git.exe" rev-parse refs/remotes/origin/main
2026-09-10T01:48:28.6370357Z d3fa8ede326b8aaa5087a47c8f5601075f8494d6
2026-09-10T01:48:28.6399265Z ##[endgroup]
2026-09-10T01:48:28.6399817Z ##[group]Determining the checkout info
2026-09-10T01:48:28.6401069Z ##[endgroup]
2026-09-10T01:48:28.6410404Z [command]"C:\Program Files\Git\bin\git.exe" sparse-checkout disable
2026-09-10T01:48:28.6724358Z [command]"C:\Program Files\Git\bin\git.exe" config --local --unset-all extensions.worktreeConfig
2026-09-10T01:48:28.7027961Z ##[group]Checking out the ref
2026-09-10T01:48:28.7038090Z [command]"C:\Program Files\Git\bin\git.exe" checkout --progress --force -B main refs/remotes/origin/main
2026-09-10T01:48:29.5910720Z Switched to a new branch 'main'
2026-09-10T01:48:29.5926673Z branch 'main' set up to track 'origin/main'.
2026-09-10T01:48:29.5986140Z ##[endgroup]
2026-09-10T01:48:29.6298267Z [command]"C:\Program Files\Git\bin\git.exe" log -1 --format=%H
2026-09-10T01:48:29.6553633Z d3fa8ede326b8aaa5087a47c8f5601075f8494d6
2026-09-10T01:48:29.7002058Z Node 20 is being deprecated. This workflow is running with Node 24 by default. If you need to temporarily use Node 20, you can set the ACTIONS_ALLOW_USE_UNSECURE_NODE_VERSION=true environment variable. For more information see: https://github.blog/changelog/2025-09-19-deprecation-of-node-20-on-github-actions-runners/
2026-09-10T01:48:29.7004120Z ##[group]Run actions/setup-python@v5
2026-09-10T01:48:29.7005126Z with:
2026-09-10T01:48:29.7005341Z   python-version: 3.12
2026-09-10T01:48:29.7005576Z   check-latest: false
2026-09-10T01:48:29.7008129Z   token: ***
2026-09-10T01:48:29.7008331Z   update-environment: true
2026-09-10T01:48:29.7008568Z   allow-prereleases: false
2026-09-10T01:48:29.7008793Z   freethreaded: false
2026-09-10T01:48:29.7008995Z ##[endgroup]
2026-09-10T01:48:29.9519968Z ##[group]Installed versions
2026-09-10T01:48:29.9615328Z (node:10196) [DEP0040] DeprecationWarning: The `punycode` module is deprecated. Please use a userland alternative instead.
2026-09-10T01:48:29.9616287Z (Use `node --trace-deprecation ...` to show where the warning was created)
2026-09-10T01:48:29.9617034Z Successfully set up CPython (3.12.10)
2026-09-10T01:48:29.9617811Z ##[endgroup]
2026-09-10T01:48:29.9977272Z ##[group]Run python -m pip install uv==0.12.2
2026-09-10T01:48:29.9977734Z [36;1mpython -m pip install uv==0.12.2[0m
2026-09-10T01:48:30.0139405Z shell: C:\Program Files\PowerShell\7\pwsh.EXE -command ". '{0}'"
2026-09-10T01:48:30.0139804Z env:
2026-09-10T01:48:30.0140071Z   pythonLocation: C:\hostedtoolcache\windows\Python\3.12.10\x64
2026-09-10T01:48:30.0140545Z   PKG_CONFIG_PATH: C:\hostedtoolcache\windows\Python\3.12.10\x64/lib/pkgconfig
2026-09-10T01:48:30.0141013Z   Python_ROOT_DIR: C:\hostedtoolcache\windows\Python\3.12.10\x64
2026-09-10T01:48:30.0141428Z   Python2_ROOT_DIR: C:\hostedtoolcache\windows\Python\3.12.10\x64
2026-09-10T01:48:30.0141820Z   Python3_ROOT_DIR: C:\hostedtoolcache\windows\Python\3.12.10\x64
2026-09-10T01:48:30.0142135Z ##[endgroup]
2026-09-10T01:48:34.5054053Z Collecting uv==0.12.2
2026-09-10T01:48:34.7111918Z   Downloading uv-0.12.2-py3-none-win_amd64.whl.metadata (11 kB)
2026-09-10T01:48:34.7452793Z Downloading uv-0.12.2-py3-none-win_amd64.whl (20.2 MB)
2026-09-10T01:48:35.1712182Z    ---------------------------------------- 20.2/20.2 MB 70.9 MB/s  0:00:00
2026-09-10T01:48:35.3348326Z Installing collected packages: uv
2026-09-10T01:48:35.6275612Z Successfully installed uv-0.12.2
2026-09-10T01:48:35.8178492Z ##[group]Run uv sync --frozen
2026-09-10T01:48:35.8178849Z [36;1muv sync --frozen[0m
2026-09-10T01:48:35.8282135Z shell: C:\Program Files\PowerShell\7\pwsh.EXE -command ". '{0}'"
2026-09-10T01:48:35.8282498Z env:
2026-09-10T01:48:35.8282769Z   pythonLocation: C:\hostedtoolcache\windows\Python\3.12.10\x64
2026-09-10T01:48:35.8283219Z   PKG_CONFIG_PATH: C:\hostedtoolcache\windows\Python\3.12.10\x64/lib/pkgconfig
2026-09-10T01:48:35.8283671Z   Python_ROOT_DIR: C:\hostedtoolcache\windows\Python\3.12.10\x64
2026-09-10T01:48:35.8284080Z   Python2_ROOT_DIR: C:\hostedtoolcache\windows\Python\3.12.10\x64
2026-09-10T01:48:35.8284473Z   Python3_ROOT_DIR: C:\hostedtoolcache\windows\Python\3.12.10\x64
2026-09-10T01:48:35.8284785Z ##[endgroup]
2026-09-10T01:48:36.4333430Z Using CPython 3.12.10 interpreter at: C:\hostedtoolcache\windows\Python\3.12.10\x64\python3.exe
2026-09-10T01:48:36.4334600Z Creating virtual environment at: .venv
2026-09-10T01:48:36.4817877Z    Building zeus-harness @ file:///D:/a/zeus/zeus
2026-09-10T01:48:36.5990927Z Downloading hf-xet (3.8MiB)
2026-09-10T01:48:36.6001571Z Downloading numpy (12.0MiB)
2026-09-10T01:48:36.6018289Z Downloading pygments (1.2MiB)
2026-09-10T01:48:36.6039140Z Downloading ruff (10.1MiB)
2026-09-10T01:48:36.6125116Z Downloading psycopg-binary (3.5MiB)
2026-09-10T01:48:36.6130220Z Downloading pillow (6.9MiB)
2026-09-10T01:48:36.6193387Z Downloading onnxruntime (13.4MiB)
2026-09-10T01:48:36.6201234Z Downloading tokenizers (2.7MiB)
2026-09-10T01:48:38.3024628Z  Downloaded tokenizers
2026-09-10T01:48:38.3394519Z  Downloaded psycopg-binary
2026-09-10T01:48:38.3525003Z  Downloaded hf-xet
2026-09-10T01:48:38.5262099Z  Downloaded ruff
2026-09-10T01:48:38.5451830Z  Downloaded pillow
2026-09-10T01:48:39.8091402Z  Downloaded pygments
2026-09-10T01:48:39.9517503Z  Downloaded onnxruntime
2026-09-10T01:48:40.7000974Z       Built zeus-harness @ file:///D:/a/zeus/zeus
2026-09-10T01:48:41.1945417Z  Downloaded numpy
2026-09-10T01:48:41.1972572Z Prepared 57 packages in 4.75s
2026-09-10T01:48:41.1992324Z warning: Failed to hardlink files; falling back to full copy. This may lead to degraded performance.
2026-09-10T01:48:41.1995669Z          If the cache and target directories are on different filesystems, hardlinking may not be supported.
2026-09-10T01:48:41.2000749Z          If this is intentional, set `export UV_LINK_MODE=copy` or use `--link-mode=copy` to suppress this warning.
2026-09-10T01:48:42.9160689Z Installed 57 packages in 1.71s
2026-09-10T01:48:42.9164047Z  + anyio==4.15.1
2026-09-10T01:48:42.9164367Z  + arrow==1.4.0
2026-09-10T01:48:42.9165259Z  + attrs==26.1.0
2026-09-10T01:48:42.9168314Z  + certifi==2026.7.22
2026-09-10T01:48:42.9169719Z  + charset-normalizer==3.5.1
2026-09-10T01:48:42.9171270Z  + click==8.5.0
2026-09-10T01:48:42.9173132Z  + colorama==0.4.6
2026-09-10T01:48:42.9174887Z  + fastembed==0.8.0
2026-09-10T01:48:42.9176178Z  + filelock==3.32.5
2026-09-10T01:48:42.9178333Z  + flatbuffers==25.12.19
2026-09-10T01:48:42.9179812Z  + fqdn==1.5.1
2026-09-10T01:48:42.9181455Z  + fsspec==2026.7.0
2026-09-10T01:48:42.9183364Z  + h11==0.16.0
2026-09-10T01:48:42.9184405Z  + hf-xet==1.6.0
2026-09-10T01:48:42.9185632Z  + httpcore==1.0.9
2026-09-10T01:48:42.9188111Z  + httpx==0.28.1
2026-09-10T01:48:42.9190023Z  + huggingface-hub==1.30.0
2026-09-10T01:48:42.9191380Z  + idna==3.19
2026-09-10T01:48:42.9193303Z  + iniconfig==2.3.0
2026-09-10T01:48:42.9195055Z  + isoduration==20.11.0
2026-09-10T01:48:42.9196588Z  + jsonpointer==3.1.1
2026-09-10T01:48:42.9198250Z  + jsonschema==4.26.0
2026-09-10T01:48:42.9199953Z  + jsonschema-specifications==2025.9.1
2026-09-10T01:48:42.9201633Z  + loguru==0.7.3
2026-09-10T01:48:42.9203436Z  + mmh3==5.3.0
2026-09-10T01:48:42.9204642Z  + numpy==2.5.3
2026-09-10T01:48:42.9206453Z  + onnxruntime==1.29.0
2026-09-10T01:48:42.9206935Z  + packaging==26.3
2026-09-10T01:48:42.9210600Z  + pillow==12.3.0
2026-09-10T01:48:42.9211586Z  + pluggy==1.6.0
2026-09-10T01:48:42.9215441Z  + protobuf==7.36.1
2026-09-10T01:48:42.9215852Z  + psycopg==3.3.5
2026-09-10T01:48:42.9217239Z  + psycopg-binary==3.3.5
2026-09-10T01:48:42.9219227Z  + py-rust-stemmers==0.1.8
2026-09-10T01:48:42.9219877Z  + pygments==2.21.0
2026-09-10T01:48:42.9221533Z  + pytest==9.1.1
2026-09-10T01:48:42.9223116Z  + python-dateutil==2.9.0.post0
2026-09-10T01:48:42.9224412Z  + pyyaml==6.0.3
2026-09-10T01:48:42.9225764Z  + redis==6.4.0
2026-09-10T01:48:42.9227084Z  + referencing==0.37.0
2026-09-10T01:48:42.9228743Z  + requests==2.34.2
2026-09-10T01:48:42.9230063Z  + rfc3339-validator==0.1.4
2026-09-10T01:48:42.9231170Z  + rfc3987==1.3.8
2026-09-10T01:48:42.9233319Z  + rpds-py==2026.6.3
2026-09-10T01:48:42.9234560Z  + ruff==0.16.6
2026-09-10T01:48:42.9235815Z  + six==1.17.0
2026-09-10T01:48:42.9237075Z  + tokenizers==0.23.2
2026-09-10T01:48:42.9238508Z  + tqdm==4.70.0
2026-09-10T01:48:42.9239932Z  + tree-sitter==0.25.2
2026-09-10T01:48:42.9241262Z  + tree-sitter-python==0.25.0
2026-09-10T01:48:42.9242388Z  + typing-extensions==4.16.0
2026-09-10T01:48:42.9243722Z  + tzdata==2026.3
2026-09-10T01:48:42.9245169Z  + uri-template==1.3.0
2026-09-10T01:48:42.9246500Z  + urllib3==2.7.0
2026-09-10T01:48:42.9247716Z  + webcolors==25.10.0
2026-09-10T01:48:42.9249237Z  + win32-setctime==1.2.0
2026-09-10T01:48:42.9251042Z  + zeus-harness==0.2.0 (from file:///D:/a/zeus/zeus)
2026-09-10T01:48:43.1280336Z ##[group]Run uv run ruff check .
2026-09-10T01:48:43.1280667Z [36;1muv run ruff check .[0m
2026-09-10T01:48:43.1383098Z shell: C:\Program Files\PowerShell\7\pwsh.EXE -command ". '{0}'"
2026-09-10T01:48:43.1383435Z env:
2026-09-10T01:48:43.1383696Z   pythonLocation: C:\hostedtoolcache\windows\Python\3.12.10\x64
2026-09-10T01:48:43.1384159Z   PKG_CONFIG_PATH: C:\hostedtoolcache\windows\Python\3.12.10\x64/lib/pkgconfig
2026-09-10T01:48:43.1384608Z   Python_ROOT_DIR: C:\hostedtoolcache\windows\Python\3.12.10\x64
2026-09-10T01:48:43.1385238Z   Python2_ROOT_DIR: C:\hostedtoolcache\windows\Python\3.12.10\x64
2026-09-10T01:48:43.1385843Z   Python3_ROOT_DIR: C:\hostedtoolcache\windows\Python\3.12.10\x64
2026-09-10T01:48:43.1386155Z ##[endgroup]
2026-09-10T01:48:43.9386927Z All checks passed!
2026-09-10T01:48:44.0631300Z ##[group]Run uv run pytest -q
2026-09-10T01:48:44.0631808Z [36;1muv run pytest -q[0m
2026-09-10T01:48:44.0746896Z shell: C:\Program Files\PowerShell\7\pwsh.EXE -command ". '{0}'"
2026-09-10T01:48:44.0747511Z env:
2026-09-10T01:48:44.0748334Z   pythonLocation: C:\hostedtoolcache\windows\Python\3.12.10\x64
2026-09-10T01:48:44.0749200Z   PKG_CONFIG_PATH: C:\hostedtoolcache\windows\Python\3.12.10\x64/lib/pkgconfig
2026-09-10T01:48:44.0750035Z   Python_ROOT_DIR: C:\hostedtoolcache\windows\Python\3.12.10\x64
2026-09-10T01:48:44.0750774Z   Python2_ROOT_DIR: C:\hostedtoolcache\windows\Python\3.12.10\x64
2026-09-10T01:48:44.0751505Z   Python3_ROOT_DIR: C:\hostedtoolcache\windows\Python\3.12.10\x64
2026-09-10T01:48:44.0752084Z ##[endgroup]
2026-09-10T01:48:49.9211059Z .......................................................................s [  6%]
2026-09-10T01:48:50.3387676Z ............ssssssssssss..ss....ssss.s.s..ss.s.s.s.s.s.ss.s.s......s..s. [ 12%]
2026-09-10T01:48:50.7471910Z s..........................ssssssss.s.s......ssssss........ssssssss.s.s. [ 18%]
2026-09-10T01:48:51.0107189Z s.s.ss.s...sss.s..ss....ssss.s.s.s.s.s.s.s.s.s.s.s.ss...s.s.s........s.s [ 24%]
2026-09-10T01:48:57.2844996Z .s.s.s.s.s.s.sss................................s.s.s.s.s..ss.s.s.s.s.s. [ 31%]
2026-09-10T01:48:57.6439570Z s.s.s.s.s.s.s.s..ss.s.s.ssssssssssssssssssssssssss...................... [ 37%]
2026-09-10T01:49:08.1331348Z ........................................................................ [ 43%]
2026-09-10T01:49:11.2854423Z .......ssssss.s.s.s.s.s.s.s............................................. [ 49%]
2026-09-10T01:49:25.2563338Z ........................................................................ [ 55%]
2026-09-10T01:50:16.1060752Z ..s.s.s....s..s......................................................... [ 62%]
2026-09-10T01:50:32.7232563Z ..................s.s.s.........sssssssss.....sssss.s.ss.s.s.s....ssss.. [ 68%]
2026-09-10T01:50:51.0639494Z ss.s.......................................ssssss....................... [ 74%]
2026-09-10T01:51:13.7301510Z ......s..............................s.s.s.s.s.......................... [ 80%]
2026-09-10T01:52:32.2049236Z ............................s........ssssssss.....sssss.s.s.s.s.s.s..ss. [ 86%]
2026-09-10T01:52:48.2031231Z ......sssssss.s.s.s.s.s.s.s.s.s.s.s.s.s.s.s.s.s.s.s.s.s.s............... [ 93%]
2026-09-10T01:52:50.7464962Z ..........s...............s................s....s....s....s....s....s... [ 99%]
2026-09-10T01:52:50.9265544Z ........                                                                 [100%]
2026-09-10T01:52:50.9266326Z 888 passed, 272 skipped in 245.08s (0:04:05)
2026-09-10T01:52:51.1816815Z ##[group]Run uv build
2026-09-10T01:52:51.1817114Z [36;1muv build[0m
2026-09-10T01:52:51.1919443Z shell: C:\Program Files\PowerShell\7\pwsh.EXE -command ". '{0}'"
2026-09-10T01:52:51.1919858Z env:
2026-09-10T01:52:51.1920185Z   pythonLocation: C:\hostedtoolcache\windows\Python\3.12.10\x64
2026-09-10T01:52:51.1920724Z   PKG_CONFIG_PATH: C:\hostedtoolcache\windows\Python\3.12.10\x64/lib/pkgconfig
2026-09-10T01:52:51.1921252Z   Python_ROOT_DIR: C:\hostedtoolcache\windows\Python\3.12.10\x64
2026-09-10T01:52:51.1921763Z   Python2_ROOT_DIR: C:\hostedtoolcache\windows\Python\3.12.10\x64
2026-09-10T01:52:51.1922224Z   Python3_ROOT_DIR: C:\hostedtoolcache\windows\Python\3.12.10\x64
2026-09-10T01:52:51.1922598Z ##[endgroup]
2026-09-10T01:52:51.4737321Z Building source distribution...
2026-09-10T01:52:57.3228817Z Building wheel from source distribution...
2026-09-10T01:52:58.9489529Z Successfully built dist\zeus_harness-0.2.0.tar.gz
2026-09-10T01:52:58.9490429Z Successfully built dist\zeus_harness-0.2.0-py3-none-any.whl
2026-09-10T01:52:59.0918610Z ##[group]Run uv run harness-supervisor --help
2026-09-10T01:52:59.0919832Z [36;1muv run harness-supervisor --help[0m
2026-09-10T01:52:59.1022327Z shell: C:\Program Files\PowerShell\7\pwsh.EXE -command ". '{0}'"
2026-09-10T01:52:59.1022740Z env:
2026-09-10T01:52:59.1023288Z   pythonLocation: C:\hostedtoolcache\windows\Python\3.12.10\x64
2026-09-10T01:52:59.1023820Z   PKG_CONFIG_PATH: C:\hostedtoolcache\windows\Python\3.12.10\x64/lib/pkgconfig
2026-09-10T01:52:59.1024369Z   Python_ROOT_DIR: C:\hostedtoolcache\windows\Python\3.12.10\x64
2026-09-10T01:52:59.1024844Z   Python2_ROOT_DIR: C:\hostedtoolcache\windows\Python\3.12.10\x64
2026-09-10T01:52:59.1025304Z   Python3_ROOT_DIR: C:\hostedtoolcache\windows\Python\3.12.10\x64
2026-09-10T01:52:59.1025680Z ##[endgroup]
2026-09-10T01:52:59.8074059Z usage: harness-supervisor [-h] [--once] [--research] [--releases]
2026-09-10T01:52:59.8075172Z                           [--repository REPOSITORY]
2026-09-10T01:52:59.8075580Z 
2026-09-10T01:52:59.8075882Z options:
2026-09-10T01:52:59.8076336Z   -h, --help            show this help message and exit
2026-09-10T01:52:59.8076889Z   --once
2026-09-10T01:52:59.8077227Z   --research
2026-09-10T01:52:59.8077550Z   --releases
2026-09-10T01:52:59.8077921Z   --repository REPOSITORY
2026-09-10T01:52:59.9919744Z ##[group]Run uv run zeus --version
2026-09-10T01:52:59.9920094Z [36;1muv run zeus --version[0m
2026-09-10T01:53:00.0035282Z shell: C:\Program Files\PowerShell\7\pwsh.EXE -command ". '{0}'"
2026-09-10T01:53:00.0035823Z env:
2026-09-10T01:53:00.0036248Z   pythonLocation: C:\hostedtoolcache\windows\Python\3.12.10\x64
2026-09-10T01:53:00.0037038Z   PKG_CONFIG_PATH: C:\hostedtoolcache\windows\Python\3.12.10\x64/lib/pkgconfig
2026-09-10T01:53:00.0037806Z   Python_ROOT_DIR: C:\hostedtoolcache\windows\Python\3.12.10\x64
2026-09-10T01:53:00.0038441Z   Python2_ROOT_DIR: C:\hostedtoolcache\windows\Python\3.12.10\x64
2026-09-10T01:53:00.0039092Z   Python3_ROOT_DIR: C:\hostedtoolcache\windows\Python\3.12.10\x64
2026-09-10T01:53:00.0039611Z ##[endgroup]
2026-09-10T01:53:00.6876200Z Zeus 0.2.0
2026-09-10T01:53:00.8463772Z ##[group]Run uv run python -m zeus ticket --help
2026-09-10T01:53:00.8464611Z [36;1muv run python -m zeus ticket --help[0m
2026-09-10T01:53:00.8613848Z shell: C:\Program Files\PowerShell\7\pwsh.EXE -command ". '{0}'"
2026-09-10T01:53:00.8614199Z env:
2026-09-10T01:53:00.8614467Z   pythonLocation: C:\hostedtoolcache\windows\Python\3.12.10\x64
2026-09-10T01:53:00.8614920Z   PKG_CONFIG_PATH: C:\hostedtoolcache\windows\Python\3.12.10\x64/lib/pkgconfig
2026-09-10T01:53:00.8615377Z   Python_ROOT_DIR: C:\hostedtoolcache\windows\Python\3.12.10\x64
2026-09-10T01:53:00.8615789Z   Python2_ROOT_DIR: C:\hostedtoolcache\windows\Python\3.12.10\x64
2026-09-10T01:53:00.8616183Z   Python3_ROOT_DIR: C:\hostedtoolcache\windows\Python\3.12.10\x64
2026-09-10T01:53:00.8616493Z ##[endgroup]
2026-09-10T01:53:01.5653997Z usage: zeus ticket [-h]
2026-09-10T01:53:01.5655500Z                    {list,create,show,export,update,review,dispatch,sync,pull,evidence,prepare-close,close,reopen,review-close}
2026-09-10T01:53:01.5656704Z                    ...
2026-09-10T01:53:01.5656908Z 
2026-09-10T01:53:01.5657056Z positional arguments:
2026-09-10T01:53:01.5657883Z   {list,create,show,export,update,review,dispatch,sync,pull,evidence,prepare-close,close,reopen,review-close}
2026-09-10T01:53:01.5658585Z 
2026-09-10T01:53:01.5658669Z options:
2026-09-10T01:53:01.5658954Z   -h, --help            show this help message and exit
2026-09-10T01:53:01.7260815Z ##[group]Run uv run zeus-monitor --help
2026-09-10T01:53:01.7261308Z [36;1muv run zeus-monitor --help[0m
2026-09-10T01:53:01.7364924Z shell: C:\Program Files\PowerShell\7\pwsh.EXE -command ". '{0}'"
2026-09-10T01:53:01.7365339Z env:
2026-09-10T01:53:01.7365671Z   pythonLocation: C:\hostedtoolcache\windows\Python\3.12.10\x64
2026-09-10T01:53:01.7366214Z   PKG_CONFIG_PATH: C:\hostedtoolcache\windows\Python\3.12.10\x64/lib/pkgconfig
2026-09-10T01:53:01.7366756Z   Python_ROOT_DIR: C:\hostedtoolcache\windows\Python\3.12.10\x64
2026-09-10T01:53:01.7367427Z   Python2_ROOT_DIR: C:\hostedtoolcache\windows\Python\3.12.10\x64
2026-09-10T01:53:01.7367898Z   Python3_ROOT_DIR: C:\hostedtoolcache\windows\Python\3.12.10\x64
2026-09-10T01:53:01.7368262Z ##[endgroup]
2026-09-10T01:53:02.2050741Z usage: zeus-monitor [-h] [--once] [--repository REPOSITORY] [--port PORT]
2026-09-10T01:53:02.2051288Z                     {collect,web}
2026-09-10T01:53:02.2051501Z 
2026-09-10T01:53:02.2051670Z positional arguments:
2026-09-10T01:53:02.2051934Z   {collect,web}
2026-09-10T01:53:02.2052073Z 
2026-09-10T01:53:02.2052171Z options:
2026-09-10T01:53:02.2052453Z   -h, --help            show this help message and exit
2026-09-10T01:53:02.2052823Z   --once
2026-09-10T01:53:02.2053054Z   --repository REPOSITORY
2026-09-10T01:53:02.2053329Z   --port PORT
2026-09-10T01:53:02.3508386Z Node 20 is being deprecated. This workflow is running with Node 24 by default. If you need to temporarily use Node 20, you can set the ACTIONS_ALLOW_USE_UNSECURE_NODE_VERSION=true environment variable. For more information see: https://github.blog/changelog/2025-09-19-deprecation-of-node-20-on-github-actions-runners/
2026-09-10T01:53:02.3509766Z Post job cleanup.
2026-09-10T01:53:02.5087228Z (node:9864) [DEP0040] DeprecationWarning: The `punycode` module is deprecated. Please use a userland alternative instead.
2026-09-10T01:53:02.5089163Z (Use `node --trace-deprecation ...` to show where the warning was created)
2026-09-10T01:53:02.5599122Z Node 20 is being deprecated. This workflow is running with Node 24 by default. If you need to temporarily use Node 20, you can set the ACTIONS_ALLOW_USE_UNSECURE_NODE_VERSION=true environment variable. For more information see: https://github.blog/changelog/2025-09-19-deprecation-of-node-20-on-github-actions-runners/
2026-09-10T01:53:02.5600716Z Post job cleanup.
2026-09-10T01:53:02.7717353Z [command]"C:\Program Files\Git\bin\git.exe" version
2026-09-10T01:53:02.7989993Z git version 2.55.0.windows.5
2026-09-10T01:53:02.8050504Z Temporarily overriding HOME='D:\a\_temp\78638cde-64e4-498b-a786-1112eb6a0700' before making global git config changes
2026-09-10T01:53:02.8051368Z Adding repository directory to the temporary git global config as a safe directory
2026-09-10T01:53:02.8063637Z [command]"C:\Program Files\Git\bin\git.exe" config --global --add safe.directory D:\a\zeus\zeus
2026-09-10T01:53:02.8362571Z [command]"C:\Program Files\Git\bin\git.exe" config --local --name-only --get-regexp core\.sshCommand
2026-09-10T01:53:02.8652427Z [command]"C:\Program Files\Git\bin\git.exe" submodule foreach --recursive "sh -c \"git config --local --name-only --get-regexp 'core\.sshCommand' && git config --local --unset-all 'core.sshCommand' || :\""
2026-09-10T01:53:03.4298247Z [command]"C:\Program Files\Git\bin\git.exe" config --local --name-only --get-regexp http\.https\:\/\/github\.com\/\.extraheader
2026-09-10T01:53:03.4558816Z http.https://github.com/.extraheader
2026-09-10T01:53:03.4600063Z [command]"C:\Program Files\Git\bin\git.exe" config --local --unset-all http.https://github.com/.extraheader
2026-09-10T01:53:03.4889269Z [command]"C:\Program Files\Git\bin\git.exe" submodule foreach --recursive "sh -c \"git config --local --name-only --get-regexp 'http\.https\:\/\/github\.com\/\.extraheader' && git config --local --unset-all 'http.https://github.com/.extraheader' || :\""
2026-09-10T01:53:04.0044019Z [command]"C:\Program Files\Git\bin\git.exe" config --local --name-only --get-regexp ^includeIf\.gitdir:
2026-09-10T01:53:04.0342219Z [command]"C:\Program Files\Git\bin\git.exe" submodule foreach --recursive "git config --local --show-origin --name-only --get-regexp remote.origin.url"
2026-09-10T01:53:04.5784096Z Cleaning up orphan processes
2026-09-10T01:53:04.5820067Z ##[warning]Node.js 20 is deprecated. The following actions target Node.js 20 but are being forced to run on Node.js 24: actions/checkout@v4, actions/setup-python@v5. For more information see: https://github.blog/changelog/2025-09-19-deprecation-of-node-20-on-github-actions-runners/
