........................................................................ [  3%]
........................................................................ [  7%]
........................................................................ [ 11%]
........................................................................ [ 15%]
........................................................................ [ 19%]
........................................................................ [ 23%]
...........................................................s............ [ 27%]
........................................................................ [ 31%]
........................................................................ [ 35%]
.....................sssss.............................................. [ 39%]
........................................................................ [ 43%]
........................................................................ [ 47%]
........................................................................ [ 51%]
........................................................................ [ 55%]
.....................................................................sss [ 58%]
.s.s.s...........................s...................................... [ 62%]
........................................................................ [ 66%]
........................................................................ [ 70%]
........................................................................ [ 74%]
........................................................................ [ 78%]
........................................................................ [ 82%]
........................................................................ [ 86%]
........................................................................ [ 90%]
........................................................................ [ 94%]
......................s............................................s.... [ 98%]
s....s....s....s....s...........                                         [100%]
1812 passed, 20 skipped in 714.62s (0:11:54)
