........................................................................ [  3%]
........................................................................ [  7%]
..............................................sss....................... [ 11%]
........................................................................ [ 15%]
........................................................................ [ 19%]
........................................................................ [ 23%]
...........................................................s............ [ 27%]
........................................................................ [ 31%]
........................................................................ [ 35%]
.....................sssss.............................................. [ 39%]
........................................................................ [ 43%]
........................................................................ [ 47%]
........................................................................ [ 51%]
........................................................................ [ 55%]
.....................................................................sss [ 58%]
.s.s.s.................................................................s [ 62%]
ss...................................................................... [ 66%]
........................................................................ [ 70%]
........................................................................ [ 74%]
......................................s................................. [ 78%]
........................................................................ [ 82%]
........................................................................ [ 86%]
........................................................................ [ 90%]
........................................................................ [ 94%]
......................s............................s.................... [ 98%]
................................                                         [100%]
1811 passed, 21 skipped in 355.49s (0:05:55)
