........................................................................ [  4%]
........................................................................ [  8%]
..............................................sss....................... [ 12%]
........................................................................ [ 16%]
........................................................................ [ 20%]
........................................................................ [ 24%]
...........................................................s............ [ 28%]
........................................................................ [ 32%]
........................................................................ [ 36%]
.....................sssss.............................................. [ 40%]
........................................................................ [ 44%]
........................................................................ [ 48%]
........................................................................ [ 53%]
........................................................................ [ 57%]
........................................................................ [ 61%]
........................................................................ [ 65%]
........................................................................ [ 69%]
........................................................................ [ 73%]
......................................................s................. [ 77%]
........................................................................ [ 81%]
........................................................................ [ 85%]
........................................................................ [ 89%]
........................................................................ [ 93%]
......................................s.................s............... [ 97%]
.....................................                                    [100%]
1753 passed, 12 skipped in 308.62s (0:05:08)
