........................................................................ [  4%]
........................................................................ [  8%]
..............................................sss....................... [ 12%]
........................................................................ [ 16%]
........................................................................ [ 20%]
........................................................................ [ 24%]
...........................................................s............ [ 28%]
........................................................................ [ 32%]
........................................................................ [ 36%]
.....................sssss.............................................. [ 40%]
........................................................................ [ 44%]
........................................................................ [ 48%]
........................................................................ [ 52%]
........................................................................ [ 56%]
........................................................................ [ 61%]
........................................................................ [ 65%]
........................................................................ [ 69%]
........................................................................ [ 73%]
......................................................s................. [ 77%]
........................................................................ [ 81%]
........................................................................ [ 85%]
........................................................................ [ 89%]
........................................................................ [ 93%]
......................................s......................s.......... [ 97%]
..........................................                               [100%]
1758 passed, 12 skipped in 332.97s (0:05:32)
