........................................................................ [  4%]
........................................................................ [  9%]
........................................................................ [ 13%]
........................................................................ [ 18%]
........................................................................ [ 22%]
.....s.................................................................. [ 27%]
........................................................................ [ 31%]
.......................................sssss............................ [ 36%]
........................................................................ [ 40%]
........................................................................ [ 45%]
........................................................................ [ 49%]
........................................................................ [ 54%]
........................................................................ [ 58%]
...........s............................................................ [ 63%]
........................................................................ [ 68%]
........................................................................ [ 72%]
........................................................................ [ 77%]
........................................................................ [ 81%]
........................................................................ [ 86%]
........................................................................ [ 90%]
........................................................................ [ 95%]
....................s.................s....s....s....s....s....s........ [ 99%]
...                                                                      [100%]
1573 passed, 14 skipped in 477.16s (0:07:57)
