........................................................................ [  4%]
........................................................................ [  9%]
........................................................................ [ 13%]
........................................................................ [ 18%]
........................................................................ [ 22%]
.....s.................................................................. [ 27%]
........................................................................ [ 31%]
.......................................sssss............................ [ 36%]
........................................................................ [ 40%]
........................................................................ [ 45%]
........................................................................ [ 49%]
........................................................................ [ 54%]
........................................................................ [ 58%]
........................................................................ [ 63%]
........................................................................ [ 68%]
........................................................................ [ 72%]
........................................................................ [ 77%]
........................................................................ [ 81%]
........................................................................ [ 86%]
........................................................................ [ 90%]
........................................................................ [ 95%]
....................s.s................................................. [ 99%]
...                                                                      [100%]
1579 passed, 8 skipped in 153.24s (0:02:33)
