Using CPython 3.14.4 interpreter at: /usr/bin/python3
Creating virtual environment at: /tmp/zeus-ticket-wsl-oew_wkl9/venv
   Building zeus-harness @ file:///tmp/zeus-ticket-wsl-oew_wkl9/repo
Downloading hf-xet (4.3MiB)
Downloading ruff (9.8MiB)
Downloading pygments (1.2MiB)
Downloading psycopg-binary (5.0MiB)
Downloading onnxruntime (22.1MiB)
Downloading tokenizers (3.2MiB)
Downloading pillow (6.6MiB)
Downloading numpy (15.9MiB)
      Built zeus-harness @ file:///tmp/zeus-ticket-wsl-oew_wkl9/repo
 Downloaded pygments
 Downloaded tokenizers
 Downloaded hf-xet
 Downloaded psycopg-binary
 Downloaded pillow
 Downloaded ruff
 Downloaded numpy
 Downloaded onnxruntime
Prepared 55 packages in 7.94s
Installed 55 packages in 15ms
 + anyio==4.15.1
 + arrow==1.4.0
 + attrs==26.1.0
 + certifi==2026.7.22
 + charset-normalizer==3.5.1
 + click==8.5.0
 + fastembed==0.8.0
 + filelock==3.32.5
 + flatbuffers==25.12.19
 + fqdn==1.5.1
 + fsspec==2026.7.0
 + h11==0.16.0
 + hf-xet==1.6.0
 + httpcore==1.0.9
 + httpx==0.28.1
 + huggingface-hub==1.30.0
 + idna==3.19
 + iniconfig==2.3.0
 + isoduration==20.11.0
 + jsonpointer==3.1.1
 + jsonschema==4.26.0
 + jsonschema-specifications==2025.9.1
 + loguru==0.7.3
 + mmh3==5.3.0
 + numpy==2.5.3
 + onnxruntime==1.29.0
 + packaging==26.3
 + pillow==12.3.0
 + pluggy==1.6.0
 + protobuf==7.36.1
 + psycopg==3.3.5
 + psycopg-binary==3.3.5
 + py-rust-stemmers==0.1.8
 + pygments==2.21.0
 + pytest==9.1.1
 + python-dateutil==2.9.0.post0
 + pyyaml==6.0.3
 + redis==6.4.0
 + referencing==0.37.0
 + requests==2.34.2
 + rfc3339-validator==0.1.4
 + rfc3987==1.3.8
 + rpds-py==2026.6.3
 + ruff==0.16.6
 + six==1.17.0
 + tokenizers==0.23.2
 + tqdm==4.70.0
 + tree-sitter==0.25.2
 + tree-sitter-python==0.25.0
 + typing-extensions==4.16.0
 + tzdata==2026.3
 + uri-template==1.3.0
 + urllib3==2.7.0
 + webcolors==25.10.0
 + zeus-harness==0.2.0 (from file:///tmp/zeus-ticket-wsl-oew_wkl9/repo)
