........................................................................ [  3%]
........................................................................ [  7%]
........................................................................ [ 11%]
........................................................................ [ 15%]
........................................................................ [ 19%]
........................................................................ [ 23%]
...........................................................s............ [ 27%]
........................................................................ [ 31%]
........................................................................ [ 35%]
.....................sssss.............................................. [ 39%]
........................................................................ [ 43%]
........................................................................ [ 47%]
........................................................................ [ 51%]
........................................................................ [ 55%]
........................................................................ [ 59%]
.......................s................................................ [ 63%]
........................................................................ [ 67%]
........................................................................ [ 71%]
........................................................................ [ 75%]
........................................................................ [ 79%]
........................................................................ [ 83%]
........................................................................ [ 87%]
........................................................................ [ 91%]
....................................................................s... [ 95%]
.........................................s....s....s....s....s....s..... [ 99%]
......                                                                   [100%]
1792 passed, 14 skipped in 692.26s (0:11:32)
