........................................................................ [  4%]
........................................................................ [  8%]
..............................................sss....................... [ 12%]
........................................................................ [ 16%]
........................................................................ [ 20%]
........................................................................ [ 24%]
...........................................................s............ [ 28%]
........................................................................ [ 33%]
........................................................................ [ 37%]
.....................sssss.............................................. [ 41%]
........................................................................ [ 45%]
........................................................................ [ 49%]
........................................................................ [ 53%]
........................................................................ [ 57%]
........................................................................ [ 62%]
........................................................................ [ 66%]
........................................................................ [ 70%]
........................................................................ [ 74%]
...........................................s............................ [ 78%]
........................................................................ [ 82%]
........................................................................ [ 86%]
........................................................................ [ 91%]
........................................................................ [ 95%]
...........................s.s.......................................... [ 99%]
..........                                                               [100%]
1726 passed, 12 skipped in 228.84s (0:03:48)
