2026-09-10T02:27:36.3616842Z Current runner version: '2.337.0'
2026-09-10T02:27:36.3642609Z ##[group]Runner Image Provisioner
2026-09-10T02:27:36.3643492Z Hosted Compute Agent
2026-09-10T02:27:36.3644101Z Version: 20260828.587
2026-09-10T02:27:36.3644944Z Commit: abac92662cab4cc7352de4f9f9d2e2419aad9c29
2026-09-10T02:27:36.3645697Z Build Date: 2026-08-28T16:44:25Z
2026-09-10T02:27:36.3646494Z Worker ID: {ae290a4d-9644-41bc-ae62-91564e6a4bf6}
2026-09-10T02:27:36.3647256Z Azure Region: northcentralus
2026-09-10T02:27:36.3647883Z ##[endgroup]
2026-09-10T02:27:36.3649372Z ##[group]Operating System
2026-09-10T02:27:36.3650026Z Ubuntu
2026-09-10T02:27:36.3650636Z 24.04.4
2026-09-10T02:27:36.3651278Z LTS
2026-09-10T02:27:36.3651978Z ##[endgroup]
2026-09-10T02:27:36.3652664Z ##[group]Runner Image
2026-09-10T02:27:36.3653295Z Image: ubuntu-24.04
2026-09-10T02:27:36.3653962Z Version: 20260831.293.1
2026-09-10T02:27:36.3655341Z Included Software: https://github.com/actions/runner-images/blob/ubuntu24/20260831.293/images/ubuntu/Ubuntu2404-Readme.md
2026-09-10T02:27:36.3656991Z Image Release: https://github.com/actions/runner-images/releases/tag/ubuntu24%2F20260831.293
2026-09-10T02:27:36.3658010Z ##[endgroup]
2026-09-10T02:27:36.3659266Z ##[group]GITHUB_TOKEN Permissions
2026-09-10T02:27:36.3661511Z Contents: read
2026-09-10T02:27:36.3662884Z Metadata: read
2026-09-10T02:27:36.3663499Z ##[endgroup]
2026-09-10T02:27:36.3665662Z Secret source: Actions
2026-09-10T02:27:36.3666775Z Cache mode: write
2026-09-10T02:27:36.3667675Z Prepare workflow directory
2026-09-10T02:27:36.4105256Z Prepare all required actions
2026-09-10T02:27:36.4172036Z Getting action download info
2026-09-10T02:27:36.6508836Z Download action repository 'actions/checkout@v4' (SHA:11d5960a326750d5838078e36cf38b85af677262)
2026-09-10T02:27:36.7584069Z Download action repository 'actions/setup-python@v5' (SHA:a26af69be951a213d495a4c3e4e4022e16d87065)
2026-09-10T02:27:36.9433252Z Complete job name: integration
2026-09-10T02:27:37.0193167Z Node 20 is being deprecated. This workflow is running with Node 24 by default. If you need to temporarily use Node 20, you can set the ACTIONS_ALLOW_USE_UNSECURE_NODE_VERSION=true environment variable. For more information see: https://github.blog/changelog/2025-09-19-deprecation-of-node-20-on-github-actions-runners/
2026-09-10T02:27:37.0202204Z ##[group]Run actions/checkout@v4
2026-09-10T02:27:37.0202928Z with:
2026-09-10T02:27:37.0203362Z   fetch-depth: 0
2026-09-10T02:27:37.0203821Z   repository: trevi00/zeus
2026-09-10T02:27:37.0207672Z   token: ***
2026-09-10T02:27:37.0208116Z   ssh-strict: true
2026-09-10T02:27:37.0208559Z   ssh-user: git
2026-09-10T02:27:37.0209012Z   persist-credentials: true
2026-09-10T02:27:37.0209506Z   clean: true
2026-09-10T02:27:37.0209952Z   sparse-checkout-cone-mode: true
2026-09-10T02:27:37.0210473Z   fetch-tags: false
2026-09-10T02:27:37.0210917Z   show-progress: true
2026-09-10T02:27:37.0211364Z   lfs: false
2026-09-10T02:27:37.0211955Z   submodules: false
2026-09-10T02:27:37.0212418Z   set-safe-directory: true
2026-09-10T02:27:37.0212930Z   allow-unsafe-pr-checkout: false
2026-09-10T02:27:37.0213669Z ##[endgroup]
2026-09-10T02:27:37.1270909Z Syncing repository: trevi00/zeus
2026-09-10T02:27:37.1273418Z ##[group]Getting Git version info
2026-09-10T02:27:37.1274114Z Working directory is '/home/runner/work/zeus/zeus'
2026-09-10T02:27:37.1275386Z [command]/usr/bin/git version
2026-09-10T02:27:37.1335235Z git version 2.55.0
2026-09-10T02:27:37.1357225Z ##[endgroup]
2026-09-10T02:27:37.1382239Z Temporarily overriding HOME='/home/runner/work/_temp/b4f2310d-4048-4ee3-ad9b-5ff2718fe0a8' before making global git config changes
2026-09-10T02:27:37.1384428Z Adding repository directory to the temporary git global config as a safe directory
2026-09-10T02:27:37.1389545Z [command]/usr/bin/git config --global --add safe.directory /home/runner/work/zeus/zeus
2026-09-10T02:27:37.1444461Z Deleting the contents of '/home/runner/work/zeus/zeus'
2026-09-10T02:27:37.1449976Z ##[group]Initializing the repository
2026-09-10T02:27:37.1454851Z [command]/usr/bin/git init /home/runner/work/zeus/zeus
2026-09-10T02:27:37.1563532Z hint: Using 'master' as the name for the initial branch. This default branch name
2026-09-10T02:27:37.1565189Z hint: will change to "main" in Git 3.0. To configure the initial branch name
2026-09-10T02:27:37.1566648Z hint: to use in all of your new repositories, which will suppress this warning,
2026-09-10T02:27:37.1567793Z hint: call:
2026-09-10T02:27:37.1568439Z hint:
2026-09-10T02:27:37.1569248Z hint: 	git config --global init.defaultBranch <name>
2026-09-10T02:27:37.1570219Z hint:
2026-09-10T02:27:37.1571103Z hint: Names commonly chosen instead of 'master' are 'main', 'trunk' and
2026-09-10T02:27:37.1572972Z hint: 'development'. The just-created branch can be renamed via this command:
2026-09-10T02:27:37.1574189Z hint:
2026-09-10T02:27:37.1574844Z hint: 	git branch -m <name>
2026-09-10T02:27:37.1575604Z hint:
2026-09-10T02:27:37.1576561Z hint: Disable this message with "git config set advice.defaultBranchName false"
2026-09-10T02:27:37.1578046Z Initialized empty Git repository in /home/runner/work/zeus/zeus/.git/
2026-09-10T02:27:37.1580520Z [command]/usr/bin/git remote add origin https://github.com/trevi00/zeus
2026-09-10T02:27:37.1623421Z ##[endgroup]
2026-09-10T02:27:37.1624646Z ##[group]Disabling automatic garbage collection
2026-09-10T02:27:37.1627199Z [command]/usr/bin/git config --local gc.auto 0
2026-09-10T02:27:37.1660696Z ##[endgroup]
2026-09-10T02:27:37.1662450Z ##[group]Setting up auth
2026-09-10T02:27:37.1669078Z [command]/usr/bin/git config --local --name-only --get-regexp core\.sshCommand
2026-09-10T02:27:37.1705728Z [command]/usr/bin/git submodule foreach --recursive sh -c "git config --local --name-only --get-regexp 'core\.sshCommand' && git config --local --unset-all 'core.sshCommand' || :"
2026-09-10T02:27:37.2093297Z [command]/usr/bin/git config --local --name-only --get-regexp http\.https\:\/\/github\.com\/\.extraheader
2026-09-10T02:27:37.2134808Z [command]/usr/bin/git submodule foreach --recursive sh -c "git config --local --name-only --get-regexp 'http\.https\:\/\/github\.com\/\.extraheader' && git config --local --unset-all 'http.https://github.com/.extraheader' || :"
2026-09-10T02:27:37.2385252Z [command]/usr/bin/git config --local --name-only --get-regexp ^includeIf\.gitdir:
2026-09-10T02:27:37.2421686Z [command]/usr/bin/git submodule foreach --recursive git config --local --show-origin --name-only --get-regexp remote.origin.url
2026-09-10T02:27:37.2661962Z [command]/usr/bin/git config --local http.https://github.com/.extraheader AUTHORIZATION: basic ***
2026-09-10T02:27:37.2702240Z ##[endgroup]
2026-09-10T02:27:37.2703154Z ##[group]Fetching the repository
2026-09-10T02:27:37.2712671Z [command]/usr/bin/git -c protocol.version=2 fetch --prune --no-recurse-submodules origin +refs/heads/*:refs/remotes/origin/* +refs/tags/*:refs/tags/*
2026-09-10T02:27:38.3071146Z From https://github.com/trevi00/zeus
2026-09-10T02:27:38.3073025Z  * [new branch]      main       -> origin/main
2026-09-10T02:27:38.3085195Z [command]/usr/bin/git branch --list --remote origin/main
2026-09-10T02:27:38.3117067Z   origin/main
2026-09-10T02:27:38.3126428Z [command]/usr/bin/git rev-parse refs/remotes/origin/main
2026-09-10T02:27:38.3155504Z 2b890f9fafa86fe20ae9ff03819444272eaaa6e6
2026-09-10T02:27:38.3160779Z ##[endgroup]
2026-09-10T02:27:38.3162409Z ##[group]Determining the checkout info
2026-09-10T02:27:38.3164003Z ##[endgroup]
2026-09-10T02:27:38.3166689Z [command]/usr/bin/git sparse-checkout disable
2026-09-10T02:27:38.3233407Z [command]/usr/bin/git config --local --unset-all extensions.worktreeConfig
2026-09-10T02:27:38.3270991Z ##[group]Checking out the ref
2026-09-10T02:27:38.3272700Z [command]/usr/bin/git checkout --progress --force -B main refs/remotes/origin/main
2026-09-10T02:27:38.5729074Z Switched to a new branch 'main'
2026-09-10T02:27:38.5730728Z branch 'main' set up to track 'origin/main'.
2026-09-10T02:27:38.5746523Z ##[endgroup]
2026-09-10T02:27:38.5796648Z [command]/usr/bin/git log -1 --format=%H
2026-09-10T02:27:38.5826824Z 2b890f9fafa86fe20ae9ff03819444272eaaa6e6
2026-09-10T02:27:38.6139791Z Node 20 is being deprecated. This workflow is running with Node 24 by default. If you need to temporarily use Node 20, you can set the ACTIONS_ALLOW_USE_UNSECURE_NODE_VERSION=true environment variable. For more information see: https://github.blog/changelog/2025-09-19-deprecation-of-node-20-on-github-actions-runners/
2026-09-10T02:27:38.6143970Z ##[group]Run actions/setup-python@v5
2026-09-10T02:27:38.6144633Z with:
2026-09-10T02:27:38.6145076Z   python-version: 3.13
2026-09-10T02:27:38.6145627Z   check-latest: false
2026-09-10T02:27:38.6152743Z   token: ***
2026-09-10T02:27:38.6153235Z   update-environment: true
2026-09-10T02:27:38.6153858Z   allow-prereleases: false
2026-09-10T02:27:38.6154451Z   freethreaded: false
2026-09-10T02:27:38.6154955Z ##[endgroup]
2026-09-10T02:27:38.7460610Z ##[group]Installed versions
2026-09-10T02:27:38.7569418Z (node:2309) [DEP0040] DeprecationWarning: The `punycode` module is deprecated. Please use a userland alternative instead.
2026-09-10T02:27:38.7572558Z (Use `node --trace-deprecation ...` to show where the warning was created)
2026-09-10T02:27:38.7574148Z Successfully set up CPython (3.13.15)
2026-09-10T02:27:38.7575636Z ##[endgroup]
2026-09-10T02:27:38.7860553Z ##[group]Run python -m pip install uv==0.12.2
2026-09-10T02:27:38.7862095Z [36;1mpython -m pip install uv==0.12.2[0m
2026-09-10T02:27:38.8009675Z shell: /usr/bin/bash -e {0}
2026-09-10T02:27:38.8010351Z env:
2026-09-10T02:27:38.8010975Z   pythonLocation: /opt/hostedtoolcache/Python/3.13.15/x64
2026-09-10T02:27:38.8012401Z   PKG_CONFIG_PATH: /opt/hostedtoolcache/Python/3.13.15/x64/lib/pkgconfig
2026-09-10T02:27:38.8013532Z   Python_ROOT_DIR: /opt/hostedtoolcache/Python/3.13.15/x64
2026-09-10T02:27:38.8014518Z   Python2_ROOT_DIR: /opt/hostedtoolcache/Python/3.13.15/x64
2026-09-10T02:27:38.8015495Z   Python3_ROOT_DIR: /opt/hostedtoolcache/Python/3.13.15/x64
2026-09-10T02:27:38.8016491Z   LD_LIBRARY_PATH: /opt/hostedtoolcache/Python/3.13.15/x64/lib
2026-09-10T02:27:38.8017357Z ##[endgroup]
2026-09-10T02:27:41.5624729Z Collecting uv==0.12.2
2026-09-10T02:27:41.6133222Z   Downloading uv-0.12.2-py3-none-manylinux_2_17_x86_64.manylinux2014_x86_64.whl.metadata (11 kB)
2026-09-10T02:27:41.6243267Z Downloading uv-0.12.2-py3-none-manylinux_2_17_x86_64.manylinux2014_x86_64.whl (22.3 MB)
2026-09-10T02:27:41.8434753Z    ━━━━━━━━━━━━━━━━━━━━━━━━━━━━━━━━━━━━━━━━ 22.3/22.3 MB 115.6 MB/s  0:00:00
2026-09-10T02:27:41.9934660Z Installing collected packages: uv
2026-09-10T02:27:42.2484724Z Successfully installed uv-0.12.2
2026-09-10T02:27:42.3053195Z ##[group]Run uv sync --frozen
2026-09-10T02:27:42.3053549Z [36;1muv sync --frozen[0m
2026-09-10T02:27:42.3095606Z shell: /usr/bin/bash -e {0}
2026-09-10T02:27:42.3095882Z env:
2026-09-10T02:27:42.3096174Z   pythonLocation: /opt/hostedtoolcache/Python/3.13.15/x64
2026-09-10T02:27:42.3096621Z   PKG_CONFIG_PATH: /opt/hostedtoolcache/Python/3.13.15/x64/lib/pkgconfig
2026-09-10T02:27:42.3097045Z   Python_ROOT_DIR: /opt/hostedtoolcache/Python/3.13.15/x64
2026-09-10T02:27:42.3097451Z   Python2_ROOT_DIR: /opt/hostedtoolcache/Python/3.13.15/x64
2026-09-10T02:27:42.3097840Z   Python3_ROOT_DIR: /opt/hostedtoolcache/Python/3.13.15/x64
2026-09-10T02:27:42.3098244Z   LD_LIBRARY_PATH: /opt/hostedtoolcache/Python/3.13.15/x64/lib
2026-09-10T02:27:42.3098574Z ##[endgroup]
2026-09-10T02:27:42.3758486Z Using CPython 3.13.15 interpreter at: /opt/hostedtoolcache/Python/3.13.15/x64/bin/python3
2026-09-10T02:27:42.3759285Z Creating virtual environment at: .venv
2026-09-10T02:27:42.3890024Z    Building zeus-harness @ file:///home/runner/work/zeus/zeus
2026-09-10T02:27:42.4707331Z Downloading psycopg-binary (5.0MiB)
2026-09-10T02:27:42.4713523Z Downloading pygments (1.2MiB)
2026-09-10T02:27:42.4721037Z Downloading tokenizers (3.2MiB)
2026-09-10T02:27:42.4724315Z Downloading hf-xet (4.3MiB)
2026-09-10T02:27:42.4725875Z Downloading numpy (15.9MiB)
2026-09-10T02:27:42.4730153Z Downloading ruff (9.8MiB)
2026-09-10T02:27:42.4749110Z Downloading onnxruntime (22.1MiB)
2026-09-10T02:27:42.4750983Z Downloading pillow (6.6MiB)
2026-09-10T02:27:42.9507882Z  Downloaded tokenizers
2026-09-10T02:27:43.0009177Z  Downloaded hf-xet
2026-09-10T02:27:43.0486418Z  Downloaded psycopg-binary
2026-09-10T02:27:43.1718340Z  Downloaded pillow
2026-09-10T02:27:43.1866239Z  Downloaded ruff
2026-09-10T02:27:43.2617282Z  Downloaded pygments
2026-09-10T02:27:43.2907072Z       Built zeus-harness @ file:///home/runner/work/zeus/zeus
2026-09-10T02:27:43.3585363Z  Downloaded onnxruntime
2026-09-10T02:27:43.5040702Z  Downloaded numpy
2026-09-10T02:27:43.5043719Z Prepared 55 packages in 1.12s
2026-09-10T02:27:43.5463066Z Installed 55 packages in 41ms
2026-09-10T02:27:43.5463758Z  + anyio==4.15.1
2026-09-10T02:27:43.5464690Z  + arrow==1.4.0
2026-09-10T02:27:43.5465023Z  + attrs==26.1.0
2026-09-10T02:27:43.5465351Z  + certifi==2026.7.22
2026-09-10T02:27:43.5465976Z  + charset-normalizer==3.5.1
2026-09-10T02:27:43.5466447Z  + click==8.5.0
2026-09-10T02:27:43.5466696Z  + fastembed==0.8.0
2026-09-10T02:27:43.5467004Z  + filelock==3.32.5
2026-09-10T02:27:43.5467219Z  + flatbuffers==25.12.19
2026-09-10T02:27:43.5467509Z  + fqdn==1.5.1
2026-09-10T02:27:43.5467745Z  + fsspec==2026.7.0
2026-09-10T02:27:43.5468021Z  + h11==0.16.0
2026-09-10T02:27:43.5468246Z  + hf-xet==1.6.0
2026-09-10T02:27:43.5468468Z  + httpcore==1.0.9
2026-09-10T02:27:43.5468738Z  + httpx==0.28.1
2026-09-10T02:27:43.5468964Z  + huggingface-hub==1.30.0
2026-09-10T02:27:43.5469244Z  + idna==3.19
2026-09-10T02:27:43.5469472Z  + iniconfig==2.3.0
2026-09-10T02:27:43.5469725Z  + isoduration==20.11.0
2026-09-10T02:27:43.5469978Z  + jsonpointer==3.1.1
2026-09-10T02:27:43.5470440Z  + jsonschema==4.26.0
2026-09-10T02:27:43.5470972Z  + jsonschema-specifications==2025.9.1
2026-09-10T02:27:43.5471513Z  + loguru==0.7.3
2026-09-10T02:27:43.5472002Z  + mmh3==5.3.0
2026-09-10T02:27:43.5472354Z  + numpy==2.5.3
2026-09-10T02:27:43.5472881Z  + onnxruntime==1.29.0
2026-09-10T02:27:43.5473316Z  + packaging==26.3
2026-09-10T02:27:43.5473795Z  + pillow==12.3.0
2026-09-10T02:27:43.5474295Z  + pluggy==1.6.0
2026-09-10T02:27:43.5474776Z  + protobuf==7.36.1
2026-09-10T02:27:43.5475301Z  + psycopg==3.3.5
2026-09-10T02:27:43.5475796Z  + psycopg-binary==3.3.5
2026-09-10T02:27:43.5476250Z  + py-rust-stemmers==0.1.8
2026-09-10T02:27:43.5476775Z  + pygments==2.21.0
2026-09-10T02:27:43.5477247Z  + pytest==9.1.1
2026-09-10T02:27:43.5477858Z  + python-dateutil==2.9.0.post0
2026-09-10T02:27:43.5478306Z  + pyyaml==6.0.3
2026-09-10T02:27:43.5478838Z  + redis==6.4.0
2026-09-10T02:27:43.5479329Z  + referencing==0.37.0
2026-09-10T02:27:43.5480126Z  + requests==2.34.2
2026-09-10T02:27:43.5480457Z  + rfc3339-validator==0.1.4
2026-09-10T02:27:43.5480806Z  + rfc3987==1.3.8
2026-09-10T02:27:43.5481309Z  + rpds-py==2026.6.3
2026-09-10T02:27:43.5481922Z  + ruff==0.16.6
2026-09-10T02:27:43.5482437Z  + six==1.17.0
2026-09-10T02:27:43.5482989Z  + tokenizers==0.23.2
2026-09-10T02:27:43.5483473Z  + tqdm==4.70.0
2026-09-10T02:27:43.5483950Z  + tree-sitter==0.25.2
2026-09-10T02:27:43.5484428Z  + tree-sitter-python==0.25.0
2026-09-10T02:27:43.5484969Z  + typing-extensions==4.16.0
2026-09-10T02:27:43.5485395Z  + tzdata==2026.3
2026-09-10T02:27:43.5485880Z  + uri-template==1.3.0
2026-09-10T02:27:43.5486394Z  + urllib3==2.7.0
2026-09-10T02:27:43.5486871Z  + webcolors==25.10.0
2026-09-10T02:27:43.5487823Z  + zeus-harness==0.2.0 (from file:///home/runner/work/zeus/zeus)
2026-09-10T02:27:43.5617514Z ##[group]Run uv run harness setup
2026-09-10T02:27:43.5617834Z [36;1muv run harness setup[0m
2026-09-10T02:27:43.5657940Z shell: /usr/bin/bash -e {0}
2026-09-10T02:27:43.5658201Z env:
2026-09-10T02:27:43.5658471Z   pythonLocation: /opt/hostedtoolcache/Python/3.13.15/x64
2026-09-10T02:27:43.5658908Z   PKG_CONFIG_PATH: /opt/hostedtoolcache/Python/3.13.15/x64/lib/pkgconfig
2026-09-10T02:27:43.5659389Z   Python_ROOT_DIR: /opt/hostedtoolcache/Python/3.13.15/x64
2026-09-10T02:27:43.5659812Z   Python2_ROOT_DIR: /opt/hostedtoolcache/Python/3.13.15/x64
2026-09-10T02:27:43.5660188Z   Python3_ROOT_DIR: /opt/hostedtoolcache/Python/3.13.15/x64
2026-09-10T02:27:43.5660743Z   LD_LIBRARY_PATH: /opt/hostedtoolcache/Python/3.13.15/x64/lib
2026-09-10T02:27:43.5661065Z ##[endgroup]
2026-09-10T02:27:44.8723045Z {
2026-09-10T02:27:44.8723508Z   "repository": "/home/runner/work/zeus/zeus",
2026-09-10T02:27:44.8723958Z   "env_created": true
2026-09-10T02:27:44.8724252Z }
2026-09-10T02:27:44.9225264Z ##[group]Run docker compose -p harness-ci up -d --wait postgres redis
2026-09-10T02:27:44.9225825Z [36;1mdocker compose -p harness-ci up -d --wait postgres redis[0m
2026-09-10T02:27:44.9266023Z shell: /usr/bin/bash -e {0}
2026-09-10T02:27:44.9266276Z env:
2026-09-10T02:27:44.9266557Z   pythonLocation: /opt/hostedtoolcache/Python/3.13.15/x64
2026-09-10T02:27:44.9266996Z   PKG_CONFIG_PATH: /opt/hostedtoolcache/Python/3.13.15/x64/lib/pkgconfig
2026-09-10T02:27:44.9267415Z   Python_ROOT_DIR: /opt/hostedtoolcache/Python/3.13.15/x64
2026-09-10T02:27:44.9267786Z   Python2_ROOT_DIR: /opt/hostedtoolcache/Python/3.13.15/x64
2026-09-10T02:27:44.9268152Z   Python3_ROOT_DIR: /opt/hostedtoolcache/Python/3.13.15/x64
2026-09-10T02:27:44.9268542Z   LD_LIBRARY_PATH: /opt/hostedtoolcache/Python/3.13.15/x64/lib
2026-09-10T02:27:44.9268860Z ##[endgroup]
2026-09-10T02:27:45.2055195Z  redis Pulling 
2026-09-10T02:27:45.2055632Z  postgres Pulling 
2026-09-10T02:27:45.7115651Z  897d797d2723 Pulling fs layer 
2026-09-10T02:27:45.7119839Z  d85eda7b0b14 Pulling fs layer 
2026-09-10T02:27:45.7120335Z  9516b0cd89c9 Pulling fs layer 
2026-09-10T02:27:45.7120774Z  de4b872bfdc3 Pulling fs layer 
2026-09-10T02:27:45.7121202Z  2c96e5a02ba0 Pulling fs layer 
2026-09-10T02:27:45.7121499Z  4f4fb700ef54 Pulling fs layer 
2026-09-10T02:27:45.7122028Z  41caa0265cb5 Pulling fs layer 
2026-09-10T02:27:45.7122306Z  2c96e5a02ba0 Waiting 
2026-09-10T02:27:45.7122562Z  4f4fb700ef54 Waiting 
2026-09-10T02:27:45.7122899Z  41caa0265cb5 Waiting 
2026-09-10T02:27:45.7123131Z  de4b872bfdc3 Waiting 
2026-09-10T02:27:45.7369149Z  039e6f9f9752 Pulling fs layer 
2026-09-10T02:27:45.7370751Z  9524156efd7a Pulling fs layer 
2026-09-10T02:27:45.7371482Z  d7b627e06eac Pulling fs layer 
2026-09-10T02:27:45.7372037Z  f495088ca134 Pulling fs layer 
2026-09-10T02:27:45.7372399Z  1e12f8d900eb Pulling fs layer 
2026-09-10T02:27:45.7372777Z  740ea3feff0f Pulling fs layer 
2026-09-10T02:27:45.7373171Z  039e6f9f9752 Waiting 
2026-09-10T02:27:45.7373543Z  5ac7c444edb0 Pulling fs layer 
2026-09-10T02:27:45.7373794Z  11ec1b6ae2a0 Pulling fs layer 
2026-09-10T02:27:45.7374025Z  ef21471f3a2b Pulling fs layer 
2026-09-10T02:27:45.7374292Z  9524156efd7a Waiting 
2026-09-10T02:27:45.7374633Z  62ca04624b47 Pulling fs layer 
2026-09-10T02:27:45.7374993Z  d7b627e06eac Waiting 
2026-09-10T02:27:45.7375303Z  44438d8012af Pulling fs layer 
2026-09-10T02:27:45.7375666Z  f67c9bdd808a Pulling fs layer 
2026-09-10T02:27:45.7375894Z  f495088ca134 Waiting 
2026-09-10T02:27:45.7376118Z  3d4e001e01a2 Pulling fs layer 
2026-09-10T02:27:45.7376456Z  1e12f8d900eb Waiting 
2026-09-10T02:27:45.7376752Z  8cb2f3b54f01 Pulling fs layer 
2026-09-10T02:27:45.7377180Z  9ef6b0a1be9e Pulling fs layer 
2026-09-10T02:27:45.7377555Z  b70609756d71 Pulling fs layer 
2026-09-10T02:27:45.7377967Z  740ea3feff0f Waiting 
2026-09-10T02:27:45.7378260Z  5ac7c444edb0 Waiting 
2026-09-10T02:27:45.7378533Z  11ec1b6ae2a0 Waiting 
2026-09-10T02:27:45.7378782Z  ef21471f3a2b Waiting 
2026-09-10T02:27:45.7379054Z  3d4e001e01a2 Waiting 
2026-09-10T02:27:45.7379257Z  62ca04624b47 Waiting 
2026-09-10T02:27:45.7379468Z  8cb2f3b54f01 Waiting 
2026-09-10T02:27:45.7379699Z  44438d8012af Waiting 
2026-09-10T02:27:45.7379904Z  9ef6b0a1be9e Waiting 
2026-09-10T02:27:45.7380107Z  f67c9bdd808a Waiting 
2026-09-10T02:27:45.7380308Z  b70609756d71 Waiting 
2026-09-10T02:27:45.8313137Z  9516b0cd89c9 Downloading [>                                                  ]  3.487kB/194.3kB
2026-09-10T02:27:45.8390797Z  d85eda7b0b14 Downloading [==================================================>]     952B/952B
2026-09-10T02:27:45.8391441Z  d85eda7b0b14 Verifying Checksum 
2026-09-10T02:27:45.8392144Z  d85eda7b0b14 Download complete 
2026-09-10T02:27:45.8427048Z  897d797d2723 Downloading [>                                                  ]  48.54kB/3.647MB
2026-09-10T02:27:45.8642234Z  9516b0cd89c9 Downloading [==================================================>]  194.3kB/194.3kB
2026-09-10T02:27:45.8643257Z  9516b0cd89c9 Verifying Checksum 
2026-09-10T02:27:45.8643705Z  9516b0cd89c9 Download complete 
2026-09-10T02:27:45.9429670Z  897d797d2723 Downloading [============================>                      ]  2.064MB/3.647MB
2026-09-10T02:27:45.9625306Z  897d797d2723 Verifying Checksum 
2026-09-10T02:27:45.9625794Z  897d797d2723 Download complete 
2026-09-10T02:27:45.9636375Z  897d797d2723 Extracting [>                                                  ]  65.54kB/3.647MB
2026-09-10T02:27:45.9796270Z  de4b872bfdc3 Downloading [>                                                  ]  130.5kB/12.42MB
2026-09-10T02:27:45.9923082Z  2c96e5a02ba0 Downloading [==================================================>]     100B/100B
2026-09-10T02:27:45.9923812Z  2c96e5a02ba0 Download complete 
2026-09-10T02:27:46.0511152Z  897d797d2723 Extracting [==================================================>]  3.647MB/3.647MB
2026-09-10T02:27:46.0518863Z  897d797d2723 Extracting [==================================================>]  3.647MB/3.647MB
2026-09-10T02:27:46.0715717Z  897d797d2723 Pull complete 
2026-09-10T02:27:46.0735062Z  d85eda7b0b14 Extracting [==================================================>]     952B/952B
2026-09-10T02:27:46.0739859Z  d85eda7b0b14 Extracting [==================================================>]     952B/952B
2026-09-10T02:27:46.0803555Z  de4b872bfdc3 Downloading [===========>                                       ]  2.883MB/12.42MB
2026-09-10T02:27:46.0807086Z  4f4fb700ef54 Downloading [==================================================>]      32B/32B
2026-09-10T02:27:46.0808582Z  4f4fb700ef54 Verifying Checksum 
2026-09-10T02:27:46.0809207Z  4f4fb700ef54 Download complete 
2026-09-10T02:27:46.1142628Z  41caa0265cb5 Downloading [==================================================>]     604B/604B
2026-09-10T02:27:46.1143565Z  41caa0265cb5 Verifying Checksum 
2026-09-10T02:27:46.1144221Z  41caa0265cb5 Download complete 
2026-09-10T02:27:46.1502897Z  de4b872bfdc3 Verifying Checksum 
2026-09-10T02:27:46.1513005Z  de4b872bfdc3 Download complete 
2026-09-10T02:27:46.2344095Z  9524156efd7a Downloading [==================================================>]   1.17kB/1.17kB
2026-09-10T02:27:46.2344772Z  9524156efd7a Verifying Checksum 
2026-09-10T02:27:46.2345168Z  9524156efd7a Download complete 
2026-09-10T02:27:46.2486413Z  039e6f9f9752 Downloading [>                                                  ]  294.3kB/28.23MB
2026-09-10T02:27:46.2829565Z  d7b627e06eac Downloading [>                                                  ]  48.54kB/4.534MB
2026-09-10T02:27:46.3432412Z  f495088ca134 Downloading [>                                                  ]  15.77kB/1.25MB
2026-09-10T02:27:46.3490398Z  039e6f9f9752 Downloading [======>                                            ]  3.538MB/28.23MB
2026-09-10T02:27:46.3834548Z  d7b627e06eac Downloading [======================>                            ]  2.064MB/4.534MB
2026-09-10T02:27:46.4149030Z  d7b627e06eac Verifying Checksum 
2026-09-10T02:27:46.4150247Z  d7b627e06eac Download complete 
2026-09-10T02:27:46.4330703Z  f495088ca134 Verifying Checksum 
2026-09-10T02:27:46.4332197Z  f495088ca134 Download complete 
2026-09-10T02:27:46.4494752Z  039e6f9f9752 Verifying Checksum 
2026-09-10T02:27:46.4510037Z  039e6f9f9752 Download complete 
2026-09-10T02:27:46.5207581Z  039e6f9f9752 Extracting [>                                                  ]  294.9kB/28.23MB
2026-09-10T02:27:46.5413645Z  1e12f8d900eb Downloading [>                                                  ]  81.31kB/8.066MB
2026-09-10T02:27:46.5479671Z  740ea3feff0f Downloading [>                                                  ]  15.77kB/1.196MB
2026-09-10T02:27:46.5569470Z  5ac7c444edb0 Downloading [==================================================>]     116B/116B
2026-09-10T02:27:46.5570534Z  5ac7c444edb0 Verifying Checksum 
2026-09-10T02:27:46.5570991Z  5ac7c444edb0 Download complete 
2026-09-10T02:27:46.6223800Z  039e6f9f9752 Extracting [==========>                                        ]  5.898MB/28.23MB
2026-09-10T02:27:46.6392740Z  740ea3feff0f Verifying Checksum 
2026-09-10T02:27:46.6393215Z  740ea3feff0f Download complete 
2026-09-10T02:27:46.6419741Z  1e12f8d900eb Downloading [==============>                                    ]  2.293MB/8.066MB
2026-09-10T02:27:46.6702144Z  11ec1b6ae2a0 Downloading [==================================================>]  3.143kB/3.143kB
2026-09-10T02:27:46.6703817Z  11ec1b6ae2a0 Download complete 
2026-09-10T02:27:46.6929475Z  1e12f8d900eb Verifying Checksum 
2026-09-10T02:27:46.6931918Z  1e12f8d900eb Download complete 
2026-09-10T02:27:46.7335015Z  039e6f9f9752 Extracting [================>                                  ]  9.437MB/28.23MB
2026-09-10T02:27:46.7546332Z  d85eda7b0b14 Pull complete 
2026-09-10T02:27:46.7560156Z  9516b0cd89c9 Extracting [========>                                          ]  32.77kB/194.3kB
2026-09-10T02:27:46.7582466Z  9516b0cd89c9 Extracting [==================================================>]  194.3kB/194.3kB
2026-09-10T02:27:46.7699637Z  9516b0cd89c9 Extracting [==================================================>]  194.3kB/194.3kB
2026-09-10T02:27:46.7788680Z  62ca04624b47 Downloading [=================>                                 ]   3.53kB/10.35kB
2026-09-10T02:27:46.7789591Z  62ca04624b47 Downloading [==================================================>]  10.35kB/10.35kB
2026-09-10T02:27:46.7790271Z  62ca04624b47 Verifying Checksum 
2026-09-10T02:27:46.7790719Z  62ca04624b47 Download complete 
2026-09-10T02:27:46.8095412Z  ef21471f3a2b Downloading [>                                                  ]  540.7kB/112.9MB
2026-09-10T02:27:46.8119751Z  44438d8012af Download complete 
2026-09-10T02:27:46.8369961Z  039e6f9f9752 Extracting [======================>                            ]  12.98MB/28.23MB
2026-09-10T02:27:46.8952933Z  f67c9bdd808a Download complete 
2026-09-10T02:27:46.9133434Z  ef21471f3a2b Downloading [===>                                               ]  8.009MB/112.9MB
2026-09-10T02:27:46.9184509Z  3d4e001e01a2 Downloading [============================>                      ]  3.531kB/6.106kB
2026-09-10T02:27:46.9186309Z  3d4e001e01a2 Downloading [==================================================>]  6.106kB/6.106kB
2026-09-10T02:27:46.9194023Z  3d4e001e01a2 Verifying Checksum 
2026-09-10T02:27:46.9194540Z  3d4e001e01a2 Download complete 
2026-09-10T02:27:46.9451658Z  039e6f9f9752 Extracting [=================================>                 ]  19.17MB/28.23MB
2026-09-10T02:27:47.0174712Z  8cb2f3b54f01 Downloading [==================================================>]     184B/184B
2026-09-10T02:27:47.0335359Z  9ef6b0a1be9e Downloading [=>                                                 ]  3.529kB/129.1kB
2026-09-10T02:27:47.0447627Z  8cb2f3b54f01 Verifying Checksum 
2026-09-10T02:27:47.0448341Z  8cb2f3b54f01 Download complete 
2026-09-10T02:27:47.0449200Z  ef21471f3a2b Downloading [==============>                                    ]  33.63MB/112.9MB
2026-09-10T02:27:47.0497772Z  039e6f9f9752 Extracting [======================================>            ]  21.82MB/28.23MB
2026-09-10T02:27:47.0644315Z  9ef6b0a1be9e Downloading [==================================================>]  129.1kB/129.1kB
2026-09-10T02:27:47.0645002Z  9ef6b0a1be9e Verifying Checksum 
2026-09-10T02:27:47.0646301Z  9ef6b0a1be9e Download complete 
2026-09-10T02:27:47.0973640Z  9516b0cd89c9 Pull complete 
2026-09-10T02:27:47.1062108Z  de4b872bfdc3 Extracting [>                                                  ]  131.1kB/12.42MB
2026-09-10T02:27:47.1465535Z  ef21471f3a2b Downloading [=============================>                     ]  66.19MB/112.9MB
2026-09-10T02:27:47.1673120Z  b70609756d71 Downloading [>                                                  ]  15.77kB/1.466MB
2026-09-10T02:27:47.2072795Z  de4b872bfdc3 Extracting [===============>                                   ]  3.932MB/12.42MB
2026-09-10T02:27:47.2470297Z  ef21471f3a2b Downloading [==========================================>        ]  96.08MB/112.9MB
2026-09-10T02:27:47.2649251Z  b70609756d71 Verifying Checksum 
2026-09-10T02:27:47.2654028Z  b70609756d71 Download complete 
2026-09-10T02:27:47.3022860Z  ef21471f3a2b Verifying Checksum 
2026-09-10T02:27:47.3024409Z  ef21471f3a2b Download complete 
2026-09-10T02:27:47.3073718Z  039e6f9f9752 Extracting [==========================================>        ]  23.89MB/28.23MB
2026-09-10T02:27:47.3084661Z  de4b872bfdc3 Extracting [=========================================>         ]  10.22MB/12.42MB
2026-09-10T02:27:47.3424507Z  de4b872bfdc3 Extracting [==================================================>]  12.42MB/12.42MB
2026-09-10T02:27:47.4030133Z  de4b872bfdc3 Pull complete 
2026-09-10T02:27:47.4039863Z  2c96e5a02ba0 Extracting [==================================================>]     100B/100B
2026-09-10T02:27:47.4045324Z  2c96e5a02ba0 Extracting [==================================================>]     100B/100B
2026-09-10T02:27:47.4120493Z  2c96e5a02ba0 Pull complete 
2026-09-10T02:27:47.4133083Z  4f4fb700ef54 Extracting [==================================================>]      32B/32B
2026-09-10T02:27:47.4141032Z  4f4fb700ef54 Extracting [==================================================>]      32B/32B
2026-09-10T02:27:47.4225100Z  4f4fb700ef54 Pull complete 
2026-09-10T02:27:47.4241435Z  41caa0265cb5 Extracting [==================================================>]     604B/604B
2026-09-10T02:27:47.4245069Z  41caa0265cb5 Extracting [==================================================>]     604B/604B
2026-09-10T02:27:47.4325062Z  41caa0265cb5 Pull complete 
2026-09-10T02:27:47.4383157Z  redis Pulled 
2026-09-10T02:27:47.4482467Z  039e6f9f9752 Extracting [===============================================>   ]  26.84MB/28.23MB
2026-09-10T02:27:47.6898307Z  039e6f9f9752 Extracting [================================================>  ]  27.43MB/28.23MB
2026-09-10T02:27:47.7934032Z  039e6f9f9752 Extracting [==================================================>]  28.23MB/28.23MB
2026-09-10T02:27:47.8139724Z  039e6f9f9752 Pull complete 
2026-09-10T02:27:47.8148154Z  9524156efd7a Extracting [==================================================>]   1.17kB/1.17kB
2026-09-10T02:27:47.8153401Z  9524156efd7a Extracting [==================================================>]   1.17kB/1.17kB
2026-09-10T02:27:47.8459656Z  9524156efd7a Pull complete 
2026-09-10T02:27:47.8474062Z  d7b627e06eac Extracting [>                                                  ]  65.54kB/4.534MB
2026-09-10T02:27:47.9272919Z  d7b627e06eac Extracting [==================================================>]  4.534MB/4.534MB
2026-09-10T02:27:47.9715261Z  d7b627e06eac Pull complete 
2026-09-10T02:27:47.9723633Z  f495088ca134 Extracting [=>                                                 ]  32.77kB/1.25MB
2026-09-10T02:27:47.9931000Z  f495088ca134 Extracting [==================================================>]   1.25MB/1.25MB
2026-09-10T02:27:48.0047018Z  f495088ca134 Pull complete 
2026-09-10T02:27:48.0059093Z  1e12f8d900eb Extracting [>                                                  ]   98.3kB/8.066MB
2026-09-10T02:27:48.1094416Z  1e12f8d900eb Extracting [========================>                          ]  3.932MB/8.066MB
2026-09-10T02:27:48.2117643Z  1e12f8d900eb Extracting [======================================>            ]  6.193MB/8.066MB
2026-09-10T02:27:48.2603516Z  1e12f8d900eb Extracting [==================================================>]  8.066MB/8.066MB
2026-09-10T02:27:48.2937452Z  1e12f8d900eb Pull complete 
2026-09-10T02:27:48.2947714Z  740ea3feff0f Extracting [=>                                                 ]  32.77kB/1.196MB
2026-09-10T02:27:48.3284361Z  740ea3feff0f Extracting [==================================================>]  1.196MB/1.196MB
2026-09-10T02:27:48.3347202Z  740ea3feff0f Extracting [==================================================>]  1.196MB/1.196MB
2026-09-10T02:27:48.3633585Z  740ea3feff0f Pull complete 
2026-09-10T02:27:48.3642906Z  5ac7c444edb0 Extracting [==================================================>]     116B/116B
2026-09-10T02:27:48.3647464Z  5ac7c444edb0 Extracting [==================================================>]     116B/116B
2026-09-10T02:27:48.3706477Z  5ac7c444edb0 Pull complete 
2026-09-10T02:27:48.3715894Z  11ec1b6ae2a0 Extracting [==================================================>]  3.143kB/3.143kB
2026-09-10T02:27:48.3719294Z  11ec1b6ae2a0 Extracting [==================================================>]  3.143kB/3.143kB
2026-09-10T02:27:48.3781431Z  11ec1b6ae2a0 Pull complete 
2026-09-10T02:27:48.4314246Z  ef21471f3a2b Extracting [>                                                  ]  557.1kB/112.9MB
2026-09-10T02:27:48.5425358Z  ef21471f3a2b Extracting [===>                                               ]  7.799MB/112.9MB
2026-09-10T02:27:48.6537200Z  ef21471f3a2b Extracting [====>                                              ]  11.14MB/112.9MB
2026-09-10T02:27:48.7592682Z  ef21471f3a2b Extracting [======>                                            ]   15.6MB/112.9MB
2026-09-10T02:27:48.8605002Z  ef21471f3a2b Extracting [=========>                                         ]  20.61MB/112.9MB
2026-09-10T02:27:48.9635883Z  ef21471f3a2b Extracting [===========>                                       ]  26.18MB/112.9MB
2026-09-10T02:27:49.0699528Z  ef21471f3a2b Extracting [===============>                                   ]  35.09MB/112.9MB
2026-09-10T02:27:49.1736634Z  ef21471f3a2b Extracting [===================>                               ]  43.45MB/112.9MB
2026-09-10T02:27:49.2758071Z  ef21471f3a2b Extracting [======================>                            ]  51.81MB/112.9MB
2026-09-10T02:27:49.3795532Z  ef21471f3a2b Extracting [=========================>                         ]  56.82MB/112.9MB
2026-09-10T02:27:49.4820171Z  ef21471f3a2b Extracting [============================>                      ]   63.5MB/112.9MB
2026-09-10T02:27:49.5838034Z  ef21471f3a2b Extracting [================================>                  ]  73.53MB/112.9MB
2026-09-10T02:27:49.6876581Z  ef21471f3a2b Extracting [====================================>              ]  81.89MB/112.9MB
2026-09-10T02:27:49.7921243Z  ef21471f3a2b Extracting [=======================================>           ]  90.24MB/112.9MB
2026-09-10T02:27:49.9028577Z  ef21471f3a2b Extracting [==========================================>        ]  96.37MB/112.9MB
2026-09-10T02:27:50.0072754Z  ef21471f3a2b Extracting [============================================>      ]  100.3MB/112.9MB
2026-09-10T02:27:50.1083724Z  ef21471f3a2b Extracting [=============================================>     ]  102.5MB/112.9MB
2026-09-10T02:27:50.2165105Z  ef21471f3a2b Extracting [===============================================>   ]  106.4MB/112.9MB
2026-09-10T02:27:50.3234961Z  ef21471f3a2b Extracting [===============================================>   ]  108.1MB/112.9MB
2026-09-10T02:27:50.4405352Z  ef21471f3a2b Extracting [================================================>  ]  109.7MB/112.9MB
2026-09-10T02:27:50.6524547Z  ef21471f3a2b Extracting [=================================================> ]  111.4MB/112.9MB
2026-09-10T02:27:50.7654070Z  ef21471f3a2b Extracting [==================================================>]  112.9MB/112.9MB
2026-09-10T02:27:51.3517317Z  ef21471f3a2b Pull complete 
2026-09-10T02:27:51.3526703Z  62ca04624b47 Extracting [==================================================>]  10.35kB/10.35kB
2026-09-10T02:27:51.3531323Z  62ca04624b47 Extracting [==================================================>]  10.35kB/10.35kB
2026-09-10T02:27:51.3640561Z  62ca04624b47 Pull complete 
2026-09-10T02:27:51.3649088Z  44438d8012af Extracting [==================================================>]     128B/128B
2026-09-10T02:27:51.3653153Z  44438d8012af Extracting [==================================================>]     128B/128B
2026-09-10T02:27:51.3742403Z  44438d8012af Pull complete 
2026-09-10T02:27:51.3752479Z  f67c9bdd808a Extracting [==================================================>]     167B/167B
2026-09-10T02:27:51.3754798Z  f67c9bdd808a Extracting [==================================================>]     167B/167B
2026-09-10T02:27:51.3815198Z  f67c9bdd808a Pull complete 
2026-09-10T02:27:51.3825317Z  3d4e001e01a2 Extracting [==================================================>]  6.106kB/6.106kB
2026-09-10T02:27:51.3827577Z  3d4e001e01a2 Extracting [==================================================>]  6.106kB/6.106kB
2026-09-10T02:27:51.3893095Z  3d4e001e01a2 Pull complete 
2026-09-10T02:27:51.3903202Z  8cb2f3b54f01 Extracting [==================================================>]     184B/184B
2026-09-10T02:27:51.3905248Z  8cb2f3b54f01 Extracting [==================================================>]     184B/184B
2026-09-10T02:27:51.3969785Z  8cb2f3b54f01 Pull complete 
2026-09-10T02:27:51.3978383Z  9ef6b0a1be9e Extracting [============>                                      ]  32.77kB/129.1kB
2026-09-10T02:27:51.3988225Z  9ef6b0a1be9e Extracting [==================================================>]  129.1kB/129.1kB
2026-09-10T02:27:51.3989114Z  9ef6b0a1be9e Extracting [==================================================>]  129.1kB/129.1kB
2026-09-10T02:27:51.4442442Z  9ef6b0a1be9e Pull complete 
2026-09-10T02:27:51.4451125Z  b70609756d71 Extracting [=>                                                 ]  32.77kB/1.466MB
2026-09-10T02:27:51.5011010Z  b70609756d71 Extracting [==================================================>]  1.466MB/1.466MB
2026-09-10T02:27:51.5014579Z  b70609756d71 Extracting [==================================================>]  1.466MB/1.466MB
2026-09-10T02:27:51.5217485Z  b70609756d71 Pull complete 
2026-09-10T02:27:51.5265773Z  postgres Pulled 
2026-09-10T02:27:51.5290415Z  Network harness-ci_default  Creating
2026-09-10T02:27:51.5654898Z  Network harness-ci_default  Created
2026-09-10T02:27:51.5707872Z  Volume "harness-ci_redis-data"  Creating
2026-09-10T02:27:51.5718737Z  Volume "harness-ci_redis-data"  Created
2026-09-10T02:27:51.5722060Z  Volume "harness-ci_postgres-data"  Creating
2026-09-10T02:27:51.5729258Z  Volume "harness-ci_postgres-data"  Created
2026-09-10T02:27:51.5734126Z  Container harness-ci-postgres-1  Creating
2026-09-10T02:27:51.5734514Z  Container harness-ci-redis-1  Creating
2026-09-10T02:27:51.5928523Z  Container harness-ci-postgres-1  Created
2026-09-10T02:27:51.5935870Z  Container harness-ci-redis-1  Created
2026-09-10T02:27:51.5938274Z  Container harness-ci-postgres-1  Starting
2026-09-10T02:27:51.5938748Z  Container harness-ci-redis-1  Starting
2026-09-10T02:27:51.8320486Z  Container harness-ci-redis-1  Started
2026-09-10T02:27:51.8321648Z  Container harness-ci-postgres-1  Started
2026-09-10T02:27:51.8323124Z  Container harness-ci-redis-1  Waiting
2026-09-10T02:27:51.8323821Z  Container harness-ci-postgres-1  Waiting
2026-09-10T02:27:55.3339626Z  Container harness-ci-postgres-1  Healthy
2026-09-10T02:27:55.3340192Z  Container harness-ci-redis-1  Healthy
2026-09-10T02:27:55.3414606Z ##[group]Run uv run python scripts/check.py --integration
2026-09-10T02:27:55.3415017Z [36;1muv run python scripts/check.py --integration[0m
2026-09-10T02:27:55.3454610Z shell: /usr/bin/bash -e {0}
2026-09-10T02:27:55.3454862Z env:
2026-09-10T02:27:55.3455137Z   pythonLocation: /opt/hostedtoolcache/Python/3.13.15/x64
2026-09-10T02:27:55.3455571Z   PKG_CONFIG_PATH: /opt/hostedtoolcache/Python/3.13.15/x64/lib/pkgconfig
2026-09-10T02:27:55.3456004Z   Python_ROOT_DIR: /opt/hostedtoolcache/Python/3.13.15/x64
2026-09-10T02:27:55.3456380Z   Python2_ROOT_DIR: /opt/hostedtoolcache/Python/3.13.15/x64
2026-09-10T02:27:55.3456749Z   Python3_ROOT_DIR: /opt/hostedtoolcache/Python/3.13.15/x64
2026-09-10T02:27:55.3457116Z   LD_LIBRARY_PATH: /opt/hostedtoolcache/Python/3.13.15/x64/lib
2026-09-10T02:27:55.3457434Z ##[endgroup]
2026-09-10T02:27:55.4749868Z All checks passed!
2026-09-10T02:28:00.1096624Z ........................................................................ [  5%]
2026-09-10T02:28:05.2752015Z ........................................................................ [ 11%]
2026-09-10T02:28:16.4200969Z ........................................................................ [ 17%]
2026-09-10T02:28:30.5468923Z ........................................................................ [ 23%]
2026-09-10T02:28:43.2310179Z ....s................................................................... [ 29%]
2026-09-10T02:28:49.9334625Z ........................................................................ [ 35%]
2026-09-10T02:28:53.7868755Z ........................................................................ [ 41%]
2026-09-10T02:28:58.0178599Z ........................................................................ [ 47%]
2026-09-10T02:29:00.8422781Z ........................................................................ [ 53%]
2026-09-10T02:29:05.1144641Z ........................................................................ [ 59%]
2026-09-10T02:29:11.2803848Z ........................................................................ [ 65%]
2026-09-10T02:29:14.1839654Z ........................................................................ [ 71%]
2026-09-10T02:29:17.9269278Z ........................................................................ [ 77%]
2026-09-10T02:29:24.8633897Z ........................................................................ [ 83%]
2026-09-10T02:29:34.7202360Z ........................................................................ [ 89%]
2026-09-10T02:29:38.9881640Z ........................................................................ [ 95%]
2026-09-10T02:29:40.0166501Z ....ss....................................................               [100%]
2026-09-10T02:29:40.0167153Z 1207 passed, 3 skipped in 103.47s (0:01:43)
2026-09-10T02:29:40.1651568Z ##[group]Run uv run pytest -q tests/test_verification.py
2026-09-10T02:29:40.1652309Z [36;1muv run pytest -q tests/test_verification.py[0m
2026-09-10T02:29:40.1692421Z shell: /usr/bin/bash -e {0}
2026-09-10T02:29:40.1692673Z env:
2026-09-10T02:29:40.1692946Z   pythonLocation: /opt/hostedtoolcache/Python/3.13.15/x64
2026-09-10T02:29:40.1693398Z   PKG_CONFIG_PATH: /opt/hostedtoolcache/Python/3.13.15/x64/lib/pkgconfig
2026-09-10T02:29:40.1693820Z   Python_ROOT_DIR: /opt/hostedtoolcache/Python/3.13.15/x64
2026-09-10T02:29:40.1694193Z   Python2_ROOT_DIR: /opt/hostedtoolcache/Python/3.13.15/x64
2026-09-10T02:29:40.1694558Z   Python3_ROOT_DIR: /opt/hostedtoolcache/Python/3.13.15/x64
2026-09-10T02:29:40.1694937Z   LD_LIBRARY_PATH: /opt/hostedtoolcache/Python/3.13.15/x64/lib
2026-09-10T02:29:40.1695262Z   ZEUS_TEST_DOCKER: 1
2026-09-10T02:29:40.1695475Z ##[endgroup]
2026-09-10T02:29:43.3780118Z ..........                                                               [100%]
2026-09-10T02:29:43.3780611Z 10 passed in 2.84s
2026-09-10T02:29:43.4356564Z ##[group]Run docker compose -p harness-ci down --volumes
2026-09-10T02:29:43.4357011Z [36;1mdocker compose -p harness-ci down --volumes[0m
2026-09-10T02:29:43.4396898Z shell: /usr/bin/bash -e {0}
2026-09-10T02:29:43.4397149Z env:
2026-09-10T02:29:43.4397420Z   pythonLocation: /opt/hostedtoolcache/Python/3.13.15/x64
2026-09-10T02:29:43.4397855Z   PKG_CONFIG_PATH: /opt/hostedtoolcache/Python/3.13.15/x64/lib/pkgconfig
2026-09-10T02:29:43.4398268Z   Python_ROOT_DIR: /opt/hostedtoolcache/Python/3.13.15/x64
2026-09-10T02:29:43.4398631Z   Python2_ROOT_DIR: /opt/hostedtoolcache/Python/3.13.15/x64
2026-09-10T02:29:43.4398987Z   Python3_ROOT_DIR: /opt/hostedtoolcache/Python/3.13.15/x64
2026-09-10T02:29:43.4399355Z   LD_LIBRARY_PATH: /opt/hostedtoolcache/Python/3.13.15/x64/lib
2026-09-10T02:29:43.4399669Z ##[endgroup]
2026-09-10T02:29:43.5037891Z  Container harness-ci-postgres-1  Stopping
2026-09-10T02:29:43.5046288Z  Container harness-ci-redis-1  Stopping
2026-09-10T02:29:43.6815382Z  Container harness-ci-redis-1  Stopped
2026-09-10T02:29:43.6816320Z  Container harness-ci-redis-1  Removing
2026-09-10T02:29:43.6863581Z  Container harness-ci-redis-1  Removed
2026-09-10T02:29:43.9071512Z  Container harness-ci-postgres-1  Stopped
2026-09-10T02:29:43.9072973Z  Container harness-ci-postgres-1  Removing
2026-09-10T02:29:43.9113976Z  Container harness-ci-postgres-1  Removed
2026-09-10T02:29:43.9120995Z  Network harness-ci_default  Removing
2026-09-10T02:29:43.9122353Z  Volume harness-ci_redis-data  Removing
2026-09-10T02:29:43.9122950Z  Volume harness-ci_postgres-data  Removing
2026-09-10T02:29:43.9132263Z  Volume harness-ci_redis-data  Removed
2026-09-10T02:29:43.9648489Z  Volume harness-ci_postgres-data  Removed
2026-09-10T02:29:44.0240390Z  Network harness-ci_default  Removed
2026-09-10T02:29:44.0372295Z Node 20 is being deprecated. This workflow is running with Node 24 by default. If you need to temporarily use Node 20, you can set the ACTIONS_ALLOW_USE_UNSECURE_NODE_VERSION=true environment variable. For more information see: https://github.blog/changelog/2025-09-19-deprecation-of-node-20-on-github-actions-runners/
2026-09-10T02:29:44.0373488Z Post job cleanup.
2026-09-10T02:29:44.1594491Z (node:16846) [DEP0040] DeprecationWarning: The `punycode` module is deprecated. Please use a userland alternative instead.
2026-09-10T02:29:44.1595301Z (Use `node --trace-deprecation ...` to show where the warning was created)
2026-09-10T02:29:44.1788291Z Node 20 is being deprecated. This workflow is running with Node 24 by default. If you need to temporarily use Node 20, you can set the ACTIONS_ALLOW_USE_UNSECURE_NODE_VERSION=true environment variable. For more information see: https://github.blog/changelog/2025-09-19-deprecation-of-node-20-on-github-actions-runners/
2026-09-10T02:29:44.1789518Z Post job cleanup.
2026-09-10T02:29:44.2682528Z [command]/usr/bin/git version
2026-09-10T02:29:44.2721475Z git version 2.55.0
2026-09-10T02:29:44.2760177Z Temporarily overriding HOME='/home/runner/work/_temp/e2c448bb-6194-4662-9334-1d62cea45fa0' before making global git config changes
2026-09-10T02:29:44.2761970Z Adding repository directory to the temporary git global config as a safe directory
2026-09-10T02:29:44.2766497Z [command]/usr/bin/git config --global --add safe.directory /home/runner/work/zeus/zeus
2026-09-10T02:29:44.2807598Z [command]/usr/bin/git config --local --name-only --get-regexp core\.sshCommand
2026-09-10T02:29:44.2844441Z [command]/usr/bin/git submodule foreach --recursive sh -c "git config --local --name-only --get-regexp 'core\.sshCommand' && git config --local --unset-all 'core.sshCommand' || :"
2026-09-10T02:29:44.3117261Z [command]/usr/bin/git config --local --name-only --get-regexp http\.https\:\/\/github\.com\/\.extraheader
2026-09-10T02:29:44.3148785Z http.https://github.com/.extraheader
2026-09-10T02:29:44.3161220Z [command]/usr/bin/git config --local --unset-all http.https://github.com/.extraheader
2026-09-10T02:29:44.3214686Z [command]/usr/bin/git submodule foreach --recursive sh -c "git config --local --name-only --get-regexp 'http\.https\:\/\/github\.com\/\.extraheader' && git config --local --unset-all 'http.https://github.com/.extraheader' || :"
2026-09-10T02:29:44.3552127Z [command]/usr/bin/git config --local --name-only --get-regexp ^includeIf\.gitdir:
2026-09-10T02:29:44.3577239Z [command]/usr/bin/git submodule foreach --recursive git config --local --show-origin --name-only --get-regexp remote.origin.url
2026-09-10T02:29:44.3977750Z Cleaning up orphan processes
2026-09-10T02:29:44.4343071Z ##[warning]Node.js 20 is deprecated. The following actions target Node.js 20 but are being forced to run on Node.js 24: actions/checkout@v4, actions/setup-python@v5. For more information see: https://github.blog/changelog/2025-09-19-deprecation-of-node-20-on-github-actions-runners/
