2026-09-10T02:27:36.1835580Z Current runner version: '2.337.0'
2026-09-10T02:27:36.1863201Z ##[group]Runner Image Provisioner
2026-09-10T02:27:36.1864163Z Hosted Compute Agent
2026-09-10T02:27:36.1864760Z Version: 20260828.587
2026-09-10T02:27:36.1865363Z Commit: abac92662cab4cc7352de4f9f9d2e2419aad9c29
2026-09-10T02:27:36.1866075Z Build Date: 2026-08-28T16:44:25Z
2026-09-10T02:27:36.1866732Z Worker ID: {1351d2cb-b89d-4571-ac1b-ea5477d92f5b}
2026-09-10T02:27:36.1867435Z Azure Region: eastus2
2026-09-10T02:27:36.1868002Z ##[endgroup]
2026-09-10T02:27:36.1869316Z ##[group]Operating System
2026-09-10T02:27:36.1869920Z Microsoft Windows Server 2025
2026-09-10T02:27:36.1870551Z 10.0.26100
2026-09-10T02:27:36.1871075Z Datacenter
2026-09-10T02:27:36.1871587Z ##[endgroup]
2026-09-10T02:27:36.1872408Z ##[group]Runner Image
2026-09-10T02:27:36.1873024Z Image: windows-2025-vs2026
2026-09-10T02:27:36.1873611Z Version: 20260907.229.1
2026-09-10T02:27:36.1875472Z Included Software: https://github.com/actions/runner-images/blob/win25-vs2026/20260907.229/images/windows/Windows2025-VS2026-Readme.md
2026-09-10T02:27:36.1878522Z Image Release: https://github.com/actions/runner-images/releases/tag/win25-vs2026%2F20260907.229
2026-09-10T02:27:36.1880201Z ##[endgroup]
2026-09-10T02:27:36.1881618Z ##[group]GITHUB_TOKEN Permissions
2026-09-10T02:27:36.1883571Z Contents: read
2026-09-10T02:27:36.1884130Z Metadata: read
2026-09-10T02:27:36.1884643Z ##[endgroup]
2026-09-10T02:27:36.1886745Z Secret source: Actions
2026-09-10T02:27:36.1887644Z Cache mode: write
2026-09-10T02:27:36.1888345Z Prepare workflow directory
2026-09-10T02:27:36.2284571Z Prepare all required actions
2026-09-10T02:27:36.2352647Z Getting action download info
2026-09-10T02:27:36.3868082Z Download action repository 'actions/checkout@v4' (SHA:11d5960a326750d5838078e36cf38b85af677262)
2026-09-10T02:27:36.5118534Z Download action repository 'actions/setup-python@v5' (SHA:a26af69be951a213d495a4c3e4e4022e16d87065)
2026-09-10T02:27:36.7793634Z Complete job name: test (windows-latest, 3.14)
2026-09-10T02:27:36.9250585Z Node 20 is being deprecated. This workflow is running with Node 24 by default. If you need to temporarily use Node 20, you can set the ACTIONS_ALLOW_USE_UNSECURE_NODE_VERSION=true environment variable. For more information see: https://github.blog/changelog/2025-09-19-deprecation-of-node-20-on-github-actions-runners/
2026-09-10T02:27:36.9260287Z ##[group]Run actions/checkout@v4
2026-09-10T02:27:36.9260923Z with:
2026-09-10T02:27:36.9261302Z   fetch-depth: 0
2026-09-10T02:27:36.9261711Z   repository: trevi00/zeus
2026-09-10T02:27:36.9265463Z   token: ***
2026-09-10T02:27:36.9265850Z   ssh-strict: true
2026-09-10T02:27:36.9266248Z   ssh-user: git
2026-09-10T02:27:36.9266661Z   persist-credentials: true
2026-09-10T02:27:36.9267108Z   clean: true
2026-09-10T02:27:36.9267507Z   sparse-checkout-cone-mode: true
2026-09-10T02:27:36.9267980Z   fetch-tags: false
2026-09-10T02:27:36.9268372Z   show-progress: true
2026-09-10T02:27:36.9268760Z   lfs: false
2026-09-10T02:27:36.9269184Z   submodules: false
2026-09-10T02:27:36.9269589Z   set-safe-directory: true
2026-09-10T02:27:36.9270043Z   allow-unsafe-pr-checkout: false
2026-09-10T02:27:36.9271010Z ##[endgroup]
2026-09-10T02:27:37.0730203Z Syncing repository: trevi00/zeus
2026-09-10T02:27:37.0732008Z ##[group]Getting Git version info
2026-09-10T02:27:37.0732619Z Working directory is 'D:\a\zeus\zeus'
2026-09-10T02:27:37.1451868Z [command]"C:\Program Files\Git\bin\git.exe" version
2026-09-10T02:27:37.4760387Z git version 2.55.0.windows.5
2026-09-10T02:27:37.4807003Z ##[endgroup]
2026-09-10T02:27:37.4831052Z Temporarily overriding HOME='D:\a\_temp\c2b4c77d-8cc8-4d47-a81d-e5b9d1e1f296' before making global git config changes
2026-09-10T02:27:37.4842489Z Adding repository directory to the temporary git global config as a safe directory
2026-09-10T02:27:37.4844458Z [command]"C:\Program Files\Git\bin\git.exe" config --global --add safe.directory D:\a\zeus\zeus
2026-09-10T02:27:37.5466735Z Deleting the contents of 'D:\a\zeus\zeus'
2026-09-10T02:27:37.5473092Z ##[group]Initializing the repository
2026-09-10T02:27:37.5481361Z [command]"C:\Program Files\Git\bin\git.exe" init D:\a\zeus\zeus
2026-09-10T02:27:37.6213632Z Initialized empty Git repository in D:/a/zeus/zeus/.git/
2026-09-10T02:27:37.6255311Z [command]"C:\Program Files\Git\bin\git.exe" remote add origin https://github.com/trevi00/zeus
2026-09-10T02:27:37.6842462Z ##[endgroup]
2026-09-10T02:27:37.6843469Z ##[group]Disabling automatic garbage collection
2026-09-10T02:27:37.6851462Z [command]"C:\Program Files\Git\bin\git.exe" config --local gc.auto 0
2026-09-10T02:27:37.7169758Z ##[endgroup]
2026-09-10T02:27:37.7171240Z ##[group]Setting up auth
2026-09-10T02:27:37.7180605Z [command]"C:\Program Files\Git\bin\git.exe" config --local --name-only --get-regexp core\.sshCommand
2026-09-10T02:27:37.7482031Z [command]"C:\Program Files\Git\bin\git.exe" submodule foreach --recursive "sh -c \"git config --local --name-only --get-regexp 'core\.sshCommand' && git config --local --unset-all 'core.sshCommand' || :\""
2026-09-10T02:27:39.0552245Z [command]"C:\Program Files\Git\bin\git.exe" config --local --name-only --get-regexp http\.https\:\/\/github\.com\/\.extraheader
2026-09-10T02:27:39.0838508Z [command]"C:\Program Files\Git\bin\git.exe" submodule foreach --recursive "sh -c \"git config --local --name-only --get-regexp 'http\.https\:\/\/github\.com\/\.extraheader' && git config --local --unset-all 'http.https://github.com/.extraheader' || :\""
2026-09-10T02:27:39.6122442Z [command]"C:\Program Files\Git\bin\git.exe" config --local --name-only --get-regexp ^includeIf\.gitdir:
2026-09-10T02:27:39.6417647Z [command]"C:\Program Files\Git\bin\git.exe" submodule foreach --recursive "git config --local --show-origin --name-only --get-regexp remote.origin.url"
2026-09-10T02:27:40.1812503Z [command]"C:\Program Files\Git\bin\git.exe" config --local http.https://github.com/.extraheader "AUTHORIZATION: basic ***"
2026-09-10T02:27:40.2111617Z ##[endgroup]
2026-09-10T02:27:40.2114190Z ##[group]Fetching the repository
2026-09-10T02:27:40.2128845Z [command]"C:\Program Files\Git\bin\git.exe" -c protocol.version=2 fetch --prune --no-recurse-submodules origin +refs/heads/*:refs/remotes/origin/* +refs/tags/*:refs/tags/*
2026-09-10T02:27:41.6572571Z From https://github.com/trevi00/zeus
2026-09-10T02:27:41.6573359Z  * [new branch]      main       -> origin/main
2026-09-10T02:27:41.6625166Z [command]"C:\Program Files\Git\bin\git.exe" branch --list --remote origin/main
2026-09-10T02:27:41.6970700Z   origin/main
2026-09-10T02:27:41.7011077Z [command]"C:\Program Files\Git\bin\git.exe" rev-parse refs/remotes/origin/main
2026-09-10T02:27:41.7386419Z 2b890f9fafa86fe20ae9ff03819444272eaaa6e6
2026-09-10T02:27:41.7421537Z ##[endgroup]
2026-09-10T02:27:41.7422092Z ##[group]Determining the checkout info
2026-09-10T02:27:41.7424394Z ##[endgroup]
2026-09-10T02:27:41.7433981Z [command]"C:\Program Files\Git\bin\git.exe" sparse-checkout disable
2026-09-10T02:27:41.7848011Z [command]"C:\Program Files\Git\bin\git.exe" config --local --unset-all extensions.worktreeConfig
2026-09-10T02:27:41.8133593Z ##[group]Checking out the ref
2026-09-10T02:27:41.8134256Z [command]"C:\Program Files\Git\bin\git.exe" checkout --progress --force -B main refs/remotes/origin/main
2026-09-10T02:27:42.6647157Z Switched to a new branch 'main'
2026-09-10T02:27:42.6707978Z branch 'main' set up to track 'origin/main'.
2026-09-10T02:27:42.6773594Z ##[endgroup]
2026-09-10T02:27:42.7173339Z [command]"C:\Program Files\Git\bin\git.exe" log -1 --format=%H
2026-09-10T02:27:42.7435444Z 2b890f9fafa86fe20ae9ff03819444272eaaa6e6
2026-09-10T02:27:42.7904148Z Node 20 is being deprecated. This workflow is running with Node 24 by default. If you need to temporarily use Node 20, you can set the ACTIONS_ALLOW_USE_UNSECURE_NODE_VERSION=true environment variable. For more information see: https://github.blog/changelog/2025-09-19-deprecation-of-node-20-on-github-actions-runners/
2026-09-10T02:27:42.7906193Z ##[group]Run actions/setup-python@v5
2026-09-10T02:27:42.7907197Z with:
2026-09-10T02:27:42.7907389Z   python-version: 3.14
2026-09-10T02:27:42.7907595Z   check-latest: false
2026-09-10T02:27:42.7909888Z   token: ***
2026-09-10T02:27:42.7910090Z   update-environment: true
2026-09-10T02:27:42.7910327Z   allow-prereleases: false
2026-09-10T02:27:42.7910544Z   freethreaded: false
2026-09-10T02:27:42.7910749Z ##[endgroup]
2026-09-10T02:27:42.9491320Z ##[group]Installed versions
2026-09-10T02:27:42.9782649Z (node:9048) [DEP0040] DeprecationWarning: The `punycode` module is deprecated. Please use a userland alternative instead.
2026-09-10T02:27:42.9783879Z (Use `node --trace-deprecation ...` to show where the warning was created)
2026-09-10T02:27:42.9785192Z Successfully set up CPython (3.14.7)
2026-09-10T02:27:42.9785825Z ##[endgroup]
2026-09-10T02:27:43.0071316Z ##[group]Run python -m pip install uv==0.12.2
2026-09-10T02:27:43.0071779Z [36;1mpython -m pip install uv==0.12.2[0m
2026-09-10T02:27:43.0691782Z shell: C:\Program Files\PowerShell\7\pwsh.EXE -command ". '{0}'"
2026-09-10T02:27:43.0692186Z env:
2026-09-10T02:27:43.0692476Z   pythonLocation: C:\hostedtoolcache\windows\Python\3.14.7\x64
2026-09-10T02:27:43.0692965Z   PKG_CONFIG_PATH: C:\hostedtoolcache\windows\Python\3.14.7\x64/lib/pkgconfig
2026-09-10T02:27:43.0693404Z   Python_ROOT_DIR: C:\hostedtoolcache\windows\Python\3.14.7\x64
2026-09-10T02:27:43.0693812Z   Python2_ROOT_DIR: C:\hostedtoolcache\windows\Python\3.14.7\x64
2026-09-10T02:27:43.0694196Z   Python3_ROOT_DIR: C:\hostedtoolcache\windows\Python\3.14.7\x64
2026-09-10T02:27:43.0694501Z ##[endgroup]
2026-09-10T02:27:47.8500244Z Collecting uv==0.12.2
2026-09-10T02:27:47.9054201Z   Downloading uv-0.12.2-py3-none-win_amd64.whl.metadata (11 kB)
2026-09-10T02:27:47.9421643Z Downloading uv-0.12.2-py3-none-win_amd64.whl (20.2 MB)
2026-09-10T02:27:48.4061501Z    ---------------------------------------- 20.2/20.2 MB 45.8 MB/s  0:00:00
2026-09-10T02:27:48.6144760Z Installing collected packages: uv
2026-09-10T02:27:48.8400330Z Successfully installed uv-0.12.2
2026-09-10T02:27:49.3322315Z ##[group]Run uv sync --frozen
2026-09-10T02:27:49.3322665Z [36;1muv sync --frozen[0m
2026-09-10T02:27:49.3393486Z shell: C:\Program Files\PowerShell\7\pwsh.EXE -command ". '{0}'"
2026-09-10T02:27:49.3393830Z env:
2026-09-10T02:27:49.3394094Z   pythonLocation: C:\hostedtoolcache\windows\Python\3.14.7\x64
2026-09-10T02:27:49.3394547Z   PKG_CONFIG_PATH: C:\hostedtoolcache\windows\Python\3.14.7\x64/lib/pkgconfig
2026-09-10T02:27:49.3394981Z   Python_ROOT_DIR: C:\hostedtoolcache\windows\Python\3.14.7\x64
2026-09-10T02:27:49.3395370Z   Python2_ROOT_DIR: C:\hostedtoolcache\windows\Python\3.14.7\x64
2026-09-10T02:27:49.3395755Z   Python3_ROOT_DIR: C:\hostedtoolcache\windows\Python\3.14.7\x64
2026-09-10T02:27:49.3396053Z ##[endgroup]
2026-09-10T02:27:49.7259815Z Using CPython 3.14.7 interpreter at: C:\hostedtoolcache\windows\Python\3.14.7\x64\python3.exe
2026-09-10T02:27:49.7260923Z Creating virtual environment at: .venv
2026-09-10T02:27:49.8018725Z    Building zeus-harness @ file:///D:/a/zeus/zeus
2026-09-10T02:27:49.9539174Z Downloading pygments (1.2MiB)
2026-09-10T02:27:49.9558090Z Downloading ruff (10.1MiB)
2026-09-10T02:27:49.9562802Z Downloading numpy (12.1MiB)
2026-09-10T02:27:49.9640673Z Downloading hf-xet (3.8MiB)
2026-09-10T02:27:49.9760104Z Downloading pillow (6.9MiB)
2026-09-10T02:27:49.9785636Z Downloading psycopg-binary (3.6MiB)
2026-09-10T02:27:49.9790284Z Downloading onnxruntime (13.7MiB)
2026-09-10T02:27:49.9805695Z Downloading tokenizers (2.7MiB)
2026-09-10T02:27:51.2661859Z  Downloaded psycopg-binary
2026-09-10T02:27:51.2903264Z  Downloaded hf-xet
2026-09-10T02:27:51.3190796Z  Downloaded tokenizers
2026-09-10T02:27:51.4629555Z  Downloaded ruff
2026-09-10T02:27:51.4842952Z  Downloaded pillow
2026-09-10T02:27:54.4834133Z  Downloaded pygments
2026-09-10T02:27:54.5818258Z       Built zeus-harness @ file:///D:/a/zeus/zeus
2026-09-10T02:27:54.6840021Z  Downloaded onnxruntime
2026-09-10T02:27:55.8358482Z  Downloaded numpy
2026-09-10T02:27:55.8393096Z Prepared 57 packages in 6.08s
2026-09-10T02:27:55.8418281Z warning: Failed to hardlink files; falling back to full copy. This may lead to degraded performance.
2026-09-10T02:27:55.8423028Z          If the cache and target directories are on different filesystems, hardlinking may not be supported.
2026-09-10T02:27:55.8432719Z          If this is intentional, set `export UV_LINK_MODE=copy` or use `--link-mode=copy` to suppress this warning.
2026-09-10T02:27:57.6295613Z Installed 57 packages in 1.78s
2026-09-10T02:27:57.6298445Z  + anyio==4.15.1
2026-09-10T02:27:57.6299271Z  + arrow==1.4.0
2026-09-10T02:27:57.6301148Z  + attrs==26.1.0
2026-09-10T02:27:57.6302922Z  + certifi==2026.7.22
2026-09-10T02:27:57.6304565Z  + charset-normalizer==3.5.1
2026-09-10T02:27:57.6305590Z  + click==8.5.0
2026-09-10T02:27:57.6308809Z  + colorama==0.4.6
2026-09-10T02:27:57.6309260Z  + fastembed==0.8.0
2026-09-10T02:27:57.6309560Z  + filelock==3.32.5
2026-09-10T02:27:57.6310889Z  + flatbuffers==25.12.19
2026-09-10T02:27:57.6312346Z  + fqdn==1.5.1
2026-09-10T02:27:57.6313616Z  + fsspec==2026.7.0
2026-09-10T02:27:57.6314697Z  + h11==0.16.0
2026-09-10T02:27:57.6316314Z  + hf-xet==1.6.0
2026-09-10T02:27:57.6317541Z  + httpcore==1.0.9
2026-09-10T02:27:57.6318822Z  + httpx==0.28.1
2026-09-10T02:27:57.6320221Z  + huggingface-hub==1.30.0
2026-09-10T02:27:57.6321199Z  + idna==3.19
2026-09-10T02:27:57.6322540Z  + iniconfig==2.3.0
2026-09-10T02:27:57.6323838Z  + isoduration==20.11.0
2026-09-10T02:27:57.6325134Z  + jsonpointer==3.1.1
2026-09-10T02:27:57.6326628Z  + jsonschema==4.26.0
2026-09-10T02:27:57.6327574Z  + jsonschema-specifications==2025.9.1
2026-09-10T02:27:57.6329020Z  + loguru==0.7.3
2026-09-10T02:27:57.6330559Z  + mmh3==5.3.0
2026-09-10T02:27:57.6331878Z  + numpy==2.5.3
2026-09-10T02:27:57.6333708Z  + onnxruntime==1.29.0
2026-09-10T02:27:57.6334252Z  + packaging==26.3
2026-09-10T02:27:57.6336342Z  + pillow==12.3.0
2026-09-10T02:27:57.6337570Z  + pluggy==1.6.0
2026-09-10T02:27:57.6340928Z  + protobuf==7.36.1
2026-09-10T02:27:57.6341329Z  + psycopg==3.3.5
2026-09-10T02:27:57.6341856Z  + psycopg-binary==3.3.5
2026-09-10T02:27:57.6343727Z  + py-rust-stemmers==0.1.8
2026-09-10T02:27:57.6345019Z  + pygments==2.21.0
2026-09-10T02:27:57.6346357Z  + pytest==9.1.1
2026-09-10T02:27:57.6347738Z  + python-dateutil==2.9.0.post0
2026-09-10T02:27:57.6348880Z  + pyyaml==6.0.3
2026-09-10T02:27:57.6350192Z  + redis==6.4.0
2026-09-10T02:27:57.6351417Z  + referencing==0.37.0
2026-09-10T02:27:57.6352666Z  + requests==2.34.2
2026-09-10T02:27:57.6353670Z  + rfc3339-validator==0.1.4
2026-09-10T02:27:57.6354870Z  + rfc3987==1.3.8
2026-09-10T02:27:57.6356305Z  + rpds-py==2026.6.3
2026-09-10T02:27:57.6357503Z  + ruff==0.16.6
2026-09-10T02:27:57.6358755Z  + six==1.17.0
2026-09-10T02:27:57.6360018Z  + tokenizers==0.23.2
2026-09-10T02:27:57.6361240Z  + tqdm==4.70.0
2026-09-10T02:27:57.6362487Z  + tree-sitter==0.25.2
2026-09-10T02:27:57.6363746Z  + tree-sitter-python==0.25.0
2026-09-10T02:27:57.6364987Z  + typing-extensions==4.16.0
2026-09-10T02:27:57.6366027Z  + tzdata==2026.3
2026-09-10T02:27:57.6367174Z  + uri-template==1.3.0
2026-09-10T02:27:57.6368467Z  + urllib3==2.7.0
2026-09-10T02:27:57.6369730Z  + webcolors==25.10.0
2026-09-10T02:27:57.6370942Z  + win32-setctime==1.2.0
2026-09-10T02:27:57.6372791Z  + zeus-harness==0.2.0 (from file:///D:/a/zeus/zeus)
2026-09-10T02:27:57.8366140Z ##[group]Run uv run ruff check .
2026-09-10T02:27:57.8366486Z [36;1muv run ruff check .[0m
2026-09-10T02:27:57.8435319Z shell: C:\Program Files\PowerShell\7\pwsh.EXE -command ". '{0}'"
2026-09-10T02:27:57.8435659Z env:
2026-09-10T02:27:57.8435920Z   pythonLocation: C:\hostedtoolcache\windows\Python\3.14.7\x64
2026-09-10T02:27:57.8436373Z   PKG_CONFIG_PATH: C:\hostedtoolcache\windows\Python\3.14.7\x64/lib/pkgconfig
2026-09-10T02:27:57.8436812Z   Python_ROOT_DIR: C:\hostedtoolcache\windows\Python\3.14.7\x64
2026-09-10T02:27:57.8437196Z   Python2_ROOT_DIR: C:\hostedtoolcache\windows\Python\3.14.7\x64
2026-09-10T02:27:57.8437791Z   Python3_ROOT_DIR: C:\hostedtoolcache\windows\Python\3.14.7\x64
2026-09-10T02:27:57.8438097Z ##[endgroup]
2026-09-10T02:27:58.4118201Z All checks passed!
2026-09-10T02:27:58.5535127Z ##[group]Run uv run pytest -q
2026-09-10T02:27:58.5535499Z [36;1muv run pytest -q[0m
2026-09-10T02:27:58.5602869Z shell: C:\Program Files\PowerShell\7\pwsh.EXE -command ". '{0}'"
2026-09-10T02:27:58.5603208Z env:
2026-09-10T02:27:58.5603696Z   pythonLocation: C:\hostedtoolcache\windows\Python\3.14.7\x64
2026-09-10T02:27:58.5604141Z   PKG_CONFIG_PATH: C:\hostedtoolcache\windows\Python\3.14.7\x64/lib/pkgconfig
2026-09-10T02:27:58.5604576Z   Python_ROOT_DIR: C:\hostedtoolcache\windows\Python\3.14.7\x64
2026-09-10T02:27:58.5604952Z   Python2_ROOT_DIR: C:\hostedtoolcache\windows\Python\3.14.7\x64
2026-09-10T02:27:58.5605326Z   Python3_ROOT_DIR: C:\hostedtoolcache\windows\Python\3.14.7\x64
2026-09-10T02:27:58.5605621Z ##[endgroup]
2026-09-10T02:28:05.5463314Z .......................................................................s [  5%]
2026-09-10T02:28:05.9211582Z ............ssssssssssss..ss....ssss.s.s..ss.s.s.s.s.s.ss.s.s....s.s.s.s [ 11%]
2026-09-10T02:28:06.0978032Z .s.s.s.s.s.s.s.s.s.s.s.s.s.s.s.s.s.s.s.sss...s..s.s..................... [ 17%]
2026-09-10T02:28:06.5582074Z .....ssssssss.s.s......ssssss........ssssssss.s.s.s.s.ss.s...sss.s..ss.. [ 23%]
2026-09-10T02:28:06.8872289Z ..ssss.s.s.s.s.s.s.s.s.s.s.s.ss...s.s.s........s.s.s.s.s.s.s.s.sss...... [ 29%]
2026-09-10T02:28:13.7198951Z ..........................s.s.s.s.s..ss.s.s.s.s.s.s.s.s.s.s.s.s.s..ss.s. [ 35%]
2026-09-10T02:28:14.5032268Z s.ssssssssssssssssssssssssss............................................ [ 41%]
2026-09-10T02:28:24.9117442Z .........................................................ssssss.s.s.s.s. [ 47%]
2026-09-10T02:28:29.8533564Z s.s.s................................................................... [ 53%]
2026-09-10T02:28:50.1833770Z ....................................................s.s.s....s..s....... [ 59%]
2026-09-10T02:29:45.8019175Z ....................................................................s.s. [ 65%]
2026-09-10T02:29:46.6019617Z s.........sssssssss.....sssss.s.ss.s.s.s....ssss..ss.s.................. [ 71%]
2026-09-10T02:30:03.6322317Z .....................ssssss.............................s............... [ 77%]
2026-09-10T02:31:34.2711369Z ...............s.s.s.s.s................................................ [ 83%]
2026-09-10T02:31:58.6177256Z ......s........ssssssss.....sssss.s.s.s.s.s.s..ss.......sssssss.s.s.s.s. [ 89%]
2026-09-10T02:32:07.7405803Z s.s.s.s.s.s.s.s.s.s.s.s.s.s.s.s.s.s.........................s........... [ 95%]
2026-09-10T02:32:12.0422591Z ....s................s....s....s....s....s....s...........               [100%]
2026-09-10T02:32:12.0423270Z 912 passed, 298 skipped in 250.75s (0:04:10)
2026-09-10T02:32:12.3367753Z ##[group]Run uv build
2026-09-10T02:32:12.3368183Z [36;1muv build[0m
2026-09-10T02:32:12.3439069Z shell: C:\Program Files\PowerShell\7\pwsh.EXE -command ". '{0}'"
2026-09-10T02:32:12.3439504Z env:
2026-09-10T02:32:12.3439829Z   pythonLocation: C:\hostedtoolcache\windows\Python\3.14.7\x64
2026-09-10T02:32:12.3440282Z   PKG_CONFIG_PATH: C:\hostedtoolcache\windows\Python\3.14.7\x64/lib/pkgconfig
2026-09-10T02:32:12.3440750Z   Python_ROOT_DIR: C:\hostedtoolcache\windows\Python\3.14.7\x64
2026-09-10T02:32:12.3441184Z   Python2_ROOT_DIR: C:\hostedtoolcache\windows\Python\3.14.7\x64
2026-09-10T02:32:12.3441640Z   Python3_ROOT_DIR: C:\hostedtoolcache\windows\Python\3.14.7\x64
2026-09-10T02:32:12.3442014Z ##[endgroup]
2026-09-10T02:32:12.6220708Z Building source distribution...
2026-09-10T02:32:17.4051877Z Building wheel from source distribution...
2026-09-10T02:32:19.0643268Z Successfully built dist\zeus_harness-0.2.0.tar.gz
2026-09-10T02:32:19.0645486Z Successfully built dist\zeus_harness-0.2.0-py3-none-any.whl
2026-09-10T02:32:19.2455056Z ##[group]Run uv run harness-supervisor --help
2026-09-10T02:32:19.2456370Z [36;1muv run harness-supervisor --help[0m
2026-09-10T02:32:19.2536452Z shell: C:\Program Files\PowerShell\7\pwsh.EXE -command ". '{0}'"
2026-09-10T02:32:19.2536867Z env:
2026-09-10T02:32:19.2537384Z   pythonLocation: C:\hostedtoolcache\windows\Python\3.14.7\x64
2026-09-10T02:32:19.2537903Z   PKG_CONFIG_PATH: C:\hostedtoolcache\windows\Python\3.14.7\x64/lib/pkgconfig
2026-09-10T02:32:19.2538435Z   Python_ROOT_DIR: C:\hostedtoolcache\windows\Python\3.14.7\x64
2026-09-10T02:32:19.2538897Z   Python2_ROOT_DIR: C:\hostedtoolcache\windows\Python\3.14.7\x64
2026-09-10T02:32:19.2539367Z   Python3_ROOT_DIR: C:\hostedtoolcache\windows\Python\3.14.7\x64
2026-09-10T02:32:19.2539741Z ##[endgroup]
2026-09-10T02:32:19.9631040Z usage: python.exe D:\a\zeus\zeus\.venv\Scripts\harness-supervisor
2026-09-10T02:32:19.9632168Z        [-h] [--once] [--research] [--releases] [--repository REPOSITORY]
2026-09-10T02:32:19.9632765Z 
2026-09-10T02:32:19.9632921Z options:
2026-09-10T02:32:19.9633317Z   -h, --help            show this help message and exit
2026-09-10T02:32:19.9633803Z   --once
2026-09-10T02:32:19.9634105Z   --research
2026-09-10T02:32:19.9634430Z   --releases
2026-09-10T02:32:19.9634769Z   --repository REPOSITORY
2026-09-10T02:32:20.1651622Z ##[group]Run uv run zeus --version
2026-09-10T02:32:20.1652095Z [36;1muv run zeus --version[0m
2026-09-10T02:32:20.1722372Z shell: C:\Program Files\PowerShell\7\pwsh.EXE -command ". '{0}'"
2026-09-10T02:32:20.1722712Z env:
2026-09-10T02:32:20.1722992Z   pythonLocation: C:\hostedtoolcache\windows\Python\3.14.7\x64
2026-09-10T02:32:20.1723496Z   PKG_CONFIG_PATH: C:\hostedtoolcache\windows\Python\3.14.7\x64/lib/pkgconfig
2026-09-10T02:32:20.1724029Z   Python_ROOT_DIR: C:\hostedtoolcache\windows\Python\3.14.7\x64
2026-09-10T02:32:20.1724481Z   Python2_ROOT_DIR: C:\hostedtoolcache\windows\Python\3.14.7\x64
2026-09-10T02:32:20.1724934Z   Python3_ROOT_DIR: C:\hostedtoolcache\windows\Python\3.14.7\x64
2026-09-10T02:32:20.1725313Z ##[endgroup]
2026-09-10T02:32:20.8623265Z Zeus 0.2.0
2026-09-10T02:32:21.0366322Z ##[group]Run uv run python -m zeus ticket --help
2026-09-10T02:32:21.0366836Z [36;1muv run python -m zeus ticket --help[0m
2026-09-10T02:32:21.0436729Z shell: C:\Program Files\PowerShell\7\pwsh.EXE -command ". '{0}'"
2026-09-10T02:32:21.0437127Z env:
2026-09-10T02:32:21.0437478Z   pythonLocation: C:\hostedtoolcache\windows\Python\3.14.7\x64
2026-09-10T02:32:21.0437980Z   PKG_CONFIG_PATH: C:\hostedtoolcache\windows\Python\3.14.7\x64/lib/pkgconfig
2026-09-10T02:32:21.0438421Z   Python_ROOT_DIR: C:\hostedtoolcache\windows\Python\3.14.7\x64
2026-09-10T02:32:21.0438811Z   Python2_ROOT_DIR: C:\hostedtoolcache\windows\Python\3.14.7\x64
2026-09-10T02:32:21.0439200Z   Python3_ROOT_DIR: C:\hostedtoolcache\windows\Python\3.14.7\x64
2026-09-10T02:32:21.0439512Z ##[endgroup]
2026-09-10T02:32:21.7239223Z usage: zeus ticket [-h]
2026-09-10T02:32:21.7240019Z                    {list,create,show,export,update,review,dispatch,sync,pull,evidence,prepare-close,close,reopen,review-close} ...
2026-09-10T02:32:21.7240569Z 
2026-09-10T02:32:21.7240668Z positional arguments:
2026-09-10T02:32:21.7241208Z   {list,create,show,export,update,review,dispatch,sync,pull,evidence,prepare-close,close,reopen,review-close}
2026-09-10T02:32:21.7241689Z 
2026-09-10T02:32:21.7241761Z options:
2026-09-10T02:32:21.7241986Z   -h, --help            show this help message and exit
2026-09-10T02:32:21.8997301Z ##[group]Run uv run zeus-monitor --help
2026-09-10T02:32:21.8997804Z [36;1muv run zeus-monitor --help[0m
2026-09-10T02:32:21.9068662Z shell: C:\Program Files\PowerShell\7\pwsh.EXE -command ". '{0}'"
2026-09-10T02:32:21.9069085Z env:
2026-09-10T02:32:21.9069420Z   pythonLocation: C:\hostedtoolcache\windows\Python\3.14.7\x64
2026-09-10T02:32:21.9069940Z   PKG_CONFIG_PATH: C:\hostedtoolcache\windows\Python\3.14.7\x64/lib/pkgconfig
2026-09-10T02:32:21.9070463Z   Python_ROOT_DIR: C:\hostedtoolcache\windows\Python\3.14.7\x64
2026-09-10T02:32:21.9071293Z   Python2_ROOT_DIR: C:\hostedtoolcache\windows\Python\3.14.7\x64
2026-09-10T02:32:21.9071977Z   Python3_ROOT_DIR: C:\hostedtoolcache\windows\Python\3.14.7\x64
2026-09-10T02:32:21.9072346Z ##[endgroup]
2026-09-10T02:32:22.3841678Z usage: python.exe D:\a\zeus\zeus\.venv\Scripts\zeus-monitor
2026-09-10T02:32:22.3842345Z        [-h] [--once] [--repository REPOSITORY] [--port PORT] {collect,web}
2026-09-10T02:32:22.3842685Z 
2026-09-10T02:32:22.3842950Z positional arguments:
2026-09-10T02:32:22.3843231Z   {collect,web}
2026-09-10T02:32:22.3843365Z 
2026-09-10T02:32:22.3843490Z options:
2026-09-10T02:32:22.3843726Z   -h, --help            show this help message and exit
2026-09-10T02:32:22.3844017Z   --once
2026-09-10T02:32:22.3844269Z   --repository REPOSITORY
2026-09-10T02:32:22.3844569Z   --port PORT
2026-09-10T02:32:22.5407469Z Node 20 is being deprecated. This workflow is running with Node 24 by default. If you need to temporarily use Node 20, you can set the ACTIONS_ALLOW_USE_UNSECURE_NODE_VERSION=true environment variable. For more information see: https://github.blog/changelog/2025-09-19-deprecation-of-node-20-on-github-actions-runners/
2026-09-10T02:32:22.5408808Z Post job cleanup.
2026-09-10T02:32:22.6911935Z (node:8732) [DEP0040] DeprecationWarning: The `punycode` module is deprecated. Please use a userland alternative instead.
2026-09-10T02:32:22.6912646Z (Use `node --trace-deprecation ...` to show where the warning was created)
2026-09-10T02:32:22.7245060Z Node 20 is being deprecated. This workflow is running with Node 24 by default. If you need to temporarily use Node 20, you can set the ACTIONS_ALLOW_USE_UNSECURE_NODE_VERSION=true environment variable. For more information see: https://github.blog/changelog/2025-09-19-deprecation-of-node-20-on-github-actions-runners/
2026-09-10T02:32:22.7246563Z Post job cleanup.
2026-09-10T02:32:22.9153726Z [command]"C:\Program Files\Git\bin\git.exe" version
2026-09-10T02:32:22.9458751Z git version 2.55.0.windows.5
2026-09-10T02:32:22.9534586Z Temporarily overriding HOME='D:\a\_temp\3a8790c9-eeca-408d-8127-a44dad918863' before making global git config changes
2026-09-10T02:32:22.9535738Z Adding repository directory to the temporary git global config as a safe directory
2026-09-10T02:32:22.9547525Z [command]"C:\Program Files\Git\bin\git.exe" config --global --add safe.directory D:\a\zeus\zeus
2026-09-10T02:32:22.9871075Z [command]"C:\Program Files\Git\bin\git.exe" config --local --name-only --get-regexp core\.sshCommand
2026-09-10T02:32:23.0184303Z [command]"C:\Program Files\Git\bin\git.exe" submodule foreach --recursive "sh -c \"git config --local --name-only --get-regexp 'core\.sshCommand' && git config --local --unset-all 'core.sshCommand' || :\""
2026-09-10T02:32:23.5530077Z [command]"C:\Program Files\Git\bin\git.exe" config --local --name-only --get-regexp http\.https\:\/\/github\.com\/\.extraheader
2026-09-10T02:32:23.5788027Z http.https://github.com/.extraheader
2026-09-10T02:32:23.5829748Z [command]"C:\Program Files\Git\bin\git.exe" config --local --unset-all http.https://github.com/.extraheader
2026-09-10T02:32:23.6133517Z [command]"C:\Program Files\Git\bin\git.exe" submodule foreach --recursive "sh -c \"git config --local --name-only --get-regexp 'http\.https\:\/\/github\.com\/\.extraheader' && git config --local --unset-all 'http.https://github.com/.extraheader' || :\""
2026-09-10T02:32:24.1516435Z [command]"C:\Program Files\Git\bin\git.exe" config --local --name-only --get-regexp ^includeIf\.gitdir:
2026-09-10T02:32:24.1807877Z [command]"C:\Program Files\Git\bin\git.exe" submodule foreach --recursive "git config --local --show-origin --name-only --get-regexp remote.origin.url"
2026-09-10T02:32:24.7262792Z Cleaning up orphan processes
2026-09-10T02:32:24.7620571Z ##[warning]Node.js 20 is deprecated. The following actions target Node.js 20 but are being forced to run on Node.js 24: actions/checkout@v4, actions/setup-python@v5. For more information see: https://github.blog/changelog/2025-09-19-deprecation-of-node-20-on-github-actions-runners/
