2026-09-10T02:27:36.3159689Z Current runner version: '2.337.0'
2026-09-10T02:27:36.3196670Z ##[group]Runner Image Provisioner
2026-09-10T02:27:36.3197975Z Hosted Compute Agent
2026-09-10T02:27:36.3199031Z Version: 20260828.587
2026-09-10T02:27:36.3200216Z Commit: abac92662cab4cc7352de4f9f9d2e2419aad9c29
2026-09-10T02:27:36.3201653Z Build Date: 2026-08-28T16:44:25Z
2026-09-10T02:27:36.3202976Z Worker ID: {418097d6-0c15-4117-9eac-d2573923689c}
2026-09-10T02:27:36.3204222Z Azure Region: eastus
2026-09-10T02:27:36.3205229Z ##[endgroup]
2026-09-10T02:27:36.3207577Z ##[group]Operating System
2026-09-10T02:27:36.3208572Z Ubuntu
2026-09-10T02:27:36.3209572Z 24.04.5
2026-09-10T02:27:36.3210489Z LTS
2026-09-10T02:27:36.3211657Z ##[endgroup]
2026-09-10T02:27:36.3212654Z ##[group]Runner Image
2026-09-10T02:27:36.3213658Z Image: ubuntu-24.04
2026-09-10T02:27:36.3214731Z Version: 20260907.300.1
2026-09-10T02:27:36.3216794Z Included Software: https://github.com/actions/runner-images/blob/ubuntu24/20260907.300/images/ubuntu/Ubuntu2404-Readme.md
2026-09-10T02:27:36.3220179Z Image Release: https://github.com/actions/runner-images/releases/tag/ubuntu24%2F20260907.300
2026-09-10T02:27:36.3222239Z ##[endgroup]
2026-09-10T02:27:36.3224182Z ##[group]GITHUB_TOKEN Permissions
2026-09-10T02:27:36.3227148Z Contents: read
2026-09-10T02:27:36.3228098Z Metadata: read
2026-09-10T02:27:36.3228982Z ##[endgroup]
2026-09-10T02:27:36.3232218Z Secret source: Actions
2026-09-10T02:27:36.3233774Z Cache mode: write
2026-09-10T02:27:36.3235351Z Prepare workflow directory
2026-09-10T02:27:36.3706605Z Prepare all required actions
2026-09-10T02:27:36.3777105Z Getting action download info
2026-09-10T02:27:36.5875924Z Download action repository 'actions/checkout@v4' (SHA:11d5960a326750d5838078e36cf38b85af677262)
2026-09-10T02:27:36.6887048Z Download action repository 'actions/setup-python@v5' (SHA:a26af69be951a213d495a4c3e4e4022e16d87065)
2026-09-10T02:27:36.8757891Z Complete job name: test (ubuntu-latest, 3.12)
2026-09-10T02:27:36.9550340Z Node 20 is being deprecated. This workflow is running with Node 24 by default. If you need to temporarily use Node 20, you can set the ACTIONS_ALLOW_USE_UNSECURE_NODE_VERSION=true environment variable. For more information see: https://github.blog/changelog/2025-09-19-deprecation-of-node-20-on-github-actions-runners/
2026-09-10T02:27:36.9559123Z ##[group]Run actions/checkout@v4
2026-09-10T02:27:36.9559860Z with:
2026-09-10T02:27:36.9560301Z   fetch-depth: 0
2026-09-10T02:27:36.9560766Z   repository: trevi00/zeus
2026-09-10T02:27:36.9564667Z   token: ***
2026-09-10T02:27:36.9565109Z   ssh-strict: true
2026-09-10T02:27:36.9565548Z   ssh-user: git
2026-09-10T02:27:36.9565988Z   persist-credentials: true
2026-09-10T02:27:36.9566481Z   clean: true
2026-09-10T02:27:36.9566932Z   sparse-checkout-cone-mode: true
2026-09-10T02:27:36.9567441Z   fetch-tags: false
2026-09-10T02:27:36.9567873Z   show-progress: true
2026-09-10T02:27:36.9568312Z   lfs: false
2026-09-10T02:27:36.9568752Z   submodules: false
2026-09-10T02:27:36.9569189Z   set-safe-directory: true
2026-09-10T02:27:36.9569693Z   allow-unsafe-pr-checkout: false
2026-09-10T02:27:36.9570479Z ##[endgroup]
2026-09-10T02:27:37.0612611Z Syncing repository: trevi00/zeus
2026-09-10T02:27:37.0614420Z ##[group]Getting Git version info
2026-09-10T02:27:37.0615148Z Working directory is '/home/runner/work/zeus/zeus'
2026-09-10T02:27:37.0616097Z [command]/usr/bin/git version
2026-09-10T02:27:37.0719526Z git version 2.55.0
2026-09-10T02:27:37.0747944Z ##[endgroup]
2026-09-10T02:27:37.0765236Z Temporarily overriding HOME='/home/runner/work/_temp/e4c66d2f-aca2-4ecd-82a7-ef80d4d63f5a' before making global git config changes
2026-09-10T02:27:37.0766745Z Adding repository directory to the temporary git global config as a safe directory
2026-09-10T02:27:37.0784980Z [command]/usr/bin/git config --global --add safe.directory /home/runner/work/zeus/zeus
2026-09-10T02:27:37.0837220Z Deleting the contents of '/home/runner/work/zeus/zeus'
2026-09-10T02:27:37.0841706Z ##[group]Initializing the repository
2026-09-10T02:27:37.0847199Z [command]/usr/bin/git init /home/runner/work/zeus/zeus
2026-09-10T02:27:37.0943599Z hint: Using 'master' as the name for the initial branch. This default branch name
2026-09-10T02:27:37.0945272Z hint: will change to "main" in Git 3.0. To configure the initial branch name
2026-09-10T02:27:37.0946866Z hint: to use in all of your new repositories, which will suppress this warning,
2026-09-10T02:27:37.0948105Z hint: call:
2026-09-10T02:27:37.0949036Z hint:
2026-09-10T02:27:37.0950140Z hint: 	git config --global init.defaultBranch <name>
2026-09-10T02:27:37.0951196Z hint:
2026-09-10T02:27:37.0952824Z hint: Names commonly chosen instead of 'master' are 'main', 'trunk' and
2026-09-10T02:27:37.0954461Z hint: 'development'. The just-created branch can be renamed via this command:
2026-09-10T02:27:37.0955639Z hint:
2026-09-10T02:27:37.0956587Z hint: 	git branch -m <name>
2026-09-10T02:27:37.0957542Z hint:
2026-09-10T02:27:37.0961962Z hint: Disable this message with "git config set advice.defaultBranchName false"
2026-09-10T02:27:37.0963424Z Initialized empty Git repository in /home/runner/work/zeus/zeus/.git/
2026-09-10T02:27:37.0965046Z [command]/usr/bin/git remote add origin https://github.com/trevi00/zeus
2026-09-10T02:27:37.1011202Z ##[endgroup]
2026-09-10T02:27:37.1012191Z ##[group]Disabling automatic garbage collection
2026-09-10T02:27:37.1016057Z [command]/usr/bin/git config --local gc.auto 0
2026-09-10T02:27:37.1046835Z ##[endgroup]
2026-09-10T02:27:37.1047573Z ##[group]Setting up auth
2026-09-10T02:27:37.1055499Z [command]/usr/bin/git config --local --name-only --get-regexp core\.sshCommand
2026-09-10T02:27:37.1091761Z [command]/usr/bin/git submodule foreach --recursive sh -c "git config --local --name-only --get-regexp 'core\.sshCommand' && git config --local --unset-all 'core.sshCommand' || :"
2026-09-10T02:27:37.1466123Z [command]/usr/bin/git config --local --name-only --get-regexp http\.https\:\/\/github\.com\/\.extraheader
2026-09-10T02:27:37.1506897Z [command]/usr/bin/git submodule foreach --recursive sh -c "git config --local --name-only --get-regexp 'http\.https\:\/\/github\.com\/\.extraheader' && git config --local --unset-all 'http.https://github.com/.extraheader' || :"
2026-09-10T02:27:37.1745704Z [command]/usr/bin/git config --local --name-only --get-regexp ^includeIf\.gitdir:
2026-09-10T02:27:37.1783951Z [command]/usr/bin/git submodule foreach --recursive git config --local --show-origin --name-only --get-regexp remote.origin.url
2026-09-10T02:27:37.2008817Z [command]/usr/bin/git config --local http.https://github.com/.extraheader AUTHORIZATION: basic ***
2026-09-10T02:27:37.2049969Z ##[endgroup]
2026-09-10T02:27:37.2051711Z ##[group]Fetching the repository
2026-09-10T02:27:37.2061318Z [command]/usr/bin/git -c protocol.version=2 fetch --prune --no-recurse-submodules origin +refs/heads/*:refs/remotes/origin/* +refs/tags/*:refs/tags/*
2026-09-10T02:27:37.9250034Z From https://github.com/trevi00/zeus
2026-09-10T02:27:37.9252161Z  * [new branch]      main       -> origin/main
2026-09-10T02:27:37.9272665Z [command]/usr/bin/git branch --list --remote origin/main
2026-09-10T02:27:37.9293024Z   origin/main
2026-09-10T02:27:37.9313291Z [command]/usr/bin/git rev-parse refs/remotes/origin/main
2026-09-10T02:27:37.9332114Z 2b890f9fafa86fe20ae9ff03819444272eaaa6e6
2026-09-10T02:27:37.9345572Z ##[endgroup]
2026-09-10T02:27:37.9353344Z ##[group]Determining the checkout info
2026-09-10T02:27:37.9355160Z ##[endgroup]
2026-09-10T02:27:37.9356704Z [command]/usr/bin/git sparse-checkout disable
2026-09-10T02:27:37.9412178Z [command]/usr/bin/git config --local --unset-all extensions.worktreeConfig
2026-09-10T02:27:37.9447482Z ##[group]Checking out the ref
2026-09-10T02:27:37.9451937Z [command]/usr/bin/git checkout --progress --force -B main refs/remotes/origin/main
2026-09-10T02:27:38.1832592Z Switched to a new branch 'main'
2026-09-10T02:27:38.1836216Z branch 'main' set up to track 'origin/main'.
2026-09-10T02:27:38.1852098Z ##[endgroup]
2026-09-10T02:27:38.1898660Z [command]/usr/bin/git log -1 --format=%H
2026-09-10T02:27:38.1927213Z 2b890f9fafa86fe20ae9ff03819444272eaaa6e6
2026-09-10T02:27:38.2254383Z Node 20 is being deprecated. This workflow is running with Node 24 by default. If you need to temporarily use Node 20, you can set the ACTIONS_ALLOW_USE_UNSECURE_NODE_VERSION=true environment variable. For more information see: https://github.blog/changelog/2025-09-19-deprecation-of-node-20-on-github-actions-runners/
2026-09-10T02:27:38.2259015Z ##[group]Run actions/setup-python@v5
2026-09-10T02:27:38.2259737Z with:
2026-09-10T02:27:38.2260201Z   python-version: 3.12
2026-09-10T02:27:38.2260779Z   check-latest: false
2026-09-10T02:27:38.2268945Z   token: ***
2026-09-10T02:27:38.2269480Z   update-environment: true
2026-09-10T02:27:38.2270147Z   allow-prereleases: false
2026-09-10T02:27:38.2270761Z   freethreaded: false
2026-09-10T02:27:38.2271285Z ##[endgroup]
2026-09-10T02:27:38.3612606Z ##[group]Installed versions
2026-09-10T02:27:38.3704783Z (node:2262) [DEP0040] DeprecationWarning: The `punycode` module is deprecated. Please use a userland alternative instead.
2026-09-10T02:27:38.3708531Z (Use `node --trace-deprecation ...` to show where the warning was created)
2026-09-10T02:27:38.3710839Z Successfully set up CPython (3.12.14)
2026-09-10T02:27:38.3713365Z ##[endgroup]
2026-09-10T02:27:38.3934116Z ##[group]Run python -m pip install uv==0.12.2
2026-09-10T02:27:38.3935604Z [36;1mpython -m pip install uv==0.12.2[0m
2026-09-10T02:27:38.4003075Z shell: /usr/bin/bash -e {0}
2026-09-10T02:27:38.4004029Z env:
2026-09-10T02:27:38.4005030Z   pythonLocation: /opt/hostedtoolcache/Python/3.12.14/x64
2026-09-10T02:27:38.4006961Z   PKG_CONFIG_PATH: /opt/hostedtoolcache/Python/3.12.14/x64/lib/pkgconfig
2026-09-10T02:27:38.4008964Z   Python_ROOT_DIR: /opt/hostedtoolcache/Python/3.12.14/x64
2026-09-10T02:27:38.4010719Z   Python2_ROOT_DIR: /opt/hostedtoolcache/Python/3.12.14/x64
2026-09-10T02:27:38.4012667Z   Python3_ROOT_DIR: /opt/hostedtoolcache/Python/3.12.14/x64
2026-09-10T02:27:38.4014488Z   LD_LIBRARY_PATH: /opt/hostedtoolcache/Python/3.12.14/x64/lib
2026-09-10T02:27:38.4015958Z ##[endgroup]
2026-09-10T02:27:39.4534041Z Collecting uv==0.12.2
2026-09-10T02:27:39.5047951Z   Downloading uv-0.12.2-py3-none-manylinux_2_17_x86_64.manylinux2014_x86_64.whl.metadata (11 kB)
2026-09-10T02:27:39.5140050Z Downloading uv-0.12.2-py3-none-manylinux_2_17_x86_64.manylinux2014_x86_64.whl (22.3 MB)
2026-09-10T02:27:39.7014654Z    ━━━━━━━━━━━━━━━━━━━━━━━━━━━━━━━━━━━━━━━━ 22.3/22.3 MB 134.4 MB/s  0:00:00
2026-09-10T02:27:39.7580596Z Installing collected packages: uv
2026-09-10T02:27:39.9901584Z Successfully installed uv-0.12.2
2026-09-10T02:27:40.0472548Z ##[group]Run uv sync --frozen
2026-09-10T02:27:40.0473067Z [36;1muv sync --frozen[0m
2026-09-10T02:27:40.0523112Z shell: /usr/bin/bash -e {0}
2026-09-10T02:27:40.0523550Z env:
2026-09-10T02:27:40.0523841Z   pythonLocation: /opt/hostedtoolcache/Python/3.12.14/x64
2026-09-10T02:27:40.0524305Z   PKG_CONFIG_PATH: /opt/hostedtoolcache/Python/3.12.14/x64/lib/pkgconfig
2026-09-10T02:27:40.0525130Z   Python_ROOT_DIR: /opt/hostedtoolcache/Python/3.12.14/x64
2026-09-10T02:27:40.0525858Z   Python2_ROOT_DIR: /opt/hostedtoolcache/Python/3.12.14/x64
2026-09-10T02:27:40.0526529Z   Python3_ROOT_DIR: /opt/hostedtoolcache/Python/3.12.14/x64
2026-09-10T02:27:40.0527237Z   LD_LIBRARY_PATH: /opt/hostedtoolcache/Python/3.12.14/x64/lib
2026-09-10T02:27:40.0527801Z ##[endgroup]
2026-09-10T02:27:40.1195553Z Using CPython 3.12.14 interpreter at: /opt/hostedtoolcache/Python/3.12.14/x64/bin/python3
2026-09-10T02:27:40.1196860Z Creating virtual environment at: .venv
2026-09-10T02:27:40.1353506Z    Building zeus-harness @ file:///home/runner/work/zeus/zeus
2026-09-10T02:27:40.2135122Z Downloading tokenizers (3.2MiB)
2026-09-10T02:27:40.2139092Z Downloading hf-xet (4.3MiB)
2026-09-10T02:27:40.2140135Z Downloading ruff (9.8MiB)
2026-09-10T02:27:40.2148083Z Downloading numpy (15.9MiB)
2026-09-10T02:27:40.2154004Z Downloading pillow (6.6MiB)
2026-09-10T02:27:40.2160550Z Downloading pygments (1.2MiB)
2026-09-10T02:27:40.2186431Z Downloading onnxruntime (22.1MiB)
2026-09-10T02:27:40.2188828Z Downloading psycopg-binary (5.0MiB)
2026-09-10T02:27:40.6423834Z  Downloaded tokenizers
2026-09-10T02:27:40.6822184Z  Downloaded hf-xet
2026-09-10T02:27:40.7424073Z  Downloaded psycopg-binary
2026-09-10T02:27:40.8325268Z  Downloaded ruff
2026-09-10T02:27:40.8642346Z  Downloaded pillow
2026-09-10T02:27:40.9542512Z  Downloaded pygments
2026-09-10T02:27:40.9888148Z  Downloaded onnxruntime
2026-09-10T02:27:41.1809220Z  Downloaded numpy
2026-09-10T02:27:41.1905344Z       Built zeus-harness @ file:///home/runner/work/zeus/zeus
2026-09-10T02:27:41.1913676Z Prepared 55 packages in 1.06s
2026-09-10T02:27:41.2298869Z Installed 55 packages in 38ms
2026-09-10T02:27:41.2299384Z  + anyio==4.15.1
2026-09-10T02:27:41.2299740Z  + arrow==1.4.0
2026-09-10T02:27:41.2300062Z  + attrs==26.1.0
2026-09-10T02:27:41.2300395Z  + certifi==2026.7.22
2026-09-10T02:27:41.2300905Z  + charset-normalizer==3.5.1
2026-09-10T02:27:41.2301816Z  + click==8.5.0
2026-09-10T02:27:41.2302750Z  + fastembed==0.8.0
2026-09-10T02:27:41.2303149Z  + filelock==3.32.5
2026-09-10T02:27:41.2303506Z  + flatbuffers==25.12.19
2026-09-10T02:27:41.2303894Z  + fqdn==1.5.1
2026-09-10T02:27:41.2304258Z  + fsspec==2026.7.0
2026-09-10T02:27:41.2304613Z  + h11==0.16.0
2026-09-10T02:27:41.2304938Z  + hf-xet==1.6.0
2026-09-10T02:27:41.2305275Z  + httpcore==1.0.9
2026-09-10T02:27:41.2305632Z  + httpx==0.28.1
2026-09-10T02:27:41.2305998Z  + huggingface-hub==1.30.0
2026-09-10T02:27:41.2306401Z  + idna==3.19
2026-09-10T02:27:41.2306761Z  + iniconfig==2.3.0
2026-09-10T02:27:41.2307153Z  + isoduration==20.11.0
2026-09-10T02:27:41.2307600Z  + jsonpointer==3.1.1
2026-09-10T02:27:41.2307986Z  + jsonschema==4.26.0
2026-09-10T02:27:41.2308482Z  + jsonschema-specifications==2025.9.1
2026-09-10T02:27:41.2308936Z  + loguru==0.7.3
2026-09-10T02:27:41.2309282Z  + mmh3==5.3.0
2026-09-10T02:27:41.2309609Z  + numpy==2.5.3
2026-09-10T02:27:41.2309974Z  + onnxruntime==1.29.0
2026-09-10T02:27:41.2310354Z  + packaging==26.3
2026-09-10T02:27:41.2310709Z  + pillow==12.3.0
2026-09-10T02:27:41.2311064Z  + pluggy==1.6.0
2026-09-10T02:27:41.2311745Z  + protobuf==7.36.1
2026-09-10T02:27:41.2312127Z  + psycopg==3.3.5
2026-09-10T02:27:41.2312498Z  + psycopg-binary==3.3.5
2026-09-10T02:27:41.2312913Z  + py-rust-stemmers==0.1.8
2026-09-10T02:27:41.2313511Z  + pygments==2.21.0
2026-09-10T02:27:41.2314171Z  + pytest==9.1.1
2026-09-10T02:27:41.2314554Z  + python-dateutil==2.9.0.post0
2026-09-10T02:27:41.2314982Z  + pyyaml==6.0.3
2026-09-10T02:27:41.2315327Z  + redis==6.4.0
2026-09-10T02:27:41.2315693Z  + referencing==0.37.0
2026-09-10T02:27:41.2316413Z  + requests==2.34.2
2026-09-10T02:27:41.2316850Z  + rfc3339-validator==0.1.4
2026-09-10T02:27:41.2317268Z  + rfc3987==1.3.8
2026-09-10T02:27:41.2317643Z  + rpds-py==2026.6.3
2026-09-10T02:27:41.2318034Z  + ruff==0.16.6
2026-09-10T02:27:41.2318388Z  + six==1.17.0
2026-09-10T02:27:41.2318755Z  + tokenizers==0.23.2
2026-09-10T02:27:41.2319146Z  + tqdm==4.70.0
2026-09-10T02:27:41.2319525Z  + tree-sitter==0.25.2
2026-09-10T02:27:41.2320005Z  + tree-sitter-python==0.25.0
2026-09-10T02:27:41.2320703Z  + typing-extensions==4.16.0
2026-09-10T02:27:41.2321166Z  + tzdata==2026.3
2026-09-10T02:27:41.2321843Z  + uri-template==1.3.0
2026-09-10T02:27:41.2322391Z  + urllib3==2.7.0
2026-09-10T02:27:41.2323095Z  + webcolors==25.10.0
2026-09-10T02:27:41.2324160Z  + zeus-harness==0.2.0 (from file:///home/runner/work/zeus/zeus)
2026-09-10T02:27:41.2461806Z ##[group]Run uv run ruff check .
2026-09-10T02:27:41.2462139Z [36;1muv run ruff check .[0m
2026-09-10T02:27:41.2499119Z shell: /usr/bin/bash -e {0}
2026-09-10T02:27:41.2499363Z env:
2026-09-10T02:27:41.2499633Z   pythonLocation: /opt/hostedtoolcache/Python/3.12.14/x64
2026-09-10T02:27:41.2500074Z   PKG_CONFIG_PATH: /opt/hostedtoolcache/Python/3.12.14/x64/lib/pkgconfig
2026-09-10T02:27:41.2500519Z   Python_ROOT_DIR: /opt/hostedtoolcache/Python/3.12.14/x64
2026-09-10T02:27:41.2500943Z   Python2_ROOT_DIR: /opt/hostedtoolcache/Python/3.12.14/x64
2026-09-10T02:27:41.2501575Z   Python3_ROOT_DIR: /opt/hostedtoolcache/Python/3.12.14/x64
2026-09-10T02:27:41.2502168Z   LD_LIBRARY_PATH: /opt/hostedtoolcache/Python/3.12.14/x64/lib
2026-09-10T02:27:41.2502489Z ##[endgroup]
2026-09-10T02:27:41.3788384Z All checks passed!
2026-09-10T02:27:41.3836753Z ##[group]Run uv run pytest -q
2026-09-10T02:27:41.3837073Z [36;1muv run pytest -q[0m
2026-09-10T02:27:41.3874265Z shell: /usr/bin/bash -e {0}
2026-09-10T02:27:41.3874515Z env:
2026-09-10T02:27:41.3874780Z   pythonLocation: /opt/hostedtoolcache/Python/3.12.14/x64
2026-09-10T02:27:41.3875243Z   PKG_CONFIG_PATH: /opt/hostedtoolcache/Python/3.12.14/x64/lib/pkgconfig
2026-09-10T02:27:41.3875682Z   Python_ROOT_DIR: /opt/hostedtoolcache/Python/3.12.14/x64
2026-09-10T02:27:41.3876066Z   Python2_ROOT_DIR: /opt/hostedtoolcache/Python/3.12.14/x64
2026-09-10T02:27:41.3876450Z   Python3_ROOT_DIR: /opt/hostedtoolcache/Python/3.12.14/x64
2026-09-10T02:27:41.3876837Z   LD_LIBRARY_PATH: /opt/hostedtoolcache/Python/3.12.14/x64/lib
2026-09-10T02:27:41.3877169Z ##[endgroup]
2026-09-10T02:27:46.3299128Z .......................................................................s [  5%]
2026-09-10T02:27:46.6197629Z ............ssssssssssss..ss....ssss.s.s..ss.s.s.s.s.s.ss.s.s....s.s.s.s [ 11%]
2026-09-10T02:27:46.7999078Z .s.s.s.s.s.s.s.s.s.s.s.s.s.s.s.s.s.s.s.sss...s..s.s..................... [ 17%]
2026-09-10T02:27:47.0968160Z .....ssssssss.s.s......ssssss........ssssssss.s.s.s.s.ss.s...sss.s..ss.. [ 23%]
2026-09-10T02:27:47.3540007Z ..ssss.s.s.s.s.s.s.s.s.s.s.s.ss...s.s.s........s.s.s.s.s.s.s.s.sss...... [ 29%]
2026-09-10T02:27:48.2595007Z ..........................s.s.s.s.s..ss.s.s.s.s.s.s.s.s.s.s.s.s.s..ss.s. [ 35%]
2026-09-10T02:27:48.9416432Z s.ssssssssssssssssssssssssss............................................ [ 41%]
2026-09-10T02:27:51.3552786Z .........................................................ssssss.s.s.s.s. [ 47%]
2026-09-10T02:27:54.2607337Z s.s.s................................................................... [ 53%]
2026-09-10T02:27:57.4012402Z ....................................................s.s.s....s..s....... [ 59%]
2026-09-10T02:28:03.6229865Z ....................................................................s.s. [ 65%]
2026-09-10T02:28:03.8319709Z s.........sssssssss.....sssss.s.ss.s.s.s....ssss..ss.s.................. [ 71%]
2026-09-10T02:28:06.7751166Z .....................ssssss.............................s............... [ 77%]
2026-09-10T02:28:13.1720207Z ...............s.s.s.s.s................................................ [ 83%]
2026-09-10T02:28:15.3529373Z ......s........ssssssss.....sssss.s.s.s.s.s.s..ss.......sssssss.s.s.s.s. [ 89%]
2026-09-10T02:28:16.4590734Z s.s.s.s.s.s.s.s.s.s.s.s.s.s.s.s.s.s.........................s........... [ 95%]
2026-09-10T02:28:17.4813455Z ....ss....................................................               [100%]
2026-09-10T02:28:17.4814135Z 917 passed, 293 skipped in 34.94s
2026-09-10T02:28:17.5920339Z ##[group]Run uv build
2026-09-10T02:28:17.5920629Z [36;1muv build[0m
2026-09-10T02:28:17.5962821Z shell: /usr/bin/bash -e {0}
2026-09-10T02:28:17.5963221Z env:
2026-09-10T02:28:17.5963636Z   pythonLocation: /opt/hostedtoolcache/Python/3.12.14/x64
2026-09-10T02:28:17.5964356Z   PKG_CONFIG_PATH: /opt/hostedtoolcache/Python/3.12.14/x64/lib/pkgconfig
2026-09-10T02:28:17.5965060Z   Python_ROOT_DIR: /opt/hostedtoolcache/Python/3.12.14/x64
2026-09-10T02:28:17.5965705Z   Python2_ROOT_DIR: /opt/hostedtoolcache/Python/3.12.14/x64
2026-09-10T02:28:17.5966369Z   Python3_ROOT_DIR: /opt/hostedtoolcache/Python/3.12.14/x64
2026-09-10T02:28:17.5967028Z   LD_LIBRARY_PATH: /opt/hostedtoolcache/Python/3.12.14/x64/lib
2026-09-10T02:28:17.5967573Z ##[endgroup]
2026-09-10T02:28:17.6139347Z Building source distribution...
2026-09-10T02:28:20.0899948Z Building wheel from source distribution...
2026-09-10T02:28:20.4922539Z Successfully built dist/zeus_harness-0.2.0.tar.gz
2026-09-10T02:28:20.4923450Z Successfully built dist/zeus_harness-0.2.0-py3-none-any.whl
2026-09-10T02:28:20.4994697Z ##[group]Run uv run harness-supervisor --help
2026-09-10T02:28:20.4995249Z [36;1muv run harness-supervisor --help[0m
2026-09-10T02:28:20.5030791Z shell: /usr/bin/bash -e {0}
2026-09-10T02:28:20.5031032Z env:
2026-09-10T02:28:20.5031297Z   pythonLocation: /opt/hostedtoolcache/Python/3.12.14/x64
2026-09-10T02:28:20.5032030Z   PKG_CONFIG_PATH: /opt/hostedtoolcache/Python/3.12.14/x64/lib/pkgconfig
2026-09-10T02:28:20.5032479Z   Python_ROOT_DIR: /opt/hostedtoolcache/Python/3.12.14/x64
2026-09-10T02:28:20.5032874Z   Python2_ROOT_DIR: /opt/hostedtoolcache/Python/3.12.14/x64
2026-09-10T02:28:20.5033267Z   Python3_ROOT_DIR: /opt/hostedtoolcache/Python/3.12.14/x64
2026-09-10T02:28:20.5033663Z   LD_LIBRARY_PATH: /opt/hostedtoolcache/Python/3.12.14/x64/lib
2026-09-10T02:28:20.5033996Z ##[endgroup]
2026-09-10T02:28:20.8325959Z usage: harness-supervisor [-h] [--once] [--research] [--releases]
2026-09-10T02:28:20.8326660Z                           [--repository REPOSITORY]
2026-09-10T02:28:20.8352102Z 
2026-09-10T02:28:20.8352283Z options:
2026-09-10T02:28:20.8352884Z   -h, --help            show this help message and exit
2026-09-10T02:28:20.8353367Z   --once
2026-09-10T02:28:20.8353640Z   --research
2026-09-10T02:28:20.8353926Z   --releases
2026-09-10T02:28:20.8354232Z   --repository REPOSITORY
2026-09-10T02:28:20.8805453Z ##[group]Run uv run zeus --version
2026-09-10T02:28:20.8805866Z [36;1muv run zeus --version[0m
2026-09-10T02:28:20.8844904Z shell: /usr/bin/bash -e {0}
2026-09-10T02:28:20.8845157Z env:
2026-09-10T02:28:20.8845426Z   pythonLocation: /opt/hostedtoolcache/Python/3.12.14/x64
2026-09-10T02:28:20.8845883Z   PKG_CONFIG_PATH: /opt/hostedtoolcache/Python/3.12.14/x64/lib/pkgconfig
2026-09-10T02:28:20.8846321Z   Python_ROOT_DIR: /opt/hostedtoolcache/Python/3.12.14/x64
2026-09-10T02:28:20.8846708Z   Python2_ROOT_DIR: /opt/hostedtoolcache/Python/3.12.14/x64
2026-09-10T02:28:20.8847093Z   Python3_ROOT_DIR: /opt/hostedtoolcache/Python/3.12.14/x64
2026-09-10T02:28:20.8847478Z   LD_LIBRARY_PATH: /opt/hostedtoolcache/Python/3.12.14/x64/lib
2026-09-10T02:28:20.8847804Z ##[endgroup]
2026-09-10T02:28:21.2152389Z Zeus 0.2.0
2026-09-10T02:28:21.2576253Z ##[group]Run uv run python -m zeus ticket --help
2026-09-10T02:28:21.2576950Z [36;1muv run python -m zeus ticket --help[0m
2026-09-10T02:28:21.2616228Z shell: /usr/bin/bash -e {0}
2026-09-10T02:28:21.2616652Z env:
2026-09-10T02:28:21.2617121Z   pythonLocation: /opt/hostedtoolcache/Python/3.12.14/x64
2026-09-10T02:28:21.2617916Z   PKG_CONFIG_PATH: /opt/hostedtoolcache/Python/3.12.14/x64/lib/pkgconfig
2026-09-10T02:28:21.2618714Z   Python_ROOT_DIR: /opt/hostedtoolcache/Python/3.12.14/x64
2026-09-10T02:28:21.2619142Z   Python2_ROOT_DIR: /opt/hostedtoolcache/Python/3.12.14/x64
2026-09-10T02:28:21.2619562Z   Python3_ROOT_DIR: /opt/hostedtoolcache/Python/3.12.14/x64
2026-09-10T02:28:21.2619978Z   LD_LIBRARY_PATH: /opt/hostedtoolcache/Python/3.12.14/x64/lib
2026-09-10T02:28:21.2620326Z ##[endgroup]
2026-09-10T02:28:21.5718134Z usage: zeus ticket [-h]
2026-09-10T02:28:21.5719560Z                    {list,create,show,export,update,review,dispatch,sync,pull,evidence,prepare-close,close,reopen,review-close}
2026-09-10T02:28:21.5720842Z                    ...
2026-09-10T02:28:21.5721042Z 
2026-09-10T02:28:21.5721278Z positional arguments:
2026-09-10T02:28:21.5722831Z   {list,create,show,export,update,review,dispatch,sync,pull,evidence,prepare-close,close,reopen,review-close}
2026-09-10T02:28:21.5723917Z 
2026-09-10T02:28:21.5724082Z options:
2026-09-10T02:28:21.5724543Z   -h, --help            show this help message and exit
2026-09-10T02:28:21.6164591Z ##[group]Run uv run zeus-monitor --help
2026-09-10T02:28:21.6164951Z [36;1muv run zeus-monitor --help[0m
2026-09-10T02:28:21.6200516Z shell: /usr/bin/bash -e {0}
2026-09-10T02:28:21.6200761Z env:
2026-09-10T02:28:21.6201032Z   pythonLocation: /opt/hostedtoolcache/Python/3.12.14/x64
2026-09-10T02:28:21.6201611Z   PKG_CONFIG_PATH: /opt/hostedtoolcache/Python/3.12.14/x64/lib/pkgconfig
2026-09-10T02:28:21.6202046Z   Python_ROOT_DIR: /opt/hostedtoolcache/Python/3.12.14/x64
2026-09-10T02:28:21.6202420Z   Python2_ROOT_DIR: /opt/hostedtoolcache/Python/3.12.14/x64
2026-09-10T02:28:21.6202991Z   Python3_ROOT_DIR: /opt/hostedtoolcache/Python/3.12.14/x64
2026-09-10T02:28:21.6203373Z   LD_LIBRARY_PATH: /opt/hostedtoolcache/Python/3.12.14/x64/lib
2026-09-10T02:28:21.6203691Z ##[endgroup]
2026-09-10T02:28:21.7385918Z usage: zeus-monitor [-h] [--once] [--repository REPOSITORY] [--port PORT]
2026-09-10T02:28:21.7386695Z                     {collect,web}
2026-09-10T02:28:21.7386920Z 
2026-09-10T02:28:21.7387107Z positional arguments:
2026-09-10T02:28:21.7387392Z   {collect,web}
2026-09-10T02:28:21.7387544Z 
2026-09-10T02:28:21.7387642Z options:
2026-09-10T02:28:21.7387947Z   -h, --help            show this help message and exit
2026-09-10T02:28:21.7388322Z   --once
2026-09-10T02:28:21.7388570Z   --repository REPOSITORY
2026-09-10T02:28:21.7388860Z   --port PORT
2026-09-10T02:28:21.7646654Z Node 20 is being deprecated. This workflow is running with Node 24 by default. If you need to temporarily use Node 20, you can set the ACTIONS_ALLOW_USE_UNSECURE_NODE_VERSION=true environment variable. For more information see: https://github.blog/changelog/2025-09-19-deprecation-of-node-20-on-github-actions-runners/
2026-09-10T02:28:21.7647926Z Post job cleanup.
2026-09-10T02:28:21.8852412Z (node:9206) [DEP0040] DeprecationWarning: The `punycode` module is deprecated. Please use a userland alternative instead.
2026-09-10T02:28:21.8853276Z (Use `node --trace-deprecation ...` to show where the warning was created)
2026-09-10T02:28:21.9093219Z Node 20 is being deprecated. This workflow is running with Node 24 by default. If you need to temporarily use Node 20, you can set the ACTIONS_ALLOW_USE_UNSECURE_NODE_VERSION=true environment variable. For more information see: https://github.blog/changelog/2025-09-19-deprecation-of-node-20-on-github-actions-runners/
2026-09-10T02:28:21.9095330Z Post job cleanup.
2026-09-10T02:28:22.0014470Z [command]/usr/bin/git version
2026-09-10T02:28:22.0060382Z git version 2.55.0
2026-09-10T02:28:22.0100701Z Temporarily overriding HOME='/home/runner/work/_temp/0b442de8-da33-4c55-ae7a-65ded05de01b' before making global git config changes
2026-09-10T02:28:22.0102506Z Adding repository directory to the temporary git global config as a safe directory
2026-09-10T02:28:22.0113970Z [command]/usr/bin/git config --global --add safe.directory /home/runner/work/zeus/zeus
2026-09-10T02:28:22.0165325Z [command]/usr/bin/git config --local --name-only --get-regexp core\.sshCommand
2026-09-10T02:28:22.0237675Z [command]/usr/bin/git submodule foreach --recursive sh -c "git config --local --name-only --get-regexp 'core\.sshCommand' && git config --local --unset-all 'core.sshCommand' || :"
2026-09-10T02:28:22.0520586Z [command]/usr/bin/git config --local --name-only --get-regexp http\.https\:\/\/github\.com\/\.extraheader
2026-09-10T02:28:22.0550961Z http.https://github.com/.extraheader
2026-09-10T02:28:22.0572105Z [command]/usr/bin/git config --local --unset-all http.https://github.com/.extraheader
2026-09-10T02:28:22.0613717Z [command]/usr/bin/git submodule foreach --recursive sh -c "git config --local --name-only --get-regexp 'http\.https\:\/\/github\.com\/\.extraheader' && git config --local --unset-all 'http.https://github.com/.extraheader' || :"
2026-09-10T02:28:22.0881148Z [command]/usr/bin/git config --local --name-only --get-regexp ^includeIf\.gitdir:
2026-09-10T02:28:22.0925540Z [command]/usr/bin/git submodule foreach --recursive git config --local --show-origin --name-only --get-regexp remote.origin.url
2026-09-10T02:28:22.1327599Z Cleaning up orphan processes
2026-09-10T02:28:22.1631746Z ##[warning]Node.js 20 is deprecated. The following actions target Node.js 20 but are being forced to run on Node.js 24: actions/checkout@v4, actions/setup-python@v5. For more information see: https://github.blog/changelog/2025-09-19-deprecation-of-node-20-on-github-actions-runners/
