........................................................................ [  4%]
........................................................................ [  8%]
........................................................................ [ 12%]
........................................................................ [ 16%]
........................................................................ [ 21%]
........................................................................ [ 25%]
...................................................s.................... [ 29%]
........................................................................ [ 33%]
........................................................................ [ 38%]
.............sssss...................................................... [ 42%]
........................................................................ [ 46%]
........................................................................ [ 50%]
........................................................................ [ 54%]
........................................................................ [ 59%]
........................................................................ [ 63%]
........................................................................ [ 67%]
........................................................................ [ 71%]
........................................................................ [ 76%]
........................................................................ [ 80%]
........................................................................ [ 84%]
........................................................................ [ 88%]
........................................................................ [ 92%]
..................................................................s.s... [ 97%]
.................................................                        [100%]
1697 passed, 8 skipped in 222.08s (0:03:42)
