........................................................................ [  4%]
........................................................................ [  9%]
........................................................................ [ 14%]
........................................................................ [ 19%]
........................................................................ [ 24%]
..s..................................................................... [ 29%]
........................................................................ [ 34%]
....................................sssss............................... [ 39%]
........................................................................ [ 44%]
........................................................................ [ 49%]
........................................................................ [ 54%]
.......................s................................................ [ 59%]
........................................................................ [ 64%]
........................................................................ [ 69%]
........................................................................ [ 74%]
........................................................................ [ 79%]
........................................................................ [ 84%]
........................................................................ [ 89%]
........................................................................ [ 94%]
................................s.................s....s....s....s....s. [ 98%]
...s...........                                                          [100%]
1441 passed, 14 skipped in 374.27s (0:06:14)
