........................................................................ [  4%]
........................................................................ [  9%]
........................................................................ [ 14%]
........................................................................ [ 19%]
........................................................................ [ 24%]
..s..................................................................... [ 29%]
........................................................................ [ 34%]
....................................sssss............................... [ 39%]
........................................................................ [ 44%]
........................................................................ [ 49%]
........................................................................ [ 54%]
........................................................................ [ 59%]
........................................................................ [ 64%]
........................................................................ [ 69%]
........................................................................ [ 74%]
........................................................................ [ 79%]
........................................................................ [ 84%]
........................................................................ [ 89%]
........................................................................ [ 94%]
................................s.s..................................... [ 98%]
...............                                                          [100%]
1447 passed, 8 skipped in 123.68s (0:02:03)
