........................................................................ [  4%]
........................................................................ [  9%]
........................................................................ [ 14%]
........................................................................ [ 19%]
...................................................................s.... [ 24%]
........................................................................ [ 29%]
........................................................................ [ 34%]
.............................sssss...................................... [ 39%]
........................................................................ [ 44%]
........................................................................ [ 49%]
........................................................................ [ 54%]
................s....................................................... [ 59%]
........................................................................ [ 64%]
........................................................................ [ 69%]
........................................................................ [ 74%]
........................................................................ [ 79%]
........................................................................ [ 84%]
........................................................................ [ 89%]
........................................................................ [ 94%]
.........................s................s....s....s....s....s....s.... [ 99%]
.......                                                                  [100%]
1433 passed, 14 skipped in 440.87s (0:07:20)
