........................................................................ [  4%]
........................................................................ [  9%]
........................................................................ [ 14%]
........................................................................ [ 19%]
........................................................................ [ 23%]
.....s.................................................................. [ 28%]
........................................................................ [ 33%]
.......................................sssss............................ [ 38%]
........................................................................ [ 42%]
........................................................................ [ 47%]
........................................................................ [ 52%]
........................................................................ [ 57%]
.....s.................................................................. [ 62%]
........................................................................ [ 66%]
........................................................................ [ 71%]
........................................................................ [ 76%]
........................................................................ [ 81%]
........................................................................ [ 85%]
........................................................................ [ 90%]
........................................................................ [ 95%]
..............s.................s....s....s....s....s....s...........    [100%]
1495 passed, 14 skipped in 420.19s (0:07:00)
