........................................................................ [  4%]
........................................................................ [  8%]
........................................................................ [ 12%]
........................................................................ [ 16%]
........................................................................ [ 20%]
........................................................................ [ 24%]
...........................................................s............ [ 28%]
........................................................................ [ 32%]
........................................................................ [ 36%]
.....................sssss.............................................. [ 41%]
........................................................................ [ 45%]
........................................................................ [ 49%]
........................................................................ [ 53%]
........................................................................ [ 57%]
.................................................................s...... [ 61%]
........................................................................ [ 65%]
........................................................................ [ 69%]
........................................................................ [ 73%]
........................................................................ [ 77%]
........................................................................ [ 82%]
........................................................................ [ 86%]
........................................................................ [ 90%]
........................................................................ [ 94%]
......................................s......................s....s....s [ 98%]
....s....s....s...........                                               [100%]
1740 passed, 14 skipped in 601.31s (0:10:01)
