........................................................................ [  4%]
........................................................................ [  9%]
........................................................................ [ 13%]
........................................................................ [ 18%]
........................................................................ [ 22%]
.....s.................................................................. [ 27%]
........................................................................ [ 31%]
.......................................sssss............................ [ 36%]
........................................................................ [ 40%]
........................................................................ [ 45%]
........................................................................ [ 50%]
........................................................................ [ 54%]
........................................................................ [ 59%]
.....s.................................................................. [ 63%]
........................................................................ [ 68%]
........................................................................ [ 72%]
........................................................................ [ 77%]
........................................................................ [ 81%]
........................................................................ [ 86%]
........................................................................ [ 91%]
........................................................................ [ 95%]
..............s.................s....s....s....s....s....s...........    [100%]
1567 passed, 14 skipped in 540.67s (0:09:00)
