........................................................................ [  4%]
........................................................................ [  9%]
........................................................................ [ 13%]
........................................................................ [ 18%]
........................................................................ [ 22%]
.....s.................................................................. [ 27%]
........................................................................ [ 31%]
.......................................sssss............................ [ 36%]
........................................................................ [ 40%]
........................................................................ [ 45%]
........................................................................ [ 50%]
........................................................................ [ 54%]
........................................................................ [ 59%]
........................................................................ [ 63%]
........................................................................ [ 68%]
........................................................................ [ 72%]
........................................................................ [ 77%]
........................................................................ [ 81%]
........................................................................ [ 86%]
........................................................................ [ 91%]
........................................................................ [ 95%]
..............s.s....................................................    [100%]
1573 passed, 8 skipped in 165.91s (0:02:45)
