........................................................................ [  4%]
........................................................................ [  9%]
........................................................................ [ 14%]
........................................................................ [ 18%]
........................................................................ [ 23%]
.....s.................................................................. [ 28%]
........................................................................ [ 32%]
.......................................sssss............................ [ 37%]
........................................................................ [ 42%]
........................................................................ [ 46%]
........................................................................ [ 51%]
........................................................................ [ 56%]
.............................s.......................................... [ 61%]
........................................................................ [ 65%]
........................................................................ [ 70%]
........................................................................ [ 75%]
........................................................................ [ 79%]
........................................................................ [ 84%]
........................................................................ [ 89%]
........................................................................ [ 93%]
......................................s.................s....s....s....s [ 98%]
....s....s...........                                                    [100%]
1519 passed, 14 skipped in 518.30s (0:08:38)
