........................................................................ [  4%]
........................................................................ [  9%]
........................................................................ [ 14%]
........................................................................ [ 18%]
........................................................................ [ 23%]
.....s.................................................................. [ 28%]
........................................................................ [ 32%]
.......................................sssss............................ [ 37%]
........................................................................ [ 42%]
........................................................................ [ 46%]
........................................................................ [ 51%]
........................................................................ [ 56%]
........................................................................ [ 61%]
........................................................................ [ 65%]
........................................................................ [ 70%]
........................................................................ [ 75%]
........................................................................ [ 79%]
........................................................................ [ 84%]
........................................................................ [ 89%]
........................................................................ [ 93%]
......................................s.s............................... [ 98%]
.....................                                                    [100%]
1525 passed, 8 skipped in 161.28s (0:02:41)
