2026-09-10T03:48:03.6197043Z Current runner version: '2.337.0'
2026-09-10T03:48:03.6224100Z ##[group]Runner Image Provisioner
2026-09-10T03:48:03.6225091Z Hosted Compute Agent
2026-09-10T03:48:03.6225738Z Version: 20260828.587
2026-09-10T03:48:03.6226421Z Commit: abac92662cab4cc7352de4f9f9d2e2419aad9c29
2026-09-10T03:48:03.6227295Z Build Date: 2026-08-28T16:44:25Z
2026-09-10T03:48:03.6228063Z Worker ID: {19b8d5df-c6b5-4f68-a9db-8a87d3ca2cd9}
2026-09-10T03:48:03.6228900Z Azure Region: eastus2
2026-09-10T03:48:03.6229555Z ##[endgroup]
2026-09-10T03:48:03.6230955Z ##[group]Operating System
2026-09-10T03:48:03.6231897Z Ubuntu
2026-09-10T03:48:03.6232477Z 24.04.5
2026-09-10T03:48:03.6233120Z LTS
2026-09-10T03:48:03.6233724Z ##[endgroup]
2026-09-10T03:48:03.6234338Z ##[group]Runner Image
2026-09-10T03:48:03.6235052Z Image: ubuntu-24.04
2026-09-10T03:48:03.6235672Z Version: 20260907.300.1
2026-09-10T03:48:03.6237118Z Included Software: https://github.com/actions/runner-images/blob/ubuntu24/20260907.300/images/ubuntu/Ubuntu2404-Readme.md
2026-09-10T03:48:03.6238700Z Image Release: https://github.com/actions/runner-images/releases/tag/ubuntu24%2F20260907.300
2026-09-10T03:48:03.6239804Z ##[endgroup]
2026-09-10T03:48:03.6241030Z ##[group]GITHUB_TOKEN Permissions
2026-09-10T03:48:03.6243917Z Contents: read
2026-09-10T03:48:03.6244582Z Metadata: read
2026-09-10T03:48:03.6245316Z ##[endgroup]
2026-09-10T03:48:03.6247476Z Secret source: Actions
2026-09-10T03:48:03.6248500Z Cache mode: write
2026-09-10T03:48:03.6249556Z Prepare workflow directory
2026-09-10T03:48:03.6579759Z Prepare all required actions
2026-09-10T03:48:03.6627678Z Getting action download info
2026-09-10T03:48:03.8752545Z Download action repository 'actions/checkout@v4' (SHA:11d5960a326750d5838078e36cf38b85af677262)
2026-09-10T03:48:03.9898987Z Download action repository 'actions/setup-python@v5' (SHA:a26af69be951a213d495a4c3e4e4022e16d87065)
2026-09-10T03:48:04.2258780Z Complete job name: integration
2026-09-10T03:48:04.3029328Z Node 20 is being deprecated. This workflow is running with Node 24 by default. If you need to temporarily use Node 20, you can set the ACTIONS_ALLOW_USE_UNSECURE_NODE_VERSION=true environment variable. For more information see: https://github.blog/changelog/2025-09-19-deprecation-of-node-20-on-github-actions-runners/
2026-09-10T03:48:04.3038216Z ##[group]Run actions/checkout@v4
2026-09-10T03:48:04.3038907Z with:
2026-09-10T03:48:04.3039342Z   fetch-depth: 0
2026-09-10T03:48:04.3039805Z   repository: trevi00/zeus
2026-09-10T03:48:04.3044168Z   token: ***
2026-09-10T03:48:04.3044615Z   ssh-strict: true
2026-09-10T03:48:04.3045065Z   ssh-user: git
2026-09-10T03:48:04.3045512Z   persist-credentials: true
2026-09-10T03:48:04.3046004Z   clean: true
2026-09-10T03:48:04.3046445Z   sparse-checkout-cone-mode: true
2026-09-10T03:48:04.3046986Z   fetch-tags: false
2026-09-10T03:48:04.3047427Z   show-progress: true
2026-09-10T03:48:04.3047878Z   lfs: false
2026-09-10T03:48:04.3048345Z   submodules: false
2026-09-10T03:48:04.3048797Z   set-safe-directory: true
2026-09-10T03:48:04.3049361Z   allow-unsafe-pr-checkout: false
2026-09-10T03:48:04.3050074Z ##[endgroup]
2026-09-10T03:48:04.4072097Z Syncing repository: trevi00/zeus
2026-09-10T03:48:04.4074500Z ##[group]Getting Git version info
2026-09-10T03:48:04.4075218Z Working directory is '/home/runner/work/zeus/zeus'
2026-09-10T03:48:04.4076334Z [command]/usr/bin/git version
2026-09-10T03:48:04.4131913Z git version 2.55.0
2026-09-10T03:48:04.4154544Z ##[endgroup]
2026-09-10T03:48:04.4173857Z Temporarily overriding HOME='/home/runner/work/_temp/ad3133db-2edc-40a5-b264-02e9725c9726' before making global git config changes
2026-09-10T03:48:04.4176831Z Adding repository directory to the temporary git global config as a safe directory
2026-09-10T03:48:04.4188781Z [command]/usr/bin/git config --global --add safe.directory /home/runner/work/zeus/zeus
2026-09-10T03:48:04.4246394Z Deleting the contents of '/home/runner/work/zeus/zeus'
2026-09-10T03:48:04.4251268Z ##[group]Initializing the repository
2026-09-10T03:48:04.4255994Z [command]/usr/bin/git init /home/runner/work/zeus/zeus
2026-09-10T03:48:04.4354866Z hint: Using 'master' as the name for the initial branch. This default branch name
2026-09-10T03:48:04.4356682Z hint: will change to "main" in Git 3.0. To configure the initial branch name
2026-09-10T03:48:04.4358432Z hint: to use in all of your new repositories, which will suppress this warning,
2026-09-10T03:48:04.4359719Z hint: call:
2026-09-10T03:48:04.4360729Z hint:
2026-09-10T03:48:04.4362159Z hint: 	git config --global init.defaultBranch <name>
2026-09-10T03:48:04.4363510Z hint:
2026-09-10T03:48:04.4364887Z hint: Names commonly chosen instead of 'master' are 'main', 'trunk' and
2026-09-10T03:48:04.4366836Z hint: 'development'. The just-created branch can be renamed via this command:
2026-09-10T03:48:04.4368250Z hint:
2026-09-10T03:48:04.4369244Z hint: 	git branch -m <name>
2026-09-10T03:48:04.4370638Z hint:
2026-09-10T03:48:04.4372158Z hint: Disable this message with "git config set advice.defaultBranchName false"
2026-09-10T03:48:04.4373739Z Initialized empty Git repository in /home/runner/work/zeus/zeus/.git/
2026-09-10T03:48:04.4376112Z [command]/usr/bin/git remote add origin https://github.com/trevi00/zeus
2026-09-10T03:48:04.4423575Z ##[endgroup]
2026-09-10T03:48:04.4424758Z ##[group]Disabling automatic garbage collection
2026-09-10T03:48:04.4428851Z [command]/usr/bin/git config --local gc.auto 0
2026-09-10T03:48:04.4463196Z ##[endgroup]
2026-09-10T03:48:04.4464284Z ##[group]Setting up auth
2026-09-10T03:48:04.4470834Z [command]/usr/bin/git config --local --name-only --get-regexp core\.sshCommand
2026-09-10T03:48:04.4506379Z [command]/usr/bin/git submodule foreach --recursive sh -c "git config --local --name-only --get-regexp 'core\.sshCommand' && git config --local --unset-all 'core.sshCommand' || :"
2026-09-10T03:48:04.4890124Z [command]/usr/bin/git config --local --name-only --get-regexp http\.https\:\/\/github\.com\/\.extraheader
2026-09-10T03:48:04.4931863Z [command]/usr/bin/git submodule foreach --recursive sh -c "git config --local --name-only --get-regexp 'http\.https\:\/\/github\.com\/\.extraheader' && git config --local --unset-all 'http.https://github.com/.extraheader' || :"
2026-09-10T03:48:04.5177585Z [command]/usr/bin/git config --local --name-only --get-regexp ^includeIf\.gitdir:
2026-09-10T03:48:04.5216083Z [command]/usr/bin/git submodule foreach --recursive git config --local --show-origin --name-only --get-regexp remote.origin.url
2026-09-10T03:48:04.5459240Z [command]/usr/bin/git config --local http.https://github.com/.extraheader AUTHORIZATION: basic ***
2026-09-10T03:48:04.5499930Z ##[endgroup]
2026-09-10T03:48:04.5500911Z ##[group]Fetching the repository
2026-09-10T03:48:04.5509976Z [command]/usr/bin/git -c protocol.version=2 fetch --prune --no-recurse-submodules origin +refs/heads/*:refs/remotes/origin/* +refs/tags/*:refs/tags/*
2026-09-10T03:48:05.4079404Z From https://github.com/trevi00/zeus
2026-09-10T03:48:05.4080630Z  * [new branch]      main       -> origin/main
2026-09-10T03:48:05.4095449Z [command]/usr/bin/git branch --list --remote origin/main
2026-09-10T03:48:05.4129669Z   origin/main
2026-09-10T03:48:05.4143724Z [command]/usr/bin/git rev-parse refs/remotes/origin/main
2026-09-10T03:48:05.4176589Z 0c66a678acc6653f553a62bf2a6b1f7de205bad7
2026-09-10T03:48:05.4190654Z ##[endgroup]
2026-09-10T03:48:05.4192104Z ##[group]Determining the checkout info
2026-09-10T03:48:05.4193501Z ##[endgroup]
2026-09-10T03:48:05.4196344Z [command]/usr/bin/git sparse-checkout disable
2026-09-10T03:48:05.4273078Z [command]/usr/bin/git config --local --unset-all extensions.worktreeConfig
2026-09-10T03:48:05.4310336Z ##[group]Checking out the ref
2026-09-10T03:48:05.4315325Z [command]/usr/bin/git checkout --progress --force -B main refs/remotes/origin/main
2026-09-10T03:48:05.6871110Z Switched to a new branch 'main'
2026-09-10T03:48:05.6874492Z branch 'main' set up to track 'origin/main'.
2026-09-10T03:48:05.6892457Z ##[endgroup]
2026-09-10T03:48:05.6945716Z [command]/usr/bin/git log -1 --format=%H
2026-09-10T03:48:05.6976666Z 0c66a678acc6653f553a62bf2a6b1f7de205bad7
2026-09-10T03:48:05.7303471Z Node 20 is being deprecated. This workflow is running with Node 24 by default. If you need to temporarily use Node 20, you can set the ACTIONS_ALLOW_USE_UNSECURE_NODE_VERSION=true environment variable. For more information see: https://github.blog/changelog/2025-09-19-deprecation-of-node-20-on-github-actions-runners/
2026-09-10T03:48:05.7307546Z ##[group]Run actions/setup-python@v5
2026-09-10T03:48:05.7308203Z with:
2026-09-10T03:48:05.7308663Z   python-version: 3.13
2026-09-10T03:48:05.7309208Z   check-latest: false
2026-09-10T03:48:05.7317634Z   token: ***
2026-09-10T03:48:05.7318150Z   update-environment: true
2026-09-10T03:48:05.7318771Z   allow-prereleases: false
2026-09-10T03:48:05.7319359Z   freethreaded: false
2026-09-10T03:48:05.7319873Z ##[endgroup]
2026-09-10T03:48:05.8759012Z ##[group]Installed versions
2026-09-10T03:48:05.9364779Z (node:2246) [DEP0040] DeprecationWarning: The `punycode` module is deprecated. Please use a userland alternative instead.
2026-09-10T03:48:05.9366260Z (Use `node --trace-deprecation ...` to show where the warning was created)
2026-09-10T03:48:05.9381129Z Successfully set up CPython (3.13.15)
2026-09-10T03:48:05.9496465Z ##[endgroup]
2026-09-10T03:48:05.9585559Z ##[group]Run python -m pip install uv==0.12.2
2026-09-10T03:48:05.9586083Z [36;1mpython -m pip install uv==0.12.2[0m
2026-09-10T03:48:05.9644324Z shell: /usr/bin/bash -e {0}
2026-09-10T03:48:05.9644817Z env:
2026-09-10T03:48:05.9645345Z   pythonLocation: /opt/hostedtoolcache/Python/3.13.15/x64
2026-09-10T03:48:05.9645898Z   PKG_CONFIG_PATH: /opt/hostedtoolcache/Python/3.13.15/x64/lib/pkgconfig
2026-09-10T03:48:05.9646527Z   Python_ROOT_DIR: /opt/hostedtoolcache/Python/3.13.15/x64
2026-09-10T03:48:05.9646983Z   Python2_ROOT_DIR: /opt/hostedtoolcache/Python/3.13.15/x64
2026-09-10T03:48:05.9647425Z   Python3_ROOT_DIR: /opt/hostedtoolcache/Python/3.13.15/x64
2026-09-10T03:48:05.9647876Z   LD_LIBRARY_PATH: /opt/hostedtoolcache/Python/3.13.15/x64/lib
2026-09-10T03:48:05.9648317Z ##[endgroup]
2026-09-10T03:48:09.1519307Z Collecting uv==0.12.2
2026-09-10T03:48:09.2171084Z   Downloading uv-0.12.2-py3-none-manylinux_2_17_x86_64.manylinux2014_x86_64.whl.metadata (11 kB)
2026-09-10T03:48:09.2352363Z Downloading uv-0.12.2-py3-none-manylinux_2_17_x86_64.manylinux2014_x86_64.whl (22.3 MB)
2026-09-10T03:48:09.6132948Z    ━━━━━━━━━━━━━━━━━━━━━━━━━━━━━━━━━━━━━━━━ 22.3/22.3 MB 63.7 MB/s  0:00:00
2026-09-10T03:48:09.7647535Z Installing collected packages: uv
2026-09-10T03:48:10.0200856Z Successfully installed uv-0.12.2
2026-09-10T03:48:10.0828057Z ##[group]Run uv sync --frozen
2026-09-10T03:48:10.0828400Z [36;1muv sync --frozen[0m
2026-09-10T03:48:10.0871385Z shell: /usr/bin/bash -e {0}
2026-09-10T03:48:10.0871833Z env:
2026-09-10T03:48:10.0872117Z   pythonLocation: /opt/hostedtoolcache/Python/3.13.15/x64
2026-09-10T03:48:10.0872560Z   PKG_CONFIG_PATH: /opt/hostedtoolcache/Python/3.13.15/x64/lib/pkgconfig
2026-09-10T03:48:10.0872983Z   Python_ROOT_DIR: /opt/hostedtoolcache/Python/3.13.15/x64
2026-09-10T03:48:10.0873392Z   Python2_ROOT_DIR: /opt/hostedtoolcache/Python/3.13.15/x64
2026-09-10T03:48:10.0873770Z   Python3_ROOT_DIR: /opt/hostedtoolcache/Python/3.13.15/x64
2026-09-10T03:48:10.0874151Z   LD_LIBRARY_PATH: /opt/hostedtoolcache/Python/3.13.15/x64/lib
2026-09-10T03:48:10.0874471Z ##[endgroup]
2026-09-10T03:48:10.1539344Z Using CPython 3.13.15 interpreter at: /opt/hostedtoolcache/Python/3.13.15/x64/bin/python3
2026-09-10T03:48:10.1540121Z Creating virtual environment at: .venv
2026-09-10T03:48:10.1683165Z    Building zeus-harness @ file:///home/runner/work/zeus/zeus
2026-09-10T03:48:10.2555563Z Downloading ruff (9.8MiB)
2026-09-10T03:48:10.2558768Z Downloading hf-xet (4.3MiB)
2026-09-10T03:48:10.2559870Z Downloading tokenizers (3.2MiB)
2026-09-10T03:48:10.2561947Z Downloading numpy (15.9MiB)
2026-09-10T03:48:10.2564758Z Downloading pillow (6.6MiB)
2026-09-10T03:48:10.2570498Z Downloading pygments (1.2MiB)
2026-09-10T03:48:10.2653194Z Downloading onnxruntime (22.1MiB)
2026-09-10T03:48:10.2655021Z Downloading psycopg-binary (5.0MiB)
2026-09-10T03:48:10.8615798Z  Downloaded hf-xet
2026-09-10T03:48:10.8649779Z  Downloaded tokenizers
2026-09-10T03:48:10.9903670Z  Downloaded psycopg-binary
2026-09-10T03:48:10.9992740Z  Downloaded ruff
2026-09-10T03:48:11.0590563Z  Downloaded pillow
2026-09-10T03:48:11.1349341Z       Built zeus-harness @ file:///home/runner/work/zeus/zeus
2026-09-10T03:48:11.1495831Z  Downloaded pygments
2026-09-10T03:48:11.1753260Z  Downloaded onnxruntime
2026-09-10T03:48:11.3437256Z  Downloaded numpy
2026-09-10T03:48:11.3439900Z Prepared 55 packages in 1.18s
2026-09-10T03:48:11.3930560Z Installed 55 packages in 48ms
2026-09-10T03:48:11.3931071Z  + anyio==4.15.1
2026-09-10T03:48:11.3931413Z  + arrow==1.4.0
2026-09-10T03:48:11.3932007Z  + attrs==26.1.0
2026-09-10T03:48:11.3932588Z  + certifi==2026.7.22
2026-09-10T03:48:11.3933016Z  + charset-normalizer==3.5.1
2026-09-10T03:48:11.3933510Z  + click==8.5.0
2026-09-10T03:48:11.3934045Z  + fastembed==0.8.0
2026-09-10T03:48:11.3934589Z  + filelock==3.32.5
2026-09-10T03:48:11.3935105Z  + flatbuffers==25.12.19
2026-09-10T03:48:11.3935531Z  + fqdn==1.5.1
2026-09-10T03:48:11.3936119Z  + fsspec==2026.7.0
2026-09-10T03:48:11.3936543Z  + h11==0.16.0
2026-09-10T03:48:11.3937091Z  + hf-xet==1.6.0
2026-09-10T03:48:11.3937535Z  + httpcore==1.0.9
2026-09-10T03:48:11.3938111Z  + httpx==0.28.1
2026-09-10T03:48:11.3938647Z  + huggingface-hub==1.30.0
2026-09-10T03:48:11.3939019Z  + idna==3.19
2026-09-10T03:48:11.3939478Z  + iniconfig==2.3.0
2026-09-10T03:48:11.3940096Z  + isoduration==20.11.0
2026-09-10T03:48:11.3940538Z  + jsonpointer==3.1.1
2026-09-10T03:48:11.3941079Z  + jsonschema==4.26.0
2026-09-10T03:48:11.3941600Z  + jsonschema-specifications==2025.9.1
2026-09-10T03:48:11.3942061Z  + loguru==0.7.3
2026-09-10T03:48:11.3942593Z  + mmh3==5.3.0
2026-09-10T03:48:11.3943161Z  + numpy==2.5.3
2026-09-10T03:48:11.3943653Z  + onnxruntime==1.29.0
2026-09-10T03:48:11.3944136Z  + packaging==26.3
2026-09-10T03:48:11.3944661Z  + pillow==12.3.0
2026-09-10T03:48:11.3945067Z  + pluggy==1.6.0
2026-09-10T03:48:11.3945610Z  + protobuf==7.36.1
2026-09-10T03:48:11.3946064Z  + psycopg==3.3.5
2026-09-10T03:48:11.3946572Z  + psycopg-binary==3.3.5
2026-09-10T03:48:11.3947090Z  + py-rust-stemmers==0.1.8
2026-09-10T03:48:11.3947596Z  + pygments==2.21.0
2026-09-10T03:48:11.3948043Z  + pytest==9.1.1
2026-09-10T03:48:11.3948684Z  + python-dateutil==2.9.0.post0
2026-09-10T03:48:11.3949179Z  + pyyaml==6.0.3
2026-09-10T03:48:11.3949715Z  + redis==6.4.0
2026-09-10T03:48:11.3950209Z  + referencing==0.37.0
2026-09-10T03:48:11.3951049Z  + requests==2.34.2
2026-09-10T03:48:11.3951394Z  + rfc3339-validator==0.1.4
2026-09-10T03:48:11.3952011Z  + rfc3987==1.3.8
2026-09-10T03:48:11.3952398Z  + rpds-py==2026.6.3
2026-09-10T03:48:11.3952907Z  + ruff==0.16.6
2026-09-10T03:48:11.3953415Z  + six==1.17.0
2026-09-10T03:48:11.3953996Z  + tokenizers==0.23.2
2026-09-10T03:48:11.3954524Z  + tqdm==4.70.0
2026-09-10T03:48:11.3955110Z  + tree-sitter==0.25.2
2026-09-10T03:48:11.3955581Z  + tree-sitter-python==0.25.0
2026-09-10T03:48:11.3956127Z  + typing-extensions==4.16.0
2026-09-10T03:48:11.3956603Z  + tzdata==2026.3
2026-09-10T03:48:11.3957132Z  + uri-template==1.3.0
2026-09-10T03:48:11.3957640Z  + urllib3==2.7.0
2026-09-10T03:48:11.3958200Z  + webcolors==25.10.0
2026-09-10T03:48:11.3959064Z  + zeus-harness==0.2.0 (from file:///home/runner/work/zeus/zeus)
2026-09-10T03:48:11.4092632Z ##[group]Run uv run harness setup
2026-09-10T03:48:11.4092982Z [36;1muv run harness setup[0m
2026-09-10T03:48:11.4133691Z shell: /usr/bin/bash -e {0}
2026-09-10T03:48:11.4133952Z env:
2026-09-10T03:48:11.4134227Z   pythonLocation: /opt/hostedtoolcache/Python/3.13.15/x64
2026-09-10T03:48:11.4134684Z   PKG_CONFIG_PATH: /opt/hostedtoolcache/Python/3.13.15/x64/lib/pkgconfig
2026-09-10T03:48:11.4135106Z   Python_ROOT_DIR: /opt/hostedtoolcache/Python/3.13.15/x64
2026-09-10T03:48:11.4135481Z   Python2_ROOT_DIR: /opt/hostedtoolcache/Python/3.13.15/x64
2026-09-10T03:48:11.4135850Z   Python3_ROOT_DIR: /opt/hostedtoolcache/Python/3.13.15/x64
2026-09-10T03:48:11.4136448Z   LD_LIBRARY_PATH: /opt/hostedtoolcache/Python/3.13.15/x64/lib
2026-09-10T03:48:11.4136820Z ##[endgroup]
2026-09-10T03:48:12.7544747Z {
2026-09-10T03:48:12.7545218Z   "repository": "/home/runner/work/zeus/zeus",
2026-09-10T03:48:12.7545597Z   "env_created": true
2026-09-10T03:48:12.7545816Z }
2026-09-10T03:48:12.8044974Z ##[group]Run docker compose version
2026-09-10T03:48:12.8045318Z [36;1mdocker compose version[0m
2026-09-10T03:48:12.8086064Z shell: /usr/bin/bash -e {0}
2026-09-10T03:48:12.8086319Z env:
2026-09-10T03:48:12.8086591Z   pythonLocation: /opt/hostedtoolcache/Python/3.13.15/x64
2026-09-10T03:48:12.8087023Z   PKG_CONFIG_PATH: /opt/hostedtoolcache/Python/3.13.15/x64/lib/pkgconfig
2026-09-10T03:48:12.8087445Z   Python_ROOT_DIR: /opt/hostedtoolcache/Python/3.13.15/x64
2026-09-10T03:48:12.8087818Z   Python2_ROOT_DIR: /opt/hostedtoolcache/Python/3.13.15/x64
2026-09-10T03:48:12.8088187Z   Python3_ROOT_DIR: /opt/hostedtoolcache/Python/3.13.15/x64
2026-09-10T03:48:12.8088575Z   LD_LIBRARY_PATH: /opt/hostedtoolcache/Python/3.13.15/x64/lib
2026-09-10T03:48:12.8088904Z ##[endgroup]
2026-09-10T03:48:15.4299544Z Docker Compose version v2.38.2
2026-09-10T03:48:15.4365367Z ##[group]Run docker compose -p harness-ci up -d --wait postgres redis
2026-09-10T03:48:15.4365903Z [36;1mdocker compose -p harness-ci up -d --wait postgres redis[0m
2026-09-10T03:48:15.4406191Z shell: /usr/bin/bash -e {0}
2026-09-10T03:48:15.4406450Z env:
2026-09-10T03:48:15.4406727Z   pythonLocation: /opt/hostedtoolcache/Python/3.13.15/x64
2026-09-10T03:48:15.4407186Z   PKG_CONFIG_PATH: /opt/hostedtoolcache/Python/3.13.15/x64/lib/pkgconfig
2026-09-10T03:48:15.4407609Z   Python_ROOT_DIR: /opt/hostedtoolcache/Python/3.13.15/x64
2026-09-10T03:48:15.4407994Z   Python2_ROOT_DIR: /opt/hostedtoolcache/Python/3.13.15/x64
2026-09-10T03:48:15.4408393Z   Python3_ROOT_DIR: /opt/hostedtoolcache/Python/3.13.15/x64
2026-09-10T03:48:15.4408783Z   LD_LIBRARY_PATH: /opt/hostedtoolcache/Python/3.13.15/x64/lib
2026-09-10T03:48:15.4409124Z ##[endgroup]
2026-09-10T03:48:15.6485482Z  redis Pulling 
2026-09-10T03:48:15.6487440Z  postgres Pulling 
2026-09-10T03:48:16.0171838Z  897d797d2723 Pulling fs layer 
2026-09-10T03:48:16.0172296Z  d85eda7b0b14 Pulling fs layer 
2026-09-10T03:48:16.0172741Z  9516b0cd89c9 Pulling fs layer 
2026-09-10T03:48:16.0173087Z  de4b872bfdc3 Pulling fs layer 
2026-09-10T03:48:16.0173443Z  2c96e5a02ba0 Pulling fs layer 
2026-09-10T03:48:16.0173802Z  4f4fb700ef54 Pulling fs layer 
2026-09-10T03:48:16.0174153Z  41caa0265cb5 Pulling fs layer 
2026-09-10T03:48:16.0174483Z  2c96e5a02ba0 Waiting 
2026-09-10T03:48:16.0174783Z  41caa0265cb5 Waiting 
2026-09-10T03:48:16.0175070Z  4f4fb700ef54 Waiting 
2026-09-10T03:48:16.0175362Z  de4b872bfdc3 Waiting 
2026-09-10T03:48:16.0277948Z  039e6f9f9752 Pulling fs layer 
2026-09-10T03:48:16.0279625Z  9524156efd7a Pulling fs layer 
2026-09-10T03:48:16.0280178Z  d7b627e06eac Pulling fs layer 
2026-09-10T03:48:16.0280577Z  f495088ca134 Pulling fs layer 
2026-09-10T03:48:16.0281048Z  1e12f8d900eb Pulling fs layer 
2026-09-10T03:48:16.0281299Z  d7b627e06eac Waiting 
2026-09-10T03:48:16.0281802Z  740ea3feff0f Pulling fs layer 
2026-09-10T03:48:16.0282205Z  039e6f9f9752 Waiting 
2026-09-10T03:48:16.0282582Z  5ac7c444edb0 Pulling fs layer 
2026-09-10T03:48:16.0282962Z  f495088ca134 Waiting 
2026-09-10T03:48:16.0283289Z  1e12f8d900eb Waiting 
2026-09-10T03:48:16.0283504Z  11ec1b6ae2a0 Pulling fs layer 
2026-09-10T03:48:16.0283808Z  ef21471f3a2b Pulling fs layer 
2026-09-10T03:48:16.0284124Z  62ca04624b47 Pulling fs layer 
2026-09-10T03:48:16.0284351Z  5ac7c444edb0 Waiting 
2026-09-10T03:48:16.0284562Z  44438d8012af Pulling fs layer 
2026-09-10T03:48:16.0284888Z  11ec1b6ae2a0 Waiting 
2026-09-10T03:48:16.0285221Z  f67c9bdd808a Pulling fs layer 
2026-09-10T03:48:16.0285525Z  3d4e001e01a2 Pulling fs layer 
2026-09-10T03:48:16.0285755Z  9524156efd7a Waiting 
2026-09-10T03:48:16.0285967Z  ef21471f3a2b Waiting 
2026-09-10T03:48:16.0286194Z  8cb2f3b54f01 Pulling fs layer 
2026-09-10T03:48:16.0286712Z  9ef6b0a1be9e Pulling fs layer 
2026-09-10T03:48:16.0286944Z  62ca04624b47 Waiting 
2026-09-10T03:48:16.0287152Z  44438d8012af Waiting 
2026-09-10T03:48:16.0287369Z  b70609756d71 Pulling fs layer 
2026-09-10T03:48:16.0287600Z  8cb2f3b54f01 Waiting 
2026-09-10T03:48:16.0287815Z  f67c9bdd808a Waiting 
2026-09-10T03:48:16.0288016Z  3d4e001e01a2 Waiting 
2026-09-10T03:48:16.0618334Z  d85eda7b0b14 Downloading [==================================================>]     952B/952B
2026-09-10T03:48:16.0619264Z  d85eda7b0b14 Verifying Checksum 
2026-09-10T03:48:16.0619829Z  d85eda7b0b14 Download complete 
2026-09-10T03:48:16.0620368Z  9516b0cd89c9 Downloading [>                                                  ]  3.457kB/194.3kB
2026-09-10T03:48:16.0684507Z  897d797d2723 Downloading [>                                                  ]  48.51kB/3.647MB
2026-09-10T03:48:16.0745550Z  9516b0cd89c9 Downloading [==================================================>]  194.3kB/194.3kB
2026-09-10T03:48:16.0746199Z  9516b0cd89c9 Verifying Checksum 
2026-09-10T03:48:16.0746645Z  9516b0cd89c9 Download complete 
2026-09-10T03:48:16.1169922Z  897d797d2723 Verifying Checksum 
2026-09-10T03:48:16.1170728Z  897d797d2723 Download complete 
2026-09-10T03:48:16.1181326Z  897d797d2723 Extracting [>                                                  ]  65.54kB/3.647MB
2026-09-10T03:48:16.1206570Z  de4b872bfdc3 Downloading [>                                                  ]  130.4kB/12.42MB
2026-09-10T03:48:16.1236216Z  2c96e5a02ba0 Downloading [==================================================>]     100B/100B
2026-09-10T03:48:16.1237058Z  2c96e5a02ba0 Verifying Checksum 
2026-09-10T03:48:16.1237488Z  2c96e5a02ba0 Download complete 
2026-09-10T03:48:16.1643546Z  4f4fb700ef54 Downloading [==================================================>]      32B/32B
2026-09-10T03:48:16.1735539Z  41caa0265cb5 Downloading [==================================================>]     604B/604B
2026-09-10T03:48:16.1736764Z  41caa0265cb5 Verifying Checksum 
2026-09-10T03:48:16.1737233Z  41caa0265cb5 Download complete 
2026-09-10T03:48:16.1957717Z  de4b872bfdc3 Verifying Checksum 
2026-09-10T03:48:16.1958447Z  de4b872bfdc3 Download complete 
2026-09-10T03:48:16.2189326Z  897d797d2723 Extracting [================================================>  ]  3.539MB/3.647MB
2026-09-10T03:48:16.2212424Z  897d797d2723 Extracting [==================================================>]  3.647MB/3.647MB
2026-09-10T03:48:16.2249097Z  9524156efd7a Downloading [==================================================>]   1.17kB/1.17kB
2026-09-10T03:48:16.2249759Z  9524156efd7a Verifying Checksum 
2026-09-10T03:48:16.2250175Z  9524156efd7a Download complete 
2026-09-10T03:48:16.2341191Z  039e6f9f9752 Downloading [>                                                  ]  294.3kB/28.23MB
2026-09-10T03:48:16.2407630Z  897d797d2723 Pull complete 
2026-09-10T03:48:16.2425788Z  d85eda7b0b14 Extracting [==================================================>]     952B/952B
2026-09-10T03:48:16.2430836Z  d85eda7b0b14 Extracting [==================================================>]     952B/952B
2026-09-10T03:48:16.2544835Z  d7b627e06eac Downloading [>                                                  ]  48.55kB/4.534MB
2026-09-10T03:48:16.2761971Z  f495088ca134 Downloading [>                                                  ]  15.79kB/1.25MB
2026-09-10T03:48:16.3145378Z  d7b627e06eac Download complete 
2026-09-10T03:48:16.3183939Z  f495088ca134 Verifying Checksum 
2026-09-10T03:48:16.3184860Z  f495088ca134 Download complete 
2026-09-10T03:48:16.3344154Z  039e6f9f9752 Downloading [=========================================>         ]   23.3MB/28.23MB
2026-09-10T03:48:16.3498928Z  039e6f9f9752 Verifying Checksum 
2026-09-10T03:48:16.3499419Z  039e6f9f9752 Download complete 
2026-09-10T03:48:16.3662922Z  740ea3feff0f Downloading [>                                                  ]  15.79kB/1.196MB
2026-09-10T03:48:16.3729966Z  1e12f8d900eb Downloading [>                                                  ]  81.32kB/8.066MB
2026-09-10T03:48:16.3992508Z  5ac7c444edb0 Downloading [==================================================>]     116B/116B
2026-09-10T03:48:16.3993541Z  5ac7c444edb0 Verifying Checksum 
2026-09-10T03:48:16.3993998Z  5ac7c444edb0 Download complete 
2026-09-10T03:48:16.4043280Z  740ea3feff0f Verifying Checksum 
2026-09-10T03:48:16.4044201Z  740ea3feff0f Download complete 
2026-09-10T03:48:16.4562140Z  1e12f8d900eb Verifying Checksum 
2026-09-10T03:48:16.4562885Z  1e12f8d900eb Download complete 
2026-09-10T03:48:16.4596199Z  11ec1b6ae2a0 Downloading [==================================================>]  3.143kB/3.143kB
2026-09-10T03:48:16.4596966Z  11ec1b6ae2a0 Verifying Checksum 
2026-09-10T03:48:16.4598748Z  11ec1b6ae2a0 Download complete 
2026-09-10T03:48:16.4817710Z  039e6f9f9752 Extracting [>                                                  ]  294.9kB/28.23MB
2026-09-10T03:48:16.4983570Z  ef21471f3a2b Downloading [>                                                  ]  529.4kB/112.9MB
2026-09-10T03:48:16.5027981Z  62ca04624b47 Downloading [================>                                  ]    3.5kB/10.35kB
2026-09-10T03:48:16.5037812Z  62ca04624b47 Download complete 
2026-09-10T03:48:16.5083820Z  44438d8012af Downloading [==================================================>]     128B/128B
2026-09-10T03:48:16.5087478Z  44438d8012af Verifying Checksum 
2026-09-10T03:48:16.5088410Z  44438d8012af Download complete 
2026-09-10T03:48:16.5542048Z  f67c9bdd808a Downloading [==================================================>]     167B/167B
2026-09-10T03:48:16.5543126Z  f67c9bdd808a Download complete 
2026-09-10T03:48:16.5579996Z  3d4e001e01a2 Downloading [============================>                      ]  3.501kB/6.106kB
2026-09-10T03:48:16.5584465Z  3d4e001e01a2 Downloading [==================================================>]  6.106kB/6.106kB
2026-09-10T03:48:16.5585432Z  3d4e001e01a2 Verifying Checksum 
2026-09-10T03:48:16.5586188Z  3d4e001e01a2 Download complete 
2026-09-10T03:48:16.5872680Z  039e6f9f9752 Extracting [=========>                                         ]  5.308MB/28.23MB
2026-09-10T03:48:16.5989058Z  ef21471f3a2b Downloading [==>                                                ]  6.324MB/112.9MB
2026-09-10T03:48:16.6024214Z  8cb2f3b54f01 Downloading [==================================================>]     184B/184B
2026-09-10T03:48:16.6025255Z  8cb2f3b54f01 Verifying Checksum 
2026-09-10T03:48:16.6032517Z  8cb2f3b54f01 Download complete 
2026-09-10T03:48:16.6104382Z  9ef6b0a1be9e Downloading [=>                                                 ]  3.499kB/129.1kB
2026-09-10T03:48:16.6206235Z  9ef6b0a1be9e Downloading [==================================================>]  129.1kB/129.1kB
2026-09-10T03:48:16.6207165Z  9ef6b0a1be9e Download complete 
2026-09-10T03:48:16.6563026Z  b70609756d71 Downloading [>                                                  ]  15.79kB/1.466MB
2026-09-10T03:48:16.6925559Z  039e6f9f9752 Extracting [================>                                  ]  9.142MB/28.23MB
2026-09-10T03:48:16.6976676Z  b70609756d71 Verifying Checksum 
2026-09-10T03:48:16.6977454Z  b70609756d71 Download complete 
2026-09-10T03:48:16.7025470Z  ef21471f3a2b Downloading [=======>                                           ]  17.99MB/112.9MB
2026-09-10T03:48:16.7950114Z  039e6f9f9752 Extracting [===================>                               ]  11.21MB/28.23MB
2026-09-10T03:48:16.7999474Z  ef21471f3a2b Downloading [=====================>                             ]  48.92MB/112.9MB
2026-09-10T03:48:16.8949774Z  039e6f9f9752 Extracting [===========================>                       ]  15.63MB/28.23MB
2026-09-10T03:48:16.9016265Z  ef21471f3a2b Downloading [===================================>               ]  79.29MB/112.9MB
2026-09-10T03:48:16.9600245Z  d85eda7b0b14 Pull complete 
2026-09-10T03:48:16.9627364Z  9516b0cd89c9 Extracting [========>                                          ]  32.77kB/194.3kB
2026-09-10T03:48:16.9646178Z  9516b0cd89c9 Extracting [==================================================>]  194.3kB/194.3kB
2026-09-10T03:48:16.9795057Z  9516b0cd89c9 Extracting [==================================================>]  194.3kB/194.3kB
2026-09-10T03:48:16.9986555Z  039e6f9f9752 Extracting [==================================>                ]  19.46MB/28.23MB
2026-09-10T03:48:17.0018903Z  ef21471f3a2b Downloading [=================================================> ]  112.3MB/112.9MB
2026-09-10T03:48:17.0032580Z  ef21471f3a2b Verifying Checksum 
2026-09-10T03:48:17.0033061Z  ef21471f3a2b Download complete 
2026-09-10T03:48:17.3571639Z  039e6f9f9752 Extracting [==========================================>        ]  23.89MB/28.23MB
2026-09-10T03:48:17.4729610Z  039e6f9f9752 Extracting [===============================================>   ]  26.84MB/28.23MB
2026-09-10T03:48:17.4752234Z  9516b0cd89c9 Pull complete 
2026-09-10T03:48:17.4778456Z  de4b872bfdc3 Extracting [>                                                  ]  131.1kB/12.42MB
2026-09-10T03:48:17.5802196Z  de4b872bfdc3 Extracting [======================>                            ]  5.636MB/12.42MB
2026-09-10T03:48:17.6735096Z  de4b872bfdc3 Extracting [==================================================>]  12.42MB/12.42MB
2026-09-10T03:48:17.7097481Z  de4b872bfdc3 Pull complete 
2026-09-10T03:48:17.7117773Z  2c96e5a02ba0 Extracting [==================================================>]     100B/100B
2026-09-10T03:48:17.7124701Z  2c96e5a02ba0 Extracting [==================================================>]     100B/100B
2026-09-10T03:48:17.7193134Z  2c96e5a02ba0 Pull complete 
2026-09-10T03:48:17.7212547Z  4f4fb700ef54 Extracting [==================================================>]      32B/32B
2026-09-10T03:48:17.7213497Z  4f4fb700ef54 Extracting [==================================================>]      32B/32B
2026-09-10T03:48:17.7284814Z  4f4fb700ef54 Pull complete 
2026-09-10T03:48:17.7302119Z  41caa0265cb5 Extracting [==================================================>]     604B/604B
2026-09-10T03:48:17.7305644Z  41caa0265cb5 Extracting [==================================================>]     604B/604B
2026-09-10T03:48:17.7389003Z  41caa0265cb5 Pull complete 
2026-09-10T03:48:17.7451079Z  redis Pulled 
2026-09-10T03:48:17.7821846Z  039e6f9f9752 Extracting [================================================>  ]  27.43MB/28.23MB
2026-09-10T03:48:17.8881184Z  039e6f9f9752 Extracting [==================================================>]  28.23MB/28.23MB
2026-09-10T03:48:17.9087735Z  039e6f9f9752 Pull complete 
2026-09-10T03:48:17.9096316Z  9524156efd7a Extracting [==================================================>]   1.17kB/1.17kB
2026-09-10T03:48:17.9101190Z  9524156efd7a Extracting [==================================================>]   1.17kB/1.17kB
2026-09-10T03:48:17.9312111Z  9524156efd7a Pull complete 
2026-09-10T03:48:17.9324624Z  d7b627e06eac Extracting [>                                                  ]  65.54kB/4.534MB
2026-09-10T03:48:18.0137240Z  d7b627e06eac Extracting [==================================================>]  4.534MB/4.534MB
2026-09-10T03:48:18.0583081Z  d7b627e06eac Pull complete 
2026-09-10T03:48:18.0591907Z  f495088ca134 Extracting [=>                                                 ]  32.77kB/1.25MB
2026-09-10T03:48:18.0810421Z  f495088ca134 Extracting [==================================================>]   1.25MB/1.25MB
2026-09-10T03:48:18.0935161Z  f495088ca134 Pull complete 
2026-09-10T03:48:18.0949019Z  1e12f8d900eb Extracting [>                                                  ]   98.3kB/8.066MB
2026-09-10T03:48:18.2000047Z  1e12f8d900eb Extracting [========================>                          ]  3.932MB/8.066MB
2026-09-10T03:48:18.3031092Z  1e12f8d900eb Extracting [======================================>            ]  6.193MB/8.066MB
2026-09-10T03:48:18.3519827Z  1e12f8d900eb Extracting [==================================================>]  8.066MB/8.066MB
2026-09-10T03:48:18.3864904Z  1e12f8d900eb Pull complete 
2026-09-10T03:48:18.3874625Z  740ea3feff0f Extracting [=>                                                 ]  32.77kB/1.196MB
2026-09-10T03:48:18.4195453Z  740ea3feff0f Extracting [==================================================>]  1.196MB/1.196MB
2026-09-10T03:48:18.4254203Z  740ea3feff0f Extracting [==================================================>]  1.196MB/1.196MB
2026-09-10T03:48:18.4545400Z  740ea3feff0f Pull complete 
2026-09-10T03:48:18.4555336Z  5ac7c444edb0 Extracting [==================================================>]     116B/116B
2026-09-10T03:48:18.4564638Z  5ac7c444edb0 Extracting [==================================================>]     116B/116B
2026-09-10T03:48:18.4609909Z  5ac7c444edb0 Pull complete 
2026-09-10T03:48:18.4620555Z  11ec1b6ae2a0 Extracting [==================================================>]  3.143kB/3.143kB
2026-09-10T03:48:18.4624177Z  11ec1b6ae2a0 Extracting [==================================================>]  3.143kB/3.143kB
2026-09-10T03:48:18.4703328Z  11ec1b6ae2a0 Pull complete 
2026-09-10T03:48:18.5236111Z  ef21471f3a2b Extracting [>                                                  ]  557.1kB/112.9MB
2026-09-10T03:48:18.6374736Z  ef21471f3a2b Extracting [===>                                               ]  7.799MB/112.9MB
2026-09-10T03:48:18.7489097Z  ef21471f3a2b Extracting [====>                                              ]  11.14MB/112.9MB
2026-09-10T03:48:18.8562571Z  ef21471f3a2b Extracting [======>                                            ]   15.6MB/112.9MB
2026-09-10T03:48:18.9581990Z  ef21471f3a2b Extracting [=========>                                         ]  20.61MB/112.9MB
2026-09-10T03:48:19.0609710Z  ef21471f3a2b Extracting [===========>                                       ]  26.18MB/112.9MB
2026-09-10T03:48:19.1626026Z  ef21471f3a2b Extracting [===============>                                   ]  34.54MB/112.9MB
2026-09-10T03:48:19.2648558Z  ef21471f3a2b Extracting [===================>                               ]  42.89MB/112.9MB
2026-09-10T03:48:19.3667656Z  ef21471f3a2b Extracting [======================>                            ]  51.25MB/112.9MB
2026-09-10T03:48:19.4758395Z  ef21471f3a2b Extracting [=========================>                         ]  56.82MB/112.9MB
2026-09-10T03:48:19.5770768Z  ef21471f3a2b Extracting [============================>                      ]   63.5MB/112.9MB
2026-09-10T03:48:19.6796170Z  ef21471f3a2b Extracting [================================>                  ]  73.53MB/112.9MB
2026-09-10T03:48:19.7844429Z  ef21471f3a2b Extracting [====================================>              ]  81.89MB/112.9MB
2026-09-10T03:48:19.8895214Z  ef21471f3a2b Extracting [=======================================>           ]  90.24MB/112.9MB
2026-09-10T03:48:20.0000436Z  ef21471f3a2b Extracting [==========================================>        ]  96.37MB/112.9MB
2026-09-10T03:48:20.1043968Z  ef21471f3a2b Extracting [============================================>      ]  100.3MB/112.9MB
2026-09-10T03:48:20.2087940Z  ef21471f3a2b Extracting [=============================================>     ]  102.5MB/112.9MB
2026-09-10T03:48:20.3162109Z  ef21471f3a2b Extracting [===============================================>   ]  106.4MB/112.9MB
2026-09-10T03:48:20.4280307Z  ef21471f3a2b Extracting [===============================================>   ]  108.1MB/112.9MB
2026-09-10T03:48:20.5501136Z  ef21471f3a2b Extracting [================================================>  ]  109.7MB/112.9MB
2026-09-10T03:48:20.7675037Z  ef21471f3a2b Extracting [=================================================> ]  111.4MB/112.9MB
2026-09-10T03:48:20.8802841Z  ef21471f3a2b Extracting [==================================================>]  112.9MB/112.9MB
2026-09-10T03:48:21.4679110Z  ef21471f3a2b Pull complete 
2026-09-10T03:48:21.4688611Z  62ca04624b47 Extracting [==================================================>]  10.35kB/10.35kB
2026-09-10T03:48:21.4693813Z  62ca04624b47 Extracting [==================================================>]  10.35kB/10.35kB
2026-09-10T03:48:21.4854068Z  62ca04624b47 Pull complete 
2026-09-10T03:48:21.4865335Z  44438d8012af Extracting [==================================================>]     128B/128B
2026-09-10T03:48:21.4868141Z  44438d8012af Extracting [==================================================>]     128B/128B
2026-09-10T03:48:21.4946939Z  44438d8012af Pull complete 
2026-09-10T03:48:21.4957180Z  f67c9bdd808a Extracting [==================================================>]     167B/167B
2026-09-10T03:48:21.4959361Z  f67c9bdd808a Extracting [==================================================>]     167B/167B
2026-09-10T03:48:21.5029824Z  f67c9bdd808a Pull complete 
2026-09-10T03:48:21.5041396Z  3d4e001e01a2 Extracting [==================================================>]  6.106kB/6.106kB
2026-09-10T03:48:21.5043658Z  3d4e001e01a2 Extracting [==================================================>]  6.106kB/6.106kB
2026-09-10T03:48:21.5119986Z  3d4e001e01a2 Pull complete 
2026-09-10T03:48:21.5129903Z  8cb2f3b54f01 Extracting [==================================================>]     184B/184B
2026-09-10T03:48:21.5131690Z  8cb2f3b54f01 Extracting [==================================================>]     184B/184B
2026-09-10T03:48:21.5220807Z  8cb2f3b54f01 Pull complete 
2026-09-10T03:48:21.5230501Z  9ef6b0a1be9e Extracting [============>                                      ]  32.77kB/129.1kB
2026-09-10T03:48:21.5239760Z  9ef6b0a1be9e Extracting [==================================================>]  129.1kB/129.1kB
2026-09-10T03:48:21.5710330Z  9ef6b0a1be9e Pull complete 
2026-09-10T03:48:21.5720733Z  b70609756d71 Extracting [=>                                                 ]  32.77kB/1.466MB
2026-09-10T03:48:21.6287664Z  b70609756d71 Extracting [==================================================>]  1.466MB/1.466MB
2026-09-10T03:48:21.6294514Z  b70609756d71 Extracting [==================================================>]  1.466MB/1.466MB
2026-09-10T03:48:21.6506510Z  b70609756d71 Pull complete 
2026-09-10T03:48:21.6558059Z  postgres Pulled 
2026-09-10T03:48:21.6632852Z  Network harness-ci_default  Creating
2026-09-10T03:48:21.6999980Z  Network harness-ci_default  Created
2026-09-10T03:48:21.7053412Z  Volume "harness-ci_postgres-data"  Creating
2026-09-10T03:48:21.7066571Z  Volume "harness-ci_postgres-data"  Created
2026-09-10T03:48:21.7069596Z  Volume "harness-ci_redis-data"  Creating
2026-09-10T03:48:21.7077897Z  Volume "harness-ci_redis-data"  Created
2026-09-10T03:48:21.7083291Z  Container harness-ci-postgres-1  Creating
2026-09-10T03:48:21.7084535Z  Container harness-ci-redis-1  Creating
2026-09-10T03:48:21.7345894Z  Container harness-ci-redis-1  Created
2026-09-10T03:48:21.7346674Z  Container harness-ci-postgres-1  Created
2026-09-10T03:48:21.7358464Z  Container harness-ci-postgres-1  Starting
2026-09-10T03:48:21.7359015Z  Container harness-ci-redis-1  Starting
2026-09-10T03:48:22.1259390Z  Container harness-ci-redis-1  Started
2026-09-10T03:48:22.1276712Z  Container harness-ci-postgres-1  Started
2026-09-10T03:48:22.1277587Z  Container harness-ci-redis-1  Waiting
2026-09-10T03:48:22.1278490Z  Container harness-ci-postgres-1  Waiting
2026-09-10T03:48:25.6295005Z  Container harness-ci-redis-1  Healthy
2026-09-10T03:48:25.6295563Z  Container harness-ci-postgres-1  Healthy
2026-09-10T03:48:25.6375850Z ##[group]Run uv run python scripts/check.py --integration
2026-09-10T03:48:25.6376284Z [36;1muv run python scripts/check.py --integration[0m
2026-09-10T03:48:25.6416337Z shell: /usr/bin/bash -e {0}
2026-09-10T03:48:25.6416588Z env:
2026-09-10T03:48:25.6416854Z   pythonLocation: /opt/hostedtoolcache/Python/3.13.15/x64
2026-09-10T03:48:25.6417277Z   PKG_CONFIG_PATH: /opt/hostedtoolcache/Python/3.13.15/x64/lib/pkgconfig
2026-09-10T03:48:25.6417694Z   Python_ROOT_DIR: /opt/hostedtoolcache/Python/3.13.15/x64
2026-09-10T03:48:25.6418067Z   Python2_ROOT_DIR: /opt/hostedtoolcache/Python/3.13.15/x64
2026-09-10T03:48:25.6418438Z   Python3_ROOT_DIR: /opt/hostedtoolcache/Python/3.13.15/x64
2026-09-10T03:48:25.6418806Z   LD_LIBRARY_PATH: /opt/hostedtoolcache/Python/3.13.15/x64/lib
2026-09-10T03:48:25.6419137Z ##[endgroup]
2026-09-10T03:48:25.7788869Z All checks passed!
2026-09-10T03:48:30.4484884Z ........................................................................ [  5%]
2026-09-10T03:48:35.6876793Z ........................................................................ [ 11%]
2026-09-10T03:48:46.6832494Z ........................................................................ [ 17%]
2026-09-10T03:49:00.6028542Z ........................................................................ [ 23%]
2026-09-10T03:49:13.2598202Z ....s................................................................... [ 29%]
2026-09-10T03:49:19.8922946Z ........................................................................ [ 35%]
2026-09-10T03:49:29.6019356Z ...sssss................................................................ [ 41%]
2026-09-10T03:49:34.0178860Z ........................................................................ [ 47%]
2026-09-10T03:49:36.7763220Z ........................................................................ [ 53%]
2026-09-10T03:49:40.9965123Z ........................................................................ [ 59%]
2026-09-10T03:49:47.1096835Z ........................................................................ [ 65%]
2026-09-10T03:49:50.4097563Z ........................................................................ [ 71%]
2026-09-10T03:49:54.1484610Z ........................................................................ [ 76%]
2026-09-10T03:50:00.3238848Z ........................................................................ [ 82%]
2026-09-10T03:50:08.9659971Z ........................................................................ [ 88%]
2026-09-10T03:50:15.2514905Z ........................................................................ [ 94%]
2026-09-10T03:50:16.2871265Z ..........ss....................................................         [100%]
2026-09-10T03:50:16.2874851Z 1208 passed, 8 skipped in 109.44s (0:01:49)
2026-09-10T03:50:16.4317124Z ##[group]Run uv run pytest -q tests/test_verification.py tests/test_host_interruption.py
2026-09-10T03:50:16.4317789Z [36;1muv run pytest -q tests/test_verification.py tests/test_host_interruption.py[0m
2026-09-10T03:50:16.4358242Z shell: /usr/bin/bash -e {0}
2026-09-10T03:50:16.4358498Z env:
2026-09-10T03:50:16.4358762Z   pythonLocation: /opt/hostedtoolcache/Python/3.13.15/x64
2026-09-10T03:50:16.4359188Z   PKG_CONFIG_PATH: /opt/hostedtoolcache/Python/3.13.15/x64/lib/pkgconfig
2026-09-10T03:50:16.4359596Z   Python_ROOT_DIR: /opt/hostedtoolcache/Python/3.13.15/x64
2026-09-10T03:50:16.4359961Z   Python2_ROOT_DIR: /opt/hostedtoolcache/Python/3.13.15/x64
2026-09-10T03:50:16.4360335Z   Python3_ROOT_DIR: /opt/hostedtoolcache/Python/3.13.15/x64
2026-09-10T03:50:16.4360697Z   LD_LIBRARY_PATH: /opt/hostedtoolcache/Python/3.13.15/x64/lib
2026-09-10T03:50:16.4361017Z   ZEUS_TEST_DOCKER: 1
2026-09-10T03:50:16.4361229Z ##[endgroup]
2026-09-10T03:50:54.5499502Z ..........s.....                                                         [100%]
2026-09-10T03:50:54.5500098Z 15 passed, 1 skipped in 37.75s
2026-09-10T03:50:54.6063242Z ##[group]Run docker compose -p harness-ci down --volumes
2026-09-10T03:50:54.6063652Z [36;1mdocker compose -p harness-ci down --volumes[0m
2026-09-10T03:50:54.6102868Z shell: /usr/bin/bash -e {0}
2026-09-10T03:50:54.6103111Z env:
2026-09-10T03:50:54.6103376Z   pythonLocation: /opt/hostedtoolcache/Python/3.13.15/x64
2026-09-10T03:50:54.6103808Z   PKG_CONFIG_PATH: /opt/hostedtoolcache/Python/3.13.15/x64/lib/pkgconfig
2026-09-10T03:50:54.6104234Z   Python_ROOT_DIR: /opt/hostedtoolcache/Python/3.13.15/x64
2026-09-10T03:50:54.6104603Z   Python2_ROOT_DIR: /opt/hostedtoolcache/Python/3.13.15/x64
2026-09-10T03:50:54.6104960Z   Python3_ROOT_DIR: /opt/hostedtoolcache/Python/3.13.15/x64
2026-09-10T03:50:54.6105317Z   LD_LIBRARY_PATH: /opt/hostedtoolcache/Python/3.13.15/x64/lib
2026-09-10T03:50:54.6105627Z ##[endgroup]
2026-09-10T03:50:54.6802481Z  Container harness-ci-redis-1  Stopping
2026-09-10T03:50:54.6803562Z  Container harness-ci-postgres-1  Stopping
2026-09-10T03:50:54.8877404Z  Container harness-ci-redis-1  Stopped
2026-09-10T03:50:54.8878250Z  Container harness-ci-redis-1  Removing
2026-09-10T03:50:54.8924176Z  Container harness-ci-redis-1  Removed
2026-09-10T03:50:55.0239577Z  Container harness-ci-postgres-1  Stopped
2026-09-10T03:50:55.0240205Z  Container harness-ci-postgres-1  Removing
2026-09-10T03:50:55.0286510Z  Container harness-ci-postgres-1  Removed
2026-09-10T03:50:55.0292416Z  Volume harness-ci_redis-data  Removing
2026-09-10T03:50:55.0302547Z  Network harness-ci_default  Removing
2026-09-10T03:50:55.0307776Z  Volume harness-ci_redis-data  Removed
2026-09-10T03:50:55.0342177Z  Volume harness-ci_postgres-data  Removing
2026-09-10T03:50:55.0810364Z  Volume harness-ci_postgres-data  Removed
2026-09-10T03:50:55.1468742Z  Network harness-ci_default  Removed
2026-09-10T03:50:55.1603529Z Node 20 is being deprecated. This workflow is running with Node 24 by default. If you need to temporarily use Node 20, you can set the ACTIONS_ALLOW_USE_UNSECURE_NODE_VERSION=true environment variable. For more information see: https://github.blog/changelog/2025-09-19-deprecation-of-node-20-on-github-actions-runners/
2026-09-10T03:50:55.1604711Z Post job cleanup.
2026-09-10T03:50:55.2822670Z (node:21433) [DEP0040] DeprecationWarning: The `punycode` module is deprecated. Please use a userland alternative instead.
2026-09-10T03:50:55.2823500Z (Use `node --trace-deprecation ...` to show where the warning was created)
2026-09-10T03:50:55.3066345Z Node 20 is being deprecated. This workflow is running with Node 24 by default. If you need to temporarily use Node 20, you can set the ACTIONS_ALLOW_USE_UNSECURE_NODE_VERSION=true environment variable. For more information see: https://github.blog/changelog/2025-09-19-deprecation-of-node-20-on-github-actions-runners/
2026-09-10T03:50:55.3068333Z Post job cleanup.
2026-09-10T03:50:55.3988034Z [command]/usr/bin/git version
2026-09-10T03:50:55.4031989Z git version 2.55.0
2026-09-10T03:50:55.4067188Z Temporarily overriding HOME='/home/runner/work/_temp/2c7d4578-a7c0-4460-a2c1-7fc126e09b14' before making global git config changes
2026-09-10T03:50:55.4068515Z Adding repository directory to the temporary git global config as a safe directory
2026-09-10T03:50:55.4072095Z [command]/usr/bin/git config --global --add safe.directory /home/runner/work/zeus/zeus
2026-09-10T03:50:55.4114290Z [command]/usr/bin/git config --local --name-only --get-regexp core\.sshCommand
2026-09-10T03:50:55.4150885Z [command]/usr/bin/git submodule foreach --recursive sh -c "git config --local --name-only --get-regexp 'core\.sshCommand' && git config --local --unset-all 'core.sshCommand' || :"
2026-09-10T03:50:55.4425768Z [command]/usr/bin/git config --local --name-only --get-regexp http\.https\:\/\/github\.com\/\.extraheader
2026-09-10T03:50:55.4453703Z http.https://github.com/.extraheader
2026-09-10T03:50:55.4464959Z [command]/usr/bin/git config --local --unset-all http.https://github.com/.extraheader
2026-09-10T03:50:55.4503227Z [command]/usr/bin/git submodule foreach --recursive sh -c "git config --local --name-only --get-regexp 'http\.https\:\/\/github\.com\/\.extraheader' && git config --local --unset-all 'http.https://github.com/.extraheader' || :"
2026-09-10T03:50:55.4790478Z [command]/usr/bin/git config --local --name-only --get-regexp ^includeIf\.gitdir:
2026-09-10T03:50:55.4833523Z [command]/usr/bin/git submodule foreach --recursive git config --local --show-origin --name-only --get-regexp remote.origin.url
2026-09-10T03:50:55.5261773Z Cleaning up orphan processes
2026-09-10T03:50:55.5634268Z ##[warning]Node.js 20 is deprecated. The following actions target Node.js 20 but are being forced to run on Node.js 24: actions/checkout@v4, actions/setup-python@v5. For more information see: https://github.blog/changelog/2025-09-19-deprecation-of-node-20-on-github-actions-runners/
