........................................................................ [  4%]
........................................................................ [  9%]
........................................................................ [ 13%]
........................................................................ [ 18%]
........................................................................ [ 23%]
.....s.................................................................. [ 27%]
........................................................................ [ 32%]
.......................................sssss............................ [ 36%]
........................................................................ [ 41%]
........................................................................ [ 46%]
........................................................................ [ 50%]
........................................................................ [ 55%]
.....................................................s.................. [ 60%]
........................................................................ [ 64%]
........................................................................ [ 69%]
........................................................................ [ 73%]
........................................................................ [ 78%]
........................................................................ [ 83%]
........................................................................ [ 87%]
........................................................................ [ 92%]
..............................................................s......... [ 97%]
........s....s....s....s....s....s...........                            [100%]
1543 passed, 14 skipped in 554.06s (0:09:14)
