........................................................................ [  4%]
........................................................................ [  8%]
........................................................................ [ 12%]
........................................................................ [ 16%]
........................................................................ [ 21%]
........................................................................ [ 25%]
...........................................................s............ [ 29%]
........................................................................ [ 33%]
........................................................................ [ 37%]
.....................sssss.............................................. [ 42%]
........................................................................ [ 46%]
........................................................................ [ 50%]
........................................................................ [ 54%]
........................................................................ [ 58%]
.................................................................s...... [ 63%]
........................................................................ [ 67%]
........................................................................ [ 71%]
........................................................................ [ 75%]
........................................................................ [ 79%]
........................................................................ [ 84%]
........................................................................ [ 88%]
........................................................................ [ 92%]
........................................................................ [ 96%]
..s.................s....s....s....s....s....s...........                [100%]
1699 passed, 14 skipped in 543.05s (0:09:03)
