........................................................................ [  4%]
........................................................................ [  9%]
........................................................................ [ 14%]
........................................................................ [ 19%]
........................................................................ [ 24%]
..s..................................................................... [ 29%]
........................................................................ [ 34%]
....................................sssss............................... [ 39%]
........................................................................ [ 44%]
........................................................................ [ 49%]
........................................................................ [ 54%]
.......................s................................................ [ 59%]
........................................................................ [ 64%]
........................................................................ [ 69%]
........................................................................ [ 74%]
........................................................................ [ 79%]
........................................................................ [ 84%]
........................................................................ [ 89%]
........................................................................ [ 94%]
................................s................s....s....s....s....s.. [ 99%]
..s...........                                                           [100%]
1440 passed, 14 skipped in 399.51s (0:06:39)
