........................................................................ [  4%]
........................................................................ [  9%]
........................................................................ [ 13%]
........................................................................ [ 18%]
........................................................................ [ 23%]
.....s.................................................................. [ 27%]
........................................................................ [ 32%]
.......................................sssss............................ [ 36%]
........................................................................ [ 41%]
........................................................................ [ 46%]
........................................................................ [ 50%]
........................................................................ [ 55%]
........................................................................ [ 60%]
........................................................................ [ 64%]
........................................................................ [ 69%]
........................................................................ [ 73%]
........................................................................ [ 78%]
........................................................................ [ 83%]
........................................................................ [ 87%]
........................................................................ [ 92%]
..............................................................s.s....... [ 97%]
.............................................                            [100%]
1549 passed, 8 skipped in 173.09s (0:02:53)
