........................................................................ [  4%]
........................................................................ [  8%]
..............................................sss....................... [ 12%]
........................................................................ [ 16%]
........................................................................ [ 20%]
........................................................................ [ 24%]
...........................................................s............ [ 28%]
........................................................................ [ 32%]
........................................................................ [ 36%]
.....................sssss.............................................. [ 40%]
........................................................................ [ 45%]
........................................................................ [ 49%]
........................................................................ [ 53%]
........................................................................ [ 57%]
........................................................................ [ 61%]
........................................................................ [ 65%]
........................................................................ [ 69%]
........................................................................ [ 73%]
......................................................s................. [ 77%]
........................................................................ [ 81%]
........................................................................ [ 85%]
........................................................................ [ 90%]
........................................................................ [ 94%]
......................................s...........s..................... [ 98%]
...............................                                          [100%]
1747 passed, 12 skipped in 242.15s (0:04:02)
