........................................................................ [  4%]
........................................................................ [  8%]
........................................................................ [ 12%]
........................................................................ [ 16%]
........................................................................ [ 20%]
........................................................................ [ 24%]
...........................................................s............ [ 28%]
........................................................................ [ 32%]
........................................................................ [ 37%]
.....................sssss.............................................. [ 41%]
........................................................................ [ 45%]
........................................................................ [ 49%]
........................................................................ [ 53%]
........................................................................ [ 57%]
.................................................................s...... [ 61%]
........................................................................ [ 65%]
........................................................................ [ 69%]
........................................................................ [ 74%]
........................................................................ [ 78%]
........................................................................ [ 82%]
........................................................................ [ 86%]
........................................................................ [ 90%]
........................................................................ [ 94%]
......................................s.................s....s....s....s [ 98%]
....s....s...........                                                    [100%]
1735 passed, 14 skipped in 598.08s (0:09:58)
