2026-09-10T00:53:01.0953205Z Current runner version: '2.337.0'
2026-09-10T00:53:01.0988760Z ##[group]Runner Image Provisioner
2026-09-10T00:53:01.0989727Z Hosted Compute Agent
2026-09-10T00:53:01.0990783Z Version: 20260819.586
2026-09-10T00:53:01.0991395Z Commit: 3cc4a88dfa507ef76119ad1bb3eccc6378bb2b76
2026-09-10T00:53:01.0992124Z Build Date: 2026-08-18T23:20:18Z
2026-09-10T00:53:01.0992787Z Worker ID: {39d0b920-97a1-429e-a5cd-68ea413635a5}
2026-09-10T00:53:01.0993482Z Azure Region: northcentralus
2026-09-10T00:53:01.0994095Z ##[endgroup]
2026-09-10T00:53:01.0995538Z ##[group]Operating System
2026-09-10T00:53:01.0996148Z Microsoft Windows Server 2025
2026-09-10T00:53:01.0996728Z 10.0.26100
2026-09-10T00:53:01.0997253Z Datacenter
2026-09-10T00:53:01.0997760Z ##[endgroup]
2026-09-10T00:53:01.0998539Z ##[group]Runner Image
2026-09-10T00:53:01.0999396Z Image: windows-2025-vs2026
2026-09-10T00:53:01.1000211Z Version: 20260824.214.3
2026-09-10T00:53:01.1002750Z Included Software: https://github.com/actions/runner-images/blob/win25-vs2026/20260824.214/images/windows/Windows2025-VS2026-Readme.md
2026-09-10T00:53:01.1005148Z Image Release: https://github.com/actions/runner-images/releases/tag/win25-vs2026%2F20260824.214
2026-09-10T00:53:01.1006680Z ##[endgroup]
2026-09-10T00:53:01.1008268Z ##[group]GITHUB_TOKEN Permissions
2026-09-10T00:53:01.1011806Z Contents: read
2026-09-10T00:53:01.1012664Z Metadata: read
2026-09-10T00:53:01.1013410Z ##[endgroup]
2026-09-10T00:53:01.1017120Z Secret source: Actions
2026-09-10T00:53:01.1018201Z Cache mode: write
2026-09-10T00:53:01.1019363Z Prepare workflow directory
2026-09-10T00:53:01.1375933Z Prepare all required actions
2026-09-10T00:53:01.1433709Z Getting action download info
2026-09-10T00:53:01.3296290Z Download action repository 'actions/checkout@v4' (SHA:11d5960a326750d5838078e36cf38b85af677262)
2026-09-10T00:53:01.4537421Z Download action repository 'actions/setup-python@v5' (SHA:a26af69be951a213d495a4c3e4e4022e16d87065)
2026-09-10T00:53:01.9216634Z Complete job name: test (windows-latest, 3.14)
2026-09-10T00:53:02.0950407Z Node 20 is being deprecated. This workflow is running with Node 24 by default. If you need to temporarily use Node 20, you can set the ACTIONS_ALLOW_USE_UNSECURE_NODE_VERSION=true environment variable. For more information see: https://github.blog/changelog/2025-09-19-deprecation-of-node-20-on-github-actions-runners/
2026-09-10T00:53:02.0959899Z ##[group]Run actions/checkout@v4
2026-09-10T00:53:02.0960598Z with:
2026-09-10T00:53:02.0961019Z   fetch-depth: 0
2026-09-10T00:53:02.0961467Z   repository: trevi00/zeus
2026-09-10T00:53:02.0965958Z   token: ***
2026-09-10T00:53:02.0966397Z   ssh-strict: true
2026-09-10T00:53:02.0966828Z   ssh-user: git
2026-09-10T00:53:02.0967264Z   persist-credentials: true
2026-09-10T00:53:02.0967872Z   clean: true
2026-09-10T00:53:02.0968389Z   sparse-checkout-cone-mode: true
2026-09-10T00:53:02.0968902Z   fetch-tags: false
2026-09-10T00:53:02.0969334Z   show-progress: true
2026-09-10T00:53:02.0969784Z   lfs: false
2026-09-10T00:53:02.0970264Z   submodules: false
2026-09-10T00:53:02.0970702Z   set-safe-directory: true
2026-09-10T00:53:02.0971202Z   allow-unsafe-pr-checkout: false
2026-09-10T00:53:02.0971995Z ##[endgroup]
2026-09-10T00:53:02.2960934Z Syncing repository: trevi00/zeus
2026-09-10T00:53:02.2965033Z ##[group]Getting Git version info
2026-09-10T00:53:02.2980492Z Working directory is 'D:\a\zeus\zeus'
2026-09-10T00:53:02.4163709Z [command]"C:\Program Files\Git\bin\git.exe" version
2026-09-10T00:53:02.8360803Z git version 2.55.0.windows.5
2026-09-10T00:53:02.8399915Z ##[endgroup]
2026-09-10T00:53:02.8421616Z Temporarily overriding HOME='D:\a\_temp\93935e81-161e-4b04-a68b-07c3753556c3' before making global git config changes
2026-09-10T00:53:02.8423010Z Adding repository directory to the temporary git global config as a safe directory
2026-09-10T00:53:02.8434574Z [command]"C:\Program Files\Git\bin\git.exe" config --global --add safe.directory D:\a\zeus\zeus
2026-09-10T00:53:02.9077267Z Deleting the contents of 'D:\a\zeus\zeus'
2026-09-10T00:53:02.9081816Z ##[group]Initializing the repository
2026-09-10T00:53:02.9083287Z [command]"C:\Program Files\Git\bin\git.exe" init D:\a\zeus\zeus
2026-09-10T00:53:02.9876171Z Initialized empty Git repository in D:/a/zeus/zeus/.git/
2026-09-10T00:53:02.9940256Z [command]"C:\Program Files\Git\bin\git.exe" remote add origin https://github.com/trevi00/zeus
2026-09-10T00:53:03.0575143Z ##[endgroup]
2026-09-10T00:53:03.0576657Z ##[group]Disabling automatic garbage collection
2026-09-10T00:53:03.0585554Z [command]"C:\Program Files\Git\bin\git.exe" config --local gc.auto 0
2026-09-10T00:53:03.0915814Z ##[endgroup]
2026-09-10T00:53:03.0918057Z ##[group]Setting up auth
2026-09-10T00:53:03.0933292Z [command]"C:\Program Files\Git\bin\git.exe" config --local --name-only --get-regexp core\.sshCommand
2026-09-10T00:53:03.1238111Z [command]"C:\Program Files\Git\bin\git.exe" submodule foreach --recursive "sh -c \"git config --local --name-only --get-regexp 'core\.sshCommand' && git config --local --unset-all 'core.sshCommand' || :\""
2026-09-10T00:53:05.4948336Z [command]"C:\Program Files\Git\bin\git.exe" config --local --name-only --get-regexp http\.https\:\/\/github\.com\/\.extraheader
2026-09-10T00:53:05.5241045Z [command]"C:\Program Files\Git\bin\git.exe" submodule foreach --recursive "sh -c \"git config --local --name-only --get-regexp 'http\.https\:\/\/github\.com\/\.extraheader' && git config --local --unset-all 'http.https://github.com/.extraheader' || :\""
2026-09-10T00:53:06.0651067Z [command]"C:\Program Files\Git\bin\git.exe" config --local --name-only --get-regexp ^includeIf\.gitdir:
2026-09-10T00:53:06.0937911Z [command]"C:\Program Files\Git\bin\git.exe" submodule foreach --recursive "git config --local --show-origin --name-only --get-regexp remote.origin.url"
2026-09-10T00:53:06.6209284Z [command]"C:\Program Files\Git\bin\git.exe" config --local http.https://github.com/.extraheader "AUTHORIZATION: basic ***"
2026-09-10T00:53:06.6501503Z ##[endgroup]
2026-09-10T00:53:06.6504249Z ##[group]Fetching the repository
2026-09-10T00:53:06.6514839Z [command]"C:\Program Files\Git\bin\git.exe" -c protocol.version=2 fetch --prune --no-recurse-submodules origin +refs/heads/*:refs/remotes/origin/* +refs/tags/*:refs/tags/*
2026-09-10T00:53:08.1796446Z From https://github.com/trevi00/zeus
2026-09-10T00:53:08.1797133Z  * [new branch]      main       -> origin/main
2026-09-10T00:53:08.1858808Z [command]"C:\Program Files\Git\bin\git.exe" branch --list --remote origin/main
2026-09-10T00:53:08.2309129Z   origin/main
2026-09-10T00:53:08.2369186Z [command]"C:\Program Files\Git\bin\git.exe" rev-parse refs/remotes/origin/main
2026-09-10T00:53:08.2755410Z 5ccd2e926384fbdf1f6cac286a628f77614eb210
2026-09-10T00:53:08.2788501Z ##[endgroup]
2026-09-10T00:53:08.2789149Z ##[group]Determining the checkout info
2026-09-10T00:53:08.2790039Z ##[endgroup]
2026-09-10T00:53:08.2800867Z [command]"C:\Program Files\Git\bin\git.exe" sparse-checkout disable
2026-09-10T00:53:08.3224520Z [command]"C:\Program Files\Git\bin\git.exe" config --local --unset-all extensions.worktreeConfig
2026-09-10T00:53:08.3515588Z ##[group]Checking out the ref
2026-09-10T00:53:08.3527933Z [command]"C:\Program Files\Git\bin\git.exe" checkout --progress --force -B main refs/remotes/origin/main
2026-09-10T00:53:09.2400164Z Switched to a new branch 'main'
2026-09-10T00:53:09.2453526Z branch 'main' set up to track 'origin/main'.
2026-09-10T00:53:09.2528216Z ##[endgroup]
2026-09-10T00:53:09.2908560Z [command]"C:\Program Files\Git\bin\git.exe" log -1 --format=%H
2026-09-10T00:53:09.3176165Z 5ccd2e926384fbdf1f6cac286a628f77614eb210
2026-09-10T00:53:09.3631999Z Node 20 is being deprecated. This workflow is running with Node 24 by default. If you need to temporarily use Node 20, you can set the ACTIONS_ALLOW_USE_UNSECURE_NODE_VERSION=true environment variable. For more information see: https://github.blog/changelog/2025-09-19-deprecation-of-node-20-on-github-actions-runners/
2026-09-10T00:53:09.3634072Z ##[group]Run actions/setup-python@v5
2026-09-10T00:53:09.3635024Z with:
2026-09-10T00:53:09.3635252Z   python-version: 3.14
2026-09-10T00:53:09.3635493Z   check-latest: false
2026-09-10T00:53:09.3638115Z   token: ***
2026-09-10T00:53:09.3638320Z   update-environment: true
2026-09-10T00:53:09.3638549Z   allow-prereleases: false
2026-09-10T00:53:09.3638767Z   freethreaded: false
2026-09-10T00:53:09.3638975Z ##[endgroup]
2026-09-10T00:53:09.5322900Z ##[group]Installed versions
2026-09-10T00:53:09.5529431Z (node:4600) [DEP0040] DeprecationWarning: The `punycode` module is deprecated. Please use a userland alternative instead.
2026-09-10T00:53:09.5530773Z (Use `node --trace-deprecation ...` to show where the warning was created)
2026-09-10T00:53:09.5532448Z Successfully set up CPython (3.14.7)
2026-09-10T00:53:09.5533252Z ##[endgroup]
2026-09-10T00:53:09.5861713Z ##[group]Run python -m pip install uv==0.12.2
2026-09-10T00:53:09.5862170Z [36;1mpython -m pip install uv==0.12.2[0m
2026-09-10T00:53:09.7454568Z shell: C:\Program Files\PowerShell\7\pwsh.EXE -command ". '{0}'"
2026-09-10T00:53:09.7454970Z env:
2026-09-10T00:53:09.7455244Z   pythonLocation: C:\hostedtoolcache\windows\Python\3.14.7\x64
2026-09-10T00:53:09.7455735Z   PKG_CONFIG_PATH: C:\hostedtoolcache\windows\Python\3.14.7\x64/lib/pkgconfig
2026-09-10T00:53:09.7456199Z   Python_ROOT_DIR: C:\hostedtoolcache\windows\Python\3.14.7\x64
2026-09-10T00:53:09.7456592Z   Python2_ROOT_DIR: C:\hostedtoolcache\windows\Python\3.14.7\x64
2026-09-10T00:53:09.7456969Z   Python3_ROOT_DIR: C:\hostedtoolcache\windows\Python\3.14.7\x64
2026-09-10T00:53:09.7457270Z ##[endgroup]
2026-09-10T00:53:14.3829261Z Collecting uv==0.12.2
2026-09-10T00:53:14.4294661Z   Downloading uv-0.12.2-py3-none-win_amd64.whl.metadata (11 kB)
2026-09-10T00:53:14.4583333Z Downloading uv-0.12.2-py3-none-win_amd64.whl (20.2 MB)
2026-09-10T00:53:14.9612421Z    ---------------------------------------- 20.2/20.2 MB 53.9 MB/s  0:00:00
2026-09-10T00:53:15.1556670Z Installing collected packages: uv
2026-09-10T00:53:15.4130883Z Successfully installed uv-0.12.2
2026-09-10T00:53:15.6370738Z ##[group]Run uv sync --frozen
2026-09-10T00:53:15.6371109Z [36;1muv sync --frozen[0m
2026-09-10T00:53:15.6466006Z shell: C:\Program Files\PowerShell\7\pwsh.EXE -command ". '{0}'"
2026-09-10T00:53:15.6466359Z env:
2026-09-10T00:53:15.6466636Z   pythonLocation: C:\hostedtoolcache\windows\Python\3.14.7\x64
2026-09-10T00:53:15.6467079Z   PKG_CONFIG_PATH: C:\hostedtoolcache\windows\Python\3.14.7\x64/lib/pkgconfig
2026-09-10T00:53:15.6467514Z   Python_ROOT_DIR: C:\hostedtoolcache\windows\Python\3.14.7\x64
2026-09-10T00:53:15.6467895Z   Python2_ROOT_DIR: C:\hostedtoolcache\windows\Python\3.14.7\x64
2026-09-10T00:53:15.6468270Z   Python3_ROOT_DIR: C:\hostedtoolcache\windows\Python\3.14.7\x64
2026-09-10T00:53:15.6468565Z ##[endgroup]
2026-09-10T00:53:16.4180297Z Using CPython 3.14.7 interpreter at: C:\hostedtoolcache\windows\Python\3.14.7\x64\python3.exe
2026-09-10T00:53:16.4181187Z Creating virtual environment at: .venv
2026-09-10T00:53:16.4821858Z    Building zeus-harness @ file:///D:/a/zeus/zeus
2026-09-10T00:53:16.6004808Z Downloading pygments (1.2MiB)
2026-09-10T00:53:16.6089921Z Downloading pillow (6.9MiB)
2026-09-10T00:53:16.6126273Z Downloading psycopg-binary (3.6MiB)
2026-09-10T00:53:16.6143689Z Downloading tokenizers (2.7MiB)
2026-09-10T00:53:16.6227403Z Downloading numpy (12.1MiB)
2026-09-10T00:53:16.6245073Z Downloading ruff (10.1MiB)
2026-09-10T00:53:16.6249888Z Downloading hf-xet (3.8MiB)
2026-09-10T00:53:16.6263872Z Downloading onnxruntime (13.7MiB)
2026-09-10T00:53:19.5190485Z  Downloaded tokenizers
2026-09-10T00:53:19.6073991Z  Downloaded psycopg-binary
2026-09-10T00:53:19.6844467Z  Downloaded hf-xet
2026-09-10T00:53:19.9766070Z  Downloaded ruff
2026-09-10T00:53:22.3116447Z  Downloaded pillow
2026-09-10T00:53:23.4815331Z  Downloaded pygments
2026-09-10T00:53:23.6665822Z  Downloaded onnxruntime
2026-09-10T00:53:23.7389991Z       Built zeus-harness @ file:///D:/a/zeus/zeus
2026-09-10T00:53:24.1852654Z  Downloaded numpy
2026-09-10T00:53:24.1881829Z Prepared 57 packages in 7.74s
2026-09-10T00:53:24.1912770Z warning: Failed to hardlink files; falling back to full copy. This may lead to degraded performance.
2026-09-10T00:53:24.1920089Z          If the cache and target directories are on different filesystems, hardlinking may not be supported.
2026-09-10T00:53:24.1929309Z          If this is intentional, set `export UV_LINK_MODE=copy` or use `--link-mode=copy` to suppress this warning.
2026-09-10T00:53:27.5873888Z Installed 57 packages in 3.39s
2026-09-10T00:53:27.5876538Z  + anyio==4.15.1
2026-09-10T00:53:27.5877702Z  + arrow==1.4.0
2026-09-10T00:53:27.5878962Z  + attrs==26.1.0
2026-09-10T00:53:27.5880215Z  + certifi==2026.7.22
2026-09-10T00:53:27.5881670Z  + charset-normalizer==3.5.1
2026-09-10T00:53:27.5882869Z  + click==8.5.0
2026-09-10T00:53:27.5884283Z  + colorama==0.4.6
2026-09-10T00:53:27.5885451Z  + fastembed==0.8.0
2026-09-10T00:53:27.5886745Z  + filelock==3.32.5
2026-09-10T00:53:27.5888176Z  + flatbuffers==25.12.19
2026-09-10T00:53:27.5889122Z  + fqdn==1.5.1
2026-09-10T00:53:27.5890398Z  + fsspec==2026.7.0
2026-09-10T00:53:27.5891543Z  + h11==0.16.0
2026-09-10T00:53:27.5892804Z  + hf-xet==1.6.0
2026-09-10T00:53:27.5894101Z  + httpcore==1.0.9
2026-09-10T00:53:27.5895700Z  + httpx==0.28.1
2026-09-10T00:53:27.5897231Z  + huggingface-hub==1.30.0
2026-09-10T00:53:27.5898050Z  + idna==3.19
2026-09-10T00:53:27.5900381Z  + iniconfig==2.3.0
2026-09-10T00:53:27.5901709Z  + isoduration==20.11.0
2026-09-10T00:53:27.5903832Z  + jsonpointer==3.1.1
2026-09-10T00:53:27.5904704Z  + jsonschema==4.26.0
2026-09-10T00:53:27.5907152Z  + jsonschema-specifications==2025.9.1
2026-09-10T00:53:27.5908839Z  + loguru==0.7.3
2026-09-10T00:53:27.5910215Z  + mmh3==5.3.0
2026-09-10T00:53:27.5912133Z  + numpy==2.5.3
2026-09-10T00:53:27.5913709Z  + onnxruntime==1.29.0
2026-09-10T00:53:27.5915913Z  + packaging==26.3
2026-09-10T00:53:27.5917246Z  + pillow==12.3.0
2026-09-10T00:53:27.5918728Z  + pluggy==1.6.0
2026-09-10T00:53:27.5921956Z  + protobuf==7.36.1
2026-09-10T00:53:27.5922329Z  + psycopg==3.3.5
2026-09-10T00:53:27.5923270Z  + psycopg-binary==3.3.5
2026-09-10T00:53:27.5925654Z  + py-rust-stemmers==0.1.8
2026-09-10T00:53:27.5926837Z  + pygments==2.21.0
2026-09-10T00:53:27.5928481Z  + pytest==9.1.1
2026-09-10T00:53:27.5930829Z  + python-dateutil==2.9.0.post0
2026-09-10T00:53:27.5932298Z  + pyyaml==6.0.3
2026-09-10T00:53:27.5933855Z  + redis==6.4.0
2026-09-10T00:53:27.5936032Z  + referencing==0.37.0
2026-09-10T00:53:27.5936920Z  + requests==2.34.2
2026-09-10T00:53:27.5938572Z  + rfc3339-validator==0.1.4
2026-09-10T00:53:27.5940469Z  + rfc3987==1.3.8
2026-09-10T00:53:27.5941812Z  + rpds-py==2026.6.3
2026-09-10T00:53:27.5943442Z  + ruff==0.16.6
2026-09-10T00:53:27.5944606Z  + six==1.17.0
2026-09-10T00:53:27.5945834Z  + tokenizers==0.23.2
2026-09-10T00:53:27.5947276Z  + tqdm==4.70.0
2026-09-10T00:53:27.5948355Z  + tree-sitter==0.25.2
2026-09-10T00:53:27.5949569Z  + tree-sitter-python==0.25.0
2026-09-10T00:53:27.5950911Z  + typing-extensions==4.16.0
2026-09-10T00:53:27.5952125Z  + tzdata==2026.3
2026-09-10T00:53:27.5953243Z  + uri-template==1.3.0
2026-09-10T00:53:27.5954501Z  + urllib3==2.7.0
2026-09-10T00:53:27.5956001Z  + webcolors==25.10.0
2026-09-10T00:53:27.5956991Z  + win32-setctime==1.2.0
2026-09-10T00:53:27.5958804Z  + zeus-harness==0.2.0 (from file:///D:/a/zeus/zeus)
2026-09-10T00:53:27.7779563Z ##[group]Run uv run ruff check .
2026-09-10T00:53:27.7779921Z [36;1muv run ruff check .[0m
2026-09-10T00:53:27.7903273Z shell: C:\Program Files\PowerShell\7\pwsh.EXE -command ". '{0}'"
2026-09-10T00:53:27.7903807Z env:
2026-09-10T00:53:27.7904073Z   pythonLocation: C:\hostedtoolcache\windows\Python\3.14.7\x64
2026-09-10T00:53:27.7904540Z   PKG_CONFIG_PATH: C:\hostedtoolcache\windows\Python\3.14.7\x64/lib/pkgconfig
2026-09-10T00:53:27.7904998Z   Python_ROOT_DIR: C:\hostedtoolcache\windows\Python\3.14.7\x64
2026-09-10T00:53:27.7905510Z   Python2_ROOT_DIR: C:\hostedtoolcache\windows\Python\3.14.7\x64
2026-09-10T00:53:27.7906358Z   Python3_ROOT_DIR: C:\hostedtoolcache\windows\Python\3.14.7\x64
2026-09-10T00:53:27.7906840Z ##[endgroup]
2026-09-10T00:53:28.3589318Z All checks passed!
2026-09-10T00:53:28.4982657Z ##[group]Run uv run pytest -q
2026-09-10T00:53:28.4983040Z [36;1muv run pytest -q[0m
2026-09-10T00:53:28.5081458Z shell: C:\Program Files\PowerShell\7\pwsh.EXE -command ". '{0}'"
2026-09-10T00:53:28.5081855Z env:
2026-09-10T00:53:28.5082154Z   pythonLocation: C:\hostedtoolcache\windows\Python\3.14.7\x64
2026-09-10T00:53:28.5082678Z   PKG_CONFIG_PATH: C:\hostedtoolcache\windows\Python\3.14.7\x64/lib/pkgconfig
2026-09-10T00:53:28.5083207Z   Python_ROOT_DIR: C:\hostedtoolcache\windows\Python\3.14.7\x64
2026-09-10T00:53:28.5083672Z   Python2_ROOT_DIR: C:\hostedtoolcache\windows\Python\3.14.7\x64
2026-09-10T00:53:28.5084118Z   Python3_ROOT_DIR: C:\hostedtoolcache\windows\Python\3.14.7\x64
2026-09-10T00:53:28.5084464Z ##[endgroup]
2026-09-10T00:53:33.8311160Z .......................................................................s [  6%]
2026-09-10T00:53:34.2182645Z ............ssssssssssss..ss....ssss.s.s..ss.s.s.s.s.s.ss.s.s......s..s. [ 12%]
2026-09-10T00:53:34.5829291Z s.s.s......ssssss........ssssssss.s.s.s.s.ss.s...sss.s..ss....ssss.s.s.s [ 19%]
2026-09-10T00:53:35.2607943Z .s.s.s.s.s.s.s.s.ss...s.s.s........s.s.s.s.s.s.s.s.sss.................. [ 25%]
2026-09-10T00:53:41.8699567Z ..............s.s.s.s.s..ss.s.s.s.s.s.s.s.s.s.s.s.s.s..ss.s.s.ssssssssss [ 31%]
2026-09-10T00:53:43.2045425Z ssssssssssssssss........................................................ [ 38%]
2026-09-10T00:53:53.4535848Z .............................................ssssss.s.s.s.s.s.s.s....... [ 44%]
2026-09-10T00:53:58.0777296Z ........................................................................ [ 51%]
2026-09-10T00:54:29.5553987Z ........................................s.s.s....s..s................... [ 57%]
2026-09-10T00:55:12.7586127Z ........................................................s.s.s.........ss [ 63%]
2026-09-10T00:55:30.0667212Z sssssss.....sssss.s.ss.s.s.s....ssss..ss.s.............................. [ 70%]
2026-09-10T00:55:32.5655774Z .........ssssss.............................s........................... [ 76%]
2026-09-10T00:57:04.4988169Z ...s.s.s.s.s......................................................s..... [ 83%]
2026-09-10T00:57:28.4442465Z ...ssssssss.....sssss.s.s.s.s.s.s..ss.......sssssss.s.s.s.s.s.s.s.s.s.s. [ 89%]
2026-09-10T00:57:36.1133393Z s.s.s.s.s.s.s.s.s.s.s.s.........................s...............s....... [ 95%]
2026-09-10T00:57:36.9870857Z .........s....s....s....s....s....s...........                           [100%]
2026-09-10T00:57:36.9871452Z 862 passed, 264 skipped in 246.27s (0:04:06)
2026-09-10T00:57:37.2770559Z ##[group]Run uv build
2026-09-10T00:57:37.2770966Z [36;1muv build[0m
2026-09-10T00:57:37.2866388Z shell: C:\Program Files\PowerShell\7\pwsh.EXE -command ". '{0}'"
2026-09-10T00:57:37.2866806Z env:
2026-09-10T00:57:37.2867167Z   pythonLocation: C:\hostedtoolcache\windows\Python\3.14.7\x64
2026-09-10T00:57:37.2867692Z   PKG_CONFIG_PATH: C:\hostedtoolcache\windows\Python\3.14.7\x64/lib/pkgconfig
2026-09-10T00:57:37.2868200Z   Python_ROOT_DIR: C:\hostedtoolcache\windows\Python\3.14.7\x64
2026-09-10T00:57:37.2868692Z   Python2_ROOT_DIR: C:\hostedtoolcache\windows\Python\3.14.7\x64
2026-09-10T00:57:37.2869154Z   Python3_ROOT_DIR: C:\hostedtoolcache\windows\Python\3.14.7\x64
2026-09-10T00:57:37.2869528Z ##[endgroup]
2026-09-10T00:57:37.5561804Z Building source distribution...
2026-09-10T00:57:42.7025592Z Building wheel from source distribution...
2026-09-10T00:57:45.0933980Z Successfully built dist\zeus_harness-0.2.0.tar.gz
2026-09-10T00:57:45.0936099Z Successfully built dist\zeus_harness-0.2.0-py3-none-any.whl
2026-09-10T00:57:45.2371403Z ##[group]Run uv run harness-supervisor --help
2026-09-10T00:57:45.2371836Z [36;1muv run harness-supervisor --help[0m
2026-09-10T00:57:45.2465790Z shell: C:\Program Files\PowerShell\7\pwsh.EXE -command ". '{0}'"
2026-09-10T00:57:45.2466991Z env:
2026-09-10T00:57:45.2467336Z   pythonLocation: C:\hostedtoolcache\windows\Python\3.14.7\x64
2026-09-10T00:57:45.2467861Z   PKG_CONFIG_PATH: C:\hostedtoolcache\windows\Python\3.14.7\x64/lib/pkgconfig
2026-09-10T00:57:45.2468375Z   Python_ROOT_DIR: C:\hostedtoolcache\windows\Python\3.14.7\x64
2026-09-10T00:57:45.2469067Z   Python2_ROOT_DIR: C:\hostedtoolcache\windows\Python\3.14.7\x64
2026-09-10T00:57:45.2469514Z   Python3_ROOT_DIR: C:\hostedtoolcache\windows\Python\3.14.7\x64
2026-09-10T00:57:45.2469824Z ##[endgroup]
2026-09-10T00:57:45.9959403Z usage: python.exe D:\a\zeus\zeus\.venv\Scripts\harness-supervisor
2026-09-10T00:57:45.9960833Z        [-h] [--once] [--research] [--releases] [--repository REPOSITORY]
2026-09-10T00:57:45.9962821Z 
2026-09-10T00:57:45.9963223Z options:
2026-09-10T00:57:45.9963871Z   -h, --help            show this help message and exit
2026-09-10T00:57:45.9964624Z   --once
2026-09-10T00:57:45.9965156Z   --research
2026-09-10T00:57:45.9965684Z   --releases
2026-09-10T00:57:45.9966233Z   --repository REPOSITORY
2026-09-10T00:57:46.1925616Z ##[group]Run uv run zeus --version
2026-09-10T00:57:46.1926250Z [36;1muv run zeus --version[0m
2026-09-10T00:57:46.2023883Z shell: C:\Program Files\PowerShell\7\pwsh.EXE -command ". '{0}'"
2026-09-10T00:57:46.2024290Z env:
2026-09-10T00:57:46.2024641Z   pythonLocation: C:\hostedtoolcache\windows\Python\3.14.7\x64
2026-09-10T00:57:46.2025166Z   PKG_CONFIG_PATH: C:\hostedtoolcache\windows\Python\3.14.7\x64/lib/pkgconfig
2026-09-10T00:57:46.2025688Z   Python_ROOT_DIR: C:\hostedtoolcache\windows\Python\3.14.7\x64
2026-09-10T00:57:46.2026153Z   Python2_ROOT_DIR: C:\hostedtoolcache\windows\Python\3.14.7\x64
2026-09-10T00:57:46.2026613Z   Python3_ROOT_DIR: C:\hostedtoolcache\windows\Python\3.14.7\x64
2026-09-10T00:57:46.2026990Z ##[endgroup]
2026-09-10T00:57:46.8987467Z Zeus 0.2.0
2026-09-10T00:57:47.1005587Z ##[group]Run uv run python -m zeus ticket --help
2026-09-10T00:57:47.1006303Z [36;1muv run python -m zeus ticket --help[0m
2026-09-10T00:57:47.1105962Z shell: C:\Program Files\PowerShell\7\pwsh.EXE -command ". '{0}'"
2026-09-10T00:57:47.1106307Z env:
2026-09-10T00:57:47.1106576Z   pythonLocation: C:\hostedtoolcache\windows\Python\3.14.7\x64
2026-09-10T00:57:47.1107028Z   PKG_CONFIG_PATH: C:\hostedtoolcache\windows\Python\3.14.7\x64/lib/pkgconfig
2026-09-10T00:57:47.1107480Z   Python_ROOT_DIR: C:\hostedtoolcache\windows\Python\3.14.7\x64
2026-09-10T00:57:47.1107878Z   Python2_ROOT_DIR: C:\hostedtoolcache\windows\Python\3.14.7\x64
2026-09-10T00:57:47.1108279Z   Python3_ROOT_DIR: C:\hostedtoolcache\windows\Python\3.14.7\x64
2026-09-10T00:57:47.1108589Z ##[endgroup]
2026-09-10T00:57:47.7823185Z usage: zeus ticket [-h]
2026-09-10T00:57:47.7824276Z                    {list,create,show,export,update,review,dispatch,sync,pull,evidence,prepare-close,close,reopen,review-close} ...
2026-09-10T00:57:47.7824818Z 
2026-09-10T00:57:47.7824917Z positional arguments:
2026-09-10T00:57:47.7825479Z   {list,create,show,export,update,review,dispatch,sync,pull,evidence,prepare-close,close,reopen,review-close}
2026-09-10T00:57:47.7825973Z 
2026-09-10T00:57:47.7826048Z options:
2026-09-10T00:57:47.7826276Z   -h, --help            show this help message and exit
2026-09-10T00:57:47.9501690Z ##[group]Run uv run zeus-monitor --help
2026-09-10T00:57:47.9502196Z [36;1muv run zeus-monitor --help[0m
2026-09-10T00:57:47.9598846Z shell: C:\Program Files\PowerShell\7\pwsh.EXE -command ". '{0}'"
2026-09-10T00:57:47.9599258Z env:
2026-09-10T00:57:47.9599593Z   pythonLocation: C:\hostedtoolcache\windows\Python\3.14.7\x64
2026-09-10T00:57:47.9600114Z   PKG_CONFIG_PATH: C:\hostedtoolcache\windows\Python\3.14.7\x64/lib/pkgconfig
2026-09-10T00:57:47.9600657Z   Python_ROOT_DIR: C:\hostedtoolcache\windows\Python\3.14.7\x64
2026-09-10T00:57:47.9601120Z   Python2_ROOT_DIR: C:\hostedtoolcache\windows\Python\3.14.7\x64
2026-09-10T00:57:47.9601568Z   Python3_ROOT_DIR: C:\hostedtoolcache\windows\Python\3.14.7\x64
2026-09-10T00:57:47.9602148Z ##[endgroup]
2026-09-10T00:57:48.3967085Z usage: python.exe D:\a\zeus\zeus\.venv\Scripts\zeus-monitor
2026-09-10T00:57:48.3967920Z        [-h] [--once] [--repository REPOSITORY] [--port PORT] {collect,web}
2026-09-10T00:57:48.3968341Z 
2026-09-10T00:57:48.3968597Z positional arguments:
2026-09-10T00:57:48.3968895Z   {collect,web}
2026-09-10T00:57:48.3969033Z 
2026-09-10T00:57:48.3969156Z options:
2026-09-10T00:57:48.3969464Z   -h, --help            show this help message and exit
2026-09-10T00:57:48.3969841Z   --once
2026-09-10T00:57:48.3970090Z   --repository REPOSITORY
2026-09-10T00:57:48.3970382Z   --port PORT
2026-09-10T00:57:48.5441677Z Node 20 is being deprecated. This workflow is running with Node 24 by default. If you need to temporarily use Node 20, you can set the ACTIONS_ALLOW_USE_UNSECURE_NODE_VERSION=true environment variable. For more information see: https://github.blog/changelog/2025-09-19-deprecation-of-node-20-on-github-actions-runners/
2026-09-10T00:57:48.5443294Z Post job cleanup.
2026-09-10T00:57:48.7004350Z (node:7676) [DEP0040] DeprecationWarning: The `punycode` module is deprecated. Please use a userland alternative instead.
2026-09-10T00:57:48.7005077Z (Use `node --trace-deprecation ...` to show where the warning was created)
2026-09-10T00:57:48.7314352Z Node 20 is being deprecated. This workflow is running with Node 24 by default. If you need to temporarily use Node 20, you can set the ACTIONS_ALLOW_USE_UNSECURE_NODE_VERSION=true environment variable. For more information see: https://github.blog/changelog/2025-09-19-deprecation-of-node-20-on-github-actions-runners/
2026-09-10T00:57:48.7315740Z Post job cleanup.
2026-09-10T00:57:48.9261020Z [command]"C:\Program Files\Git\bin\git.exe" version
2026-09-10T00:57:48.9553832Z git version 2.55.0.windows.5
2026-09-10T00:57:48.9618589Z Temporarily overriding HOME='D:\a\_temp\57ebf962-b697-4549-8a5f-b9b762969c59' before making global git config changes
2026-09-10T00:57:48.9619609Z Adding repository directory to the temporary git global config as a safe directory
2026-09-10T00:57:48.9629285Z [command]"C:\Program Files\Git\bin\git.exe" config --global --add safe.directory D:\a\zeus\zeus
2026-09-10T00:57:48.9925332Z [command]"C:\Program Files\Git\bin\git.exe" config --local --name-only --get-regexp core\.sshCommand
2026-09-10T00:57:49.0220234Z [command]"C:\Program Files\Git\bin\git.exe" submodule foreach --recursive "sh -c \"git config --local --name-only --get-regexp 'core\.sshCommand' && git config --local --unset-all 'core.sshCommand' || :\""
2026-09-10T00:57:49.5481066Z [command]"C:\Program Files\Git\bin\git.exe" config --local --name-only --get-regexp http\.https\:\/\/github\.com\/\.extraheader
2026-09-10T00:57:49.5741901Z http.https://github.com/.extraheader
2026-09-10T00:57:49.5785599Z [command]"C:\Program Files\Git\bin\git.exe" config --local --unset-all http.https://github.com/.extraheader
2026-09-10T00:57:49.6076693Z [command]"C:\Program Files\Git\bin\git.exe" submodule foreach --recursive "sh -c \"git config --local --name-only --get-regexp 'http\.https\:\/\/github\.com\/\.extraheader' && git config --local --unset-all 'http.https://github.com/.extraheader' || :\""
2026-09-10T00:57:50.1314170Z [command]"C:\Program Files\Git\bin\git.exe" config --local --name-only --get-regexp ^includeIf\.gitdir:
2026-09-10T00:57:50.1606390Z [command]"C:\Program Files\Git\bin\git.exe" submodule foreach --recursive "git config --local --show-origin --name-only --get-regexp remote.origin.url"
2026-09-10T00:57:50.6922895Z Cleaning up orphan processes
2026-09-10T00:57:50.7333100Z ##[warning]Node.js 20 is deprecated. The following actions target Node.js 20 but are being forced to run on Node.js 24: actions/checkout@v4, actions/setup-python@v5. For more information see: https://github.blog/changelog/2025-09-19-deprecation-of-node-20-on-github-actions-runners/
