2026-09-10T00:53:00.9041866Z Current runner version: '2.337.0'
2026-09-10T00:53:00.9080226Z ##[group]Runner Image Provisioner
2026-09-10T00:53:00.9081603Z Hosted Compute Agent
2026-09-10T00:53:00.9082475Z Version: 20260828.587
2026-09-10T00:53:00.9083395Z Commit: abac92662cab4cc7352de4f9f9d2e2419aad9c29
2026-09-10T00:53:00.9084502Z Build Date: 2026-08-28T16:44:25Z
2026-09-10T00:53:00.9086043Z Worker ID: {1589825c-b346-4a2f-b24f-c1082f3291e7}
2026-09-10T00:53:00.9087115Z Azure Region: northcentralus
2026-09-10T00:53:00.9088029Z ##[endgroup]
2026-09-10T00:53:00.9089921Z ##[group]Operating System
2026-09-10T00:53:00.9091298Z Microsoft Windows Server 2025
2026-09-10T00:53:00.9092371Z 10.0.26100
2026-09-10T00:53:00.9093124Z Datacenter
2026-09-10T00:53:00.9093941Z ##[endgroup]
2026-09-10T00:53:00.9094720Z ##[group]Runner Image
2026-09-10T00:53:00.9095663Z Image: windows-2025-vs2026
2026-09-10T00:53:00.9096573Z Version: 20260907.229.1
2026-09-10T00:53:00.9099394Z Included Software: https://github.com/actions/runner-images/blob/win25-vs2026/20260907.229/images/windows/Windows2025-VS2026-Readme.md
2026-09-10T00:53:00.9102202Z Image Release: https://github.com/actions/runner-images/releases/tag/win25-vs2026%2F20260907.229
2026-09-10T00:53:00.9103757Z ##[endgroup]
2026-09-10T00:53:00.9105385Z ##[group]GITHUB_TOKEN Permissions
2026-09-10T00:53:00.9107458Z Contents: read
2026-09-10T00:53:00.9108116Z Metadata: read
2026-09-10T00:53:00.9108636Z ##[endgroup]
2026-09-10T00:53:00.9111106Z Secret source: Actions
2026-09-10T00:53:00.9112016Z Cache mode: write
2026-09-10T00:53:00.9112787Z Prepare workflow directory
2026-09-10T00:53:00.9518310Z Prepare all required actions
2026-09-10T00:53:00.9578824Z Getting action download info
2026-09-10T00:53:01.1601690Z Download action repository 'actions/checkout@v4' (SHA:11d5960a326750d5838078e36cf38b85af677262)
2026-09-10T00:53:01.2831155Z Download action repository 'actions/setup-python@v5' (SHA:a26af69be951a213d495a4c3e4e4022e16d87065)
2026-09-10T00:53:01.5396436Z Complete job name: test (windows-latest, 3.12)
2026-09-10T00:53:01.6701158Z Node 20 is being deprecated. This workflow is running with Node 24 by default. If you need to temporarily use Node 20, you can set the ACTIONS_ALLOW_USE_UNSECURE_NODE_VERSION=true environment variable. For more information see: https://github.blog/changelog/2025-09-19-deprecation-of-node-20-on-github-actions-runners/
2026-09-10T00:53:01.6710330Z ##[group]Run actions/checkout@v4
2026-09-10T00:53:01.6710968Z with:
2026-09-10T00:53:01.6711347Z   fetch-depth: 0
2026-09-10T00:53:01.6711777Z   repository: trevi00/zeus
2026-09-10T00:53:01.6715924Z   token: ***
2026-09-10T00:53:01.6716592Z   ssh-strict: true
2026-09-10T00:53:01.6716985Z   ssh-user: git
2026-09-10T00:53:01.6717386Z   persist-credentials: true
2026-09-10T00:53:01.6717826Z   clean: true
2026-09-10T00:53:01.6718227Z   sparse-checkout-cone-mode: true
2026-09-10T00:53:01.6718705Z   fetch-tags: false
2026-09-10T00:53:01.6719293Z   show-progress: true
2026-09-10T00:53:01.6719703Z   lfs: false
2026-09-10T00:53:01.6720123Z   submodules: false
2026-09-10T00:53:01.6720525Z   set-safe-directory: true
2026-09-10T00:53:01.6720985Z   allow-unsafe-pr-checkout: false
2026-09-10T00:53:01.6721690Z ##[endgroup]
2026-09-10T00:53:01.8199302Z Syncing repository: trevi00/zeus
2026-09-10T00:53:01.8201210Z ##[group]Getting Git version info
2026-09-10T00:53:01.8201833Z Working directory is 'D:\a\zeus\zeus'
2026-09-10T00:53:01.8940830Z [command]"C:\Program Files\Git\bin\git.exe" version
2026-09-10T00:53:02.2101597Z git version 2.55.0.windows.5
2026-09-10T00:53:02.2149709Z ##[endgroup]
2026-09-10T00:53:02.2170066Z Temporarily overriding HOME='D:\a\_temp\47933ce8-05e0-464c-9e28-274c10dd83dd' before making global git config changes
2026-09-10T00:53:02.2171520Z Adding repository directory to the temporary git global config as a safe directory
2026-09-10T00:53:02.2180827Z [command]"C:\Program Files\Git\bin\git.exe" config --global --add safe.directory D:\a\zeus\zeus
2026-09-10T00:53:02.2786049Z Deleting the contents of 'D:\a\zeus\zeus'
2026-09-10T00:53:02.2792290Z ##[group]Initializing the repository
2026-09-10T00:53:02.2800669Z [command]"C:\Program Files\Git\bin\git.exe" init D:\a\zeus\zeus
2026-09-10T00:53:02.3513054Z Initialized empty Git repository in D:/a/zeus/zeus/.git/
2026-09-10T00:53:02.3559381Z [command]"C:\Program Files\Git\bin\git.exe" remote add origin https://github.com/trevi00/zeus
2026-09-10T00:53:02.4186907Z ##[endgroup]
2026-09-10T00:53:02.4187815Z ##[group]Disabling automatic garbage collection
2026-09-10T00:53:02.4196408Z [command]"C:\Program Files\Git\bin\git.exe" config --local gc.auto 0
2026-09-10T00:53:02.4509293Z ##[endgroup]
2026-09-10T00:53:02.4510339Z ##[group]Setting up auth
2026-09-10T00:53:02.4511650Z [command]"C:\Program Files\Git\bin\git.exe" config --local --name-only --get-regexp core\.sshCommand
2026-09-10T00:53:02.4832547Z [command]"C:\Program Files\Git\bin\git.exe" submodule foreach --recursive "sh -c \"git config --local --name-only --get-regexp 'core\.sshCommand' && git config --local --unset-all 'core.sshCommand' || :\""
2026-09-10T00:53:03.7816217Z [command]"C:\Program Files\Git\bin\git.exe" config --local --name-only --get-regexp http\.https\:\/\/github\.com\/\.extraheader
2026-09-10T00:53:03.8110556Z [command]"C:\Program Files\Git\bin\git.exe" submodule foreach --recursive "sh -c \"git config --local --name-only --get-regexp 'http\.https\:\/\/github\.com\/\.extraheader' && git config --local --unset-all 'http.https://github.com/.extraheader' || :\""
2026-09-10T00:53:04.3489418Z [command]"C:\Program Files\Git\bin\git.exe" config --local --name-only --get-regexp ^includeIf\.gitdir:
2026-09-10T00:53:04.3791238Z [command]"C:\Program Files\Git\bin\git.exe" submodule foreach --recursive "git config --local --show-origin --name-only --get-regexp remote.origin.url"
2026-09-10T00:53:04.9243938Z [command]"C:\Program Files\Git\bin\git.exe" config --local http.https://github.com/.extraheader "AUTHORIZATION: basic ***"
2026-09-10T00:53:04.9544277Z ##[endgroup]
2026-09-10T00:53:04.9546964Z ##[group]Fetching the repository
2026-09-10T00:53:04.9557861Z [command]"C:\Program Files\Git\bin\git.exe" -c protocol.version=2 fetch --prune --no-recurse-submodules origin +refs/heads/*:refs/remotes/origin/* +refs/tags/*:refs/tags/*
2026-09-10T00:53:06.3829981Z From https://github.com/trevi00/zeus
2026-09-10T00:53:06.3830613Z  * [new branch]      main       -> origin/main
2026-09-10T00:53:06.3889590Z [command]"C:\Program Files\Git\bin\git.exe" branch --list --remote origin/main
2026-09-10T00:53:06.4228352Z   origin/main
2026-09-10T00:53:06.4274819Z [command]"C:\Program Files\Git\bin\git.exe" rev-parse refs/remotes/origin/main
2026-09-10T00:53:06.4645373Z 5ccd2e926384fbdf1f6cac286a628f77614eb210
2026-09-10T00:53:06.4679661Z ##[endgroup]
2026-09-10T00:53:06.4680209Z ##[group]Determining the checkout info
2026-09-10T00:53:06.4682428Z ##[endgroup]
2026-09-10T00:53:06.4692673Z [command]"C:\Program Files\Git\bin\git.exe" sparse-checkout disable
2026-09-10T00:53:06.5254300Z [command]"C:\Program Files\Git\bin\git.exe" config --local --unset-all extensions.worktreeConfig
2026-09-10T00:53:06.5560997Z ##[group]Checking out the ref
2026-09-10T00:53:06.5571409Z [command]"C:\Program Files\Git\bin\git.exe" checkout --progress --force -B main refs/remotes/origin/main
2026-09-10T00:53:07.3430224Z Switched to a new branch 'main'
2026-09-10T00:53:07.3483339Z branch 'main' set up to track 'origin/main'.
2026-09-10T00:53:07.3547992Z ##[endgroup]
2026-09-10T00:53:07.3919318Z [command]"C:\Program Files\Git\bin\git.exe" log -1 --format=%H
2026-09-10T00:53:07.4186424Z 5ccd2e926384fbdf1f6cac286a628f77614eb210
2026-09-10T00:53:07.4648111Z Node 20 is being deprecated. This workflow is running with Node 24 by default. If you need to temporarily use Node 20, you can set the ACTIONS_ALLOW_USE_UNSECURE_NODE_VERSION=true environment variable. For more information see: https://github.blog/changelog/2025-09-19-deprecation-of-node-20-on-github-actions-runners/
2026-09-10T00:53:07.4650226Z ##[group]Run actions/setup-python@v5
2026-09-10T00:53:07.4651208Z with:
2026-09-10T00:53:07.4651407Z   python-version: 3.12
2026-09-10T00:53:07.4651614Z   check-latest: false
2026-09-10T00:53:07.4654690Z   token: ***
2026-09-10T00:53:07.4654900Z   update-environment: true
2026-09-10T00:53:07.4655132Z   allow-prereleases: false
2026-09-10T00:53:07.4655336Z   freethreaded: false
2026-09-10T00:53:07.4655545Z ##[endgroup]
2026-09-10T00:53:07.6248995Z ##[group]Installed versions
2026-09-10T00:53:07.6485547Z (node:7724) [DEP0040] DeprecationWarning: The `punycode` module is deprecated. Please use a userland alternative instead.
2026-09-10T00:53:07.6486848Z (Use `node --trace-deprecation ...` to show where the warning was created)
2026-09-10T00:53:07.6487806Z Successfully set up CPython (3.12.10)
2026-09-10T00:53:07.6489293Z ##[endgroup]
2026-09-10T00:53:07.6851662Z ##[group]Run python -m pip install uv==0.12.2
2026-09-10T00:53:07.6852150Z [36;1mpython -m pip install uv==0.12.2[0m
2026-09-10T00:53:07.7465965Z shell: C:\Program Files\PowerShell\7\pwsh.EXE -command ". '{0}'"
2026-09-10T00:53:07.7466375Z env:
2026-09-10T00:53:07.7466660Z   pythonLocation: C:\hostedtoolcache\windows\Python\3.12.10\x64
2026-09-10T00:53:07.7467151Z   PKG_CONFIG_PATH: C:\hostedtoolcache\windows\Python\3.12.10\x64/lib/pkgconfig
2026-09-10T00:53:07.7467610Z   Python_ROOT_DIR: C:\hostedtoolcache\windows\Python\3.12.10\x64
2026-09-10T00:53:07.7468401Z   Python2_ROOT_DIR: C:\hostedtoolcache\windows\Python\3.12.10\x64
2026-09-10T00:53:07.7468811Z   Python3_ROOT_DIR: C:\hostedtoolcache\windows\Python\3.12.10\x64
2026-09-10T00:53:07.7469119Z ##[endgroup]
2026-09-10T00:53:12.5966539Z Collecting uv==0.12.2
2026-09-10T00:53:12.7949534Z   Downloading uv-0.12.2-py3-none-win_amd64.whl.metadata (11 kB)
2026-09-10T00:53:12.8452466Z Downloading uv-0.12.2-py3-none-win_amd64.whl (20.2 MB)
2026-09-10T00:53:13.4862235Z    ---------------------------------------- 20.2/20.2 MB 38.7 MB/s  0:00:00
2026-09-10T00:53:13.7370479Z Installing collected packages: uv
2026-09-10T00:53:14.0382868Z Successfully installed uv-0.12.2
2026-09-10T00:53:14.2470584Z ##[group]Run uv sync --frozen
2026-09-10T00:53:14.2470943Z [36;1muv sync --frozen[0m
2026-09-10T00:53:14.2543027Z shell: C:\Program Files\PowerShell\7\pwsh.EXE -command ". '{0}'"
2026-09-10T00:53:14.2543381Z env:
2026-09-10T00:53:14.2543656Z   pythonLocation: C:\hostedtoolcache\windows\Python\3.12.10\x64
2026-09-10T00:53:14.2544110Z   PKG_CONFIG_PATH: C:\hostedtoolcache\windows\Python\3.12.10\x64/lib/pkgconfig
2026-09-10T00:53:14.2545010Z   Python_ROOT_DIR: C:\hostedtoolcache\windows\Python\3.12.10\x64
2026-09-10T00:53:14.2545399Z   Python2_ROOT_DIR: C:\hostedtoolcache\windows\Python\3.12.10\x64
2026-09-10T00:53:14.2545779Z   Python3_ROOT_DIR: C:\hostedtoolcache\windows\Python\3.12.10\x64
2026-09-10T00:53:14.2546082Z ##[endgroup]
2026-09-10T00:53:14.9107705Z Using CPython 3.12.10 interpreter at: C:\hostedtoolcache\windows\Python\3.12.10\x64\python3.exe
2026-09-10T00:53:14.9109032Z Creating virtual environment at: .venv
2026-09-10T00:53:14.9747931Z    Building zeus-harness @ file:///D:/a/zeus/zeus
2026-09-10T00:53:15.0784074Z Downloading pygments (1.2MiB)
2026-09-10T00:53:15.1016313Z Downloading onnxruntime (13.4MiB)
2026-09-10T00:53:15.1026362Z Downloading pillow (6.9MiB)
2026-09-10T00:53:15.1031923Z Downloading tokenizers (2.7MiB)
2026-09-10T00:53:15.1041987Z Downloading psycopg-binary (3.5MiB)
2026-09-10T00:53:15.1132324Z Downloading hf-xet (3.8MiB)
2026-09-10T00:53:15.1147997Z Downloading ruff (10.1MiB)
2026-09-10T00:53:15.1156990Z Downloading numpy (12.0MiB)
2026-09-10T00:53:16.7573645Z  Downloaded psycopg-binary
2026-09-10T00:53:16.7658639Z  Downloaded tokenizers
2026-09-10T00:53:16.7977772Z  Downloaded hf-xet
2026-09-10T00:53:16.9622251Z  Downloaded ruff
2026-09-10T00:53:16.9885769Z  Downloaded pillow
2026-09-10T00:53:19.2147773Z       Built zeus-harness @ file:///D:/a/zeus/zeus
2026-09-10T00:53:19.3652103Z  Downloaded pygments
2026-09-10T00:53:19.5721479Z  Downloaded onnxruntime
2026-09-10T00:53:20.0795193Z  Downloaded numpy
2026-09-10T00:53:20.0827442Z Prepared 57 packages in 5.15s
2026-09-10T00:53:20.0850011Z warning: Failed to hardlink files; falling back to full copy. This may lead to degraded performance.
2026-09-10T00:53:20.0862264Z          If the cache and target directories are on different filesystems, hardlinking may not be supported.
2026-09-10T00:53:20.0867393Z          If this is intentional, set `export UV_LINK_MODE=copy` or use `--link-mode=copy` to suppress this warning.
2026-09-10T00:53:22.3591362Z Installed 57 packages in 2.27s
2026-09-10T00:53:22.3594328Z  + anyio==4.15.1
2026-09-10T00:53:22.3596222Z  + arrow==1.4.0
2026-09-10T00:53:22.3597407Z  + attrs==26.1.0
2026-09-10T00:53:22.3598899Z  + certifi==2026.7.22
2026-09-10T00:53:22.3600030Z  + charset-normalizer==3.5.1
2026-09-10T00:53:22.3602102Z  + click==8.5.0
2026-09-10T00:53:22.3602744Z  + colorama==0.4.6
2026-09-10T00:53:22.3604126Z  + fastembed==0.8.0
2026-09-10T00:53:22.3605175Z  + filelock==3.32.5
2026-09-10T00:53:22.3606487Z  + flatbuffers==25.12.19
2026-09-10T00:53:22.3607608Z  + fqdn==1.5.1
2026-09-10T00:53:22.3608971Z  + fsspec==2026.7.0
2026-09-10T00:53:22.3610065Z  + h11==0.16.0
2026-09-10T00:53:22.3611336Z  + hf-xet==1.6.0
2026-09-10T00:53:22.3612550Z  + httpcore==1.0.9
2026-09-10T00:53:22.3613808Z  + httpx==0.28.1
2026-09-10T00:53:22.3614905Z  + huggingface-hub==1.30.0
2026-09-10T00:53:22.3615889Z  + idna==3.19
2026-09-10T00:53:22.3617216Z  + iniconfig==2.3.0
2026-09-10T00:53:22.3618517Z  + isoduration==20.11.0
2026-09-10T00:53:22.3619755Z  + jsonpointer==3.1.1
2026-09-10T00:53:22.3620920Z  + jsonschema==4.26.0
2026-09-10T00:53:22.3621946Z  + jsonschema-specifications==2025.9.1
2026-09-10T00:53:22.3623321Z  + loguru==0.7.3
2026-09-10T00:53:22.3624333Z  + mmh3==5.3.0
2026-09-10T00:53:22.3625654Z  + numpy==2.5.3
2026-09-10T00:53:22.3626732Z  + onnxruntime==1.29.0
2026-09-10T00:53:22.3627760Z  + packaging==26.3
2026-09-10T00:53:22.3629013Z  + pillow==12.3.0
2026-09-10T00:53:22.3630072Z  + pluggy==1.6.0
2026-09-10T00:53:22.3634320Z  + protobuf==7.36.1
2026-09-10T00:53:22.3634759Z  + psycopg==3.3.5
2026-09-10T00:53:22.3635483Z  + psycopg-binary==3.3.5
2026-09-10T00:53:22.3635982Z  + py-rust-stemmers==0.1.8
2026-09-10T00:53:22.3636392Z  + pygments==2.21.0
2026-09-10T00:53:22.3636689Z  + pytest==9.1.1
2026-09-10T00:53:22.3637008Z  + python-dateutil==2.9.0.post0
2026-09-10T00:53:22.3641323Z  + pyyaml==6.0.3
2026-09-10T00:53:22.3642018Z  + redis==6.4.0
2026-09-10T00:53:22.3642493Z  + referencing==0.37.0
2026-09-10T00:53:22.3643004Z  + requests==2.34.2
2026-09-10T00:53:22.3643339Z  + rfc3339-validator==0.1.4
2026-09-10T00:53:22.3644971Z  + rfc3987==1.3.8
2026-09-10T00:53:22.3646932Z  + rpds-py==2026.6.3
2026-09-10T00:53:22.3648202Z  + ruff==0.16.6
2026-09-10T00:53:22.3649528Z  + six==1.17.0
2026-09-10T00:53:22.3650906Z  + tokenizers==0.23.2
2026-09-10T00:53:22.3652322Z  + tqdm==4.70.0
2026-09-10T00:53:22.3653884Z  + tree-sitter==0.25.2
2026-09-10T00:53:22.3655510Z  + tree-sitter-python==0.25.0
2026-09-10T00:53:22.3656929Z  + typing-extensions==4.16.0
2026-09-10T00:53:22.3658076Z  + tzdata==2026.3
2026-09-10T00:53:22.3659824Z  + uri-template==1.3.0
2026-09-10T00:53:22.3660809Z  + urllib3==2.7.0
2026-09-10T00:53:22.3662833Z  + webcolors==25.10.0
2026-09-10T00:53:22.3664290Z  + win32-setctime==1.2.0
2026-09-10T00:53:22.3666953Z  + zeus-harness==0.2.0 (from file:///D:/a/zeus/zeus)
2026-09-10T00:53:22.5539889Z ##[group]Run uv run ruff check .
2026-09-10T00:53:22.5540226Z [36;1muv run ruff check .[0m
2026-09-10T00:53:22.5609481Z shell: C:\Program Files\PowerShell\7\pwsh.EXE -command ". '{0}'"
2026-09-10T00:53:22.5609851Z env:
2026-09-10T00:53:22.5610115Z   pythonLocation: C:\hostedtoolcache\windows\Python\3.12.10\x64
2026-09-10T00:53:22.5610567Z   PKG_CONFIG_PATH: C:\hostedtoolcache\windows\Python\3.12.10\x64/lib/pkgconfig
2026-09-10T00:53:22.5611003Z   Python_ROOT_DIR: C:\hostedtoolcache\windows\Python\3.12.10\x64
2026-09-10T00:53:22.5611395Z   Python2_ROOT_DIR: C:\hostedtoolcache\windows\Python\3.12.10\x64
2026-09-10T00:53:22.5612104Z   Python3_ROOT_DIR: C:\hostedtoolcache\windows\Python\3.12.10\x64
2026-09-10T00:53:22.5612411Z ##[endgroup]
2026-09-10T00:53:23.1362215Z All checks passed!
2026-09-10T00:53:23.2607667Z ##[group]Run uv run pytest -q
2026-09-10T00:53:23.2608040Z [36;1muv run pytest -q[0m
2026-09-10T00:53:23.2677334Z shell: C:\Program Files\PowerShell\7\pwsh.EXE -command ". '{0}'"
2026-09-10T00:53:23.2677689Z env:
2026-09-10T00:53:23.2677964Z   pythonLocation: C:\hostedtoolcache\windows\Python\3.12.10\x64
2026-09-10T00:53:23.2678423Z   PKG_CONFIG_PATH: C:\hostedtoolcache\windows\Python\3.12.10\x64/lib/pkgconfig
2026-09-10T00:53:23.2678889Z   Python_ROOT_DIR: C:\hostedtoolcache\windows\Python\3.12.10\x64
2026-09-10T00:53:23.2679292Z   Python2_ROOT_DIR: C:\hostedtoolcache\windows\Python\3.12.10\x64
2026-09-10T00:53:23.2679672Z   Python3_ROOT_DIR: C:\hostedtoolcache\windows\Python\3.12.10\x64
2026-09-10T00:53:23.2679975Z ##[endgroup]
2026-09-10T00:53:28.1679079Z .....F.................................................................s [  6%]
2026-09-10T00:53:28.5665217Z ............ssssssssssss..ss....ssss.s.s..ss.s.s.s.s.s.ss.s.s......s..s. [ 12%]
2026-09-10T00:53:28.9668452Z s.s.s......ssssss........ssssssss.s.s.s.s.ss.s...sss.s..ss....ssss.s.s.s [ 19%]
2026-09-10T00:53:29.7449786Z .s.s.s.s.s.s.s.s.ss...s.s.s........s.s.s.s.s.s.s.s.sss.................. [ 25%]
2026-09-10T00:53:36.0194970Z ..............s.s.s.s.s..ss.s.s.s.s.s.s.s.s.s.s.s.s.s..ss.s.s.ssssssssss [ 31%]
2026-09-10T00:53:37.3406735Z ssssssssssssssss........................................................ [ 38%]
2026-09-10T00:53:47.8001403Z .............................................ssssss.s.s.s.s.s.s.s....... [ 44%]
2026-09-10T00:53:52.4901168Z ........................................................................ [ 51%]
2026-09-10T00:54:24.5699724Z ........................................s.s.s....s..s................... [ 57%]
2026-09-10T00:55:08.8319710Z ........................................................s.s.s.........ss [ 63%]
2026-09-10T00:55:25.8054916Z sssssss.....sssss.s.ss.s.s.s....ssss..ss.s.............................. [ 70%]
2026-09-10T00:55:28.3195577Z .........ssssss.............................s........................... [ 76%]
2026-09-10T00:56:56.1089024Z ...s.s.s.s.s......................................................s..... [ 83%]
2026-09-10T00:57:20.0585264Z ...ssssssss.....sssss.s.s.s.s.s.s..ss.......sssssss.s.s.s.s.s.s.s.s.s.s. [ 89%]
2026-09-10T00:57:27.6734195Z s.s.s.s.s.s.s.s.s.s.s.s.........................s...............s....... [ 95%]
2026-09-10T00:57:28.5393991Z .........s....s....s....s....s....s...........                           [100%]
2026-09-10T00:57:28.5394829Z ================================== FAILURES ===================================
2026-09-10T00:57:28.5395502Z _____________________ test_startup_spends_the_turn_budget _____________________
2026-09-10T00:57:28.5395920Z 
2026-09-10T00:57:28.5396636Z monkeypatch = <_pytest.monkeypatch.MonkeyPatch object at 0x000001755F404F50>
2026-09-10T00:57:28.5397189Z 
2026-09-10T00:57:28.5397427Z     def test_startup_spends_the_turn_budget(monkeypatch):
2026-09-10T00:57:28.5397972Z         import time
2026-09-10T00:57:28.5398464Z         server = AppServer(executable='unit-fixture-no-process')
2026-09-10T00:57:28.5399026Z         calls = []
2026-09-10T00:57:28.5399429Z         def slow_request(method, params, timeout):
2026-09-10T00:57:28.5399984Z             calls.append(method)
2026-09-10T00:57:28.5400444Z             assert 0 < timeout <= 0.05
2026-09-10T00:57:28.5400935Z             time.sleep(0.06)
2026-09-10T00:57:28.5401410Z             return {'thread': {'id': 'unit-thread'}}
2026-09-10T00:57:28.5402002Z         monkeypatch.setattr(server, 'request', slow_request)
2026-09-10T00:57:28.5451285Z         with pytest.raises(ContractError, match='before turn start'):
2026-09-10T00:57:28.5452047Z >           server.run('unit fixture', str(ROOT), SCHEMA, timeout=0.05)
2026-09-10T00:57:28.5453980Z 
2026-09-10T00:57:28.5454144Z tests\test_app_server.py:36: 
2026-09-10T00:57:28.5454621Z _ _ _ _ _ _ _ _ _ _ _ _ _ _ _ _ _ _ _ _ _ _ _ _ _ _ _ _ _ _ _ _ _ _ _ _ _ _ _ _
2026-09-10T00:57:28.5458733Z src\codex_harness\adapters\app_server.py:172: in run
2026-09-10T00:57:28.5459586Z     response = self.request("thread/start", options, request_budget())
2026-09-10T00:57:28.5460209Z                ^^^^^^^^^^^^^^^^^^^^^^^^^^^^^^^^^^^^^^^^^^^^^^^^^^^^^^^
2026-09-10T00:57:28.5460765Z _ _ _ _ _ _ _ _ _ _ _ _ _ _ _ _ _ _ _ _ _ _ _ _ _ _ _ _ _ _ _ _ _ _ _ _ _ _ _ _
2026-09-10T00:57:28.5461125Z 
2026-09-10T00:57:28.5461307Z method = 'thread/start'
2026-09-10T00:57:28.5461939Z params = {'cwd': 'D:\\a\\zeus\\zeus', 'approvalPolicy': 'never', 'sandbox': 'danger-full-access'}
2026-09-10T00:57:28.5462630Z timeout = 0.05000000000001137
2026-09-10T00:57:28.5462901Z 
2026-09-10T00:57:28.5463071Z     def slow_request(method, params, timeout):
2026-09-10T00:57:28.5463542Z         calls.append(method)
2026-09-10T00:57:28.5463934Z >       assert 0 < timeout <= 0.05
2026-09-10T00:57:28.5464320Z E       assert 0.05000000000001137 <= 0.05
2026-09-10T00:57:28.5464588Z 
2026-09-10T00:57:28.5464803Z tests\test_app_server.py:31: AssertionError
2026-09-10T00:57:28.5465337Z =========================== short test summary info ===========================
2026-09-10T00:57:28.5466328Z FAILED tests/test_app_server.py::test_startup_spends_the_turn_budget - assert 0.05000000000001137 <= 0.05
2026-09-10T00:57:28.5467152Z 1 failed, 861 passed, 264 skipped in 243.39s (0:04:03)
2026-09-10T00:57:28.7804393Z ##[error]Process completed with exit code 1.
2026-09-10T00:57:28.8115014Z Node 20 is being deprecated. This workflow is running with Node 24 by default. If you need to temporarily use Node 20, you can set the ACTIONS_ALLOW_USE_UNSECURE_NODE_VERSION=true environment variable. For more information see: https://github.blog/changelog/2025-09-19-deprecation-of-node-20-on-github-actions-runners/
2026-09-10T00:57:28.8116399Z Post job cleanup.
2026-09-10T00:57:28.9958825Z [command]"C:\Program Files\Git\bin\git.exe" version
2026-09-10T00:57:29.0240188Z git version 2.55.0.windows.5
2026-09-10T00:57:29.0306241Z Temporarily overriding HOME='D:\a\_temp\eeff699f-7084-452e-92bb-ad8b0aa93913' before making global git config changes
2026-09-10T00:57:29.0307030Z Adding repository directory to the temporary git global config as a safe directory
2026-09-10T00:57:29.0317419Z [command]"C:\Program Files\Git\bin\git.exe" config --global --add safe.directory D:\a\zeus\zeus
2026-09-10T00:57:29.0635661Z [command]"C:\Program Files\Git\bin\git.exe" config --local --name-only --get-regexp core\.sshCommand
2026-09-10T00:57:29.0945190Z [command]"C:\Program Files\Git\bin\git.exe" submodule foreach --recursive "sh -c \"git config --local --name-only --get-regexp 'core\.sshCommand' && git config --local --unset-all 'core.sshCommand' || :\""
2026-09-10T00:57:29.6591984Z [command]"C:\Program Files\Git\bin\git.exe" config --local --name-only --get-regexp http\.https\:\/\/github\.com\/\.extraheader
2026-09-10T00:57:29.6853265Z http.https://github.com/.extraheader
2026-09-10T00:57:29.6895804Z [command]"C:\Program Files\Git\bin\git.exe" config --local --unset-all http.https://github.com/.extraheader
2026-09-10T00:57:29.7200351Z [command]"C:\Program Files\Git\bin\git.exe" submodule foreach --recursive "sh -c \"git config --local --name-only --get-regexp 'http\.https\:\/\/github\.com\/\.extraheader' && git config --local --unset-all 'http.https://github.com/.extraheader' || :\""
2026-09-10T00:57:30.2575209Z [command]"C:\Program Files\Git\bin\git.exe" config --local --name-only --get-regexp ^includeIf\.gitdir:
2026-09-10T00:57:30.2871846Z [command]"C:\Program Files\Git\bin\git.exe" submodule foreach --recursive "git config --local --show-origin --name-only --get-regexp remote.origin.url"
2026-09-10T00:57:30.8515881Z Cleaning up orphan processes
2026-09-10T00:57:30.8557282Z ##[warning]Node.js 20 is deprecated. The following actions target Node.js 20 but are being forced to run on Node.js 24: actions/checkout@v4, actions/setup-python@v5. For more information see: https://github.blog/changelog/2025-09-19-deprecation-of-node-20-on-github-actions-runners/
