2026-09-10T01:08:06.1022740Z Current runner version: '2.337.0'
2026-09-10T01:08:06.1043613Z ##[group]Runner Image Provisioner
2026-09-10T01:08:06.1044406Z Hosted Compute Agent
2026-09-10T01:08:06.1044931Z Version: 20260828.587
2026-09-10T01:08:06.1045540Z Commit: abac92662cab4cc7352de4f9f9d2e2419aad9c29
2026-09-10T01:08:06.1046209Z Build Date: 2026-08-28T16:44:25Z
2026-09-10T01:08:06.1046818Z Worker ID: {ce8a721b-3ea5-40cd-9ae9-77f438fe2a0e}
2026-09-10T01:08:06.1047415Z Azure Region: centralus
2026-09-10T01:08:06.1048130Z ##[endgroup]
2026-09-10T01:08:06.1049365Z ##[group]Operating System
2026-09-10T01:08:06.1049879Z Ubuntu
2026-09-10T01:08:06.1050330Z 24.04.5
2026-09-10T01:08:06.1050761Z LTS
2026-09-10T01:08:06.1051177Z ##[endgroup]
2026-09-10T01:08:06.1051663Z ##[group]Runner Image
2026-09-10T01:08:06.1052207Z Image: ubuntu-24.04
2026-09-10T01:08:06.1052684Z Version: 20260907.300.1
2026-09-10T01:08:06.1053717Z Included Software: https://github.com/actions/runner-images/blob/ubuntu24/20260907.300/images/ubuntu/Ubuntu2404-Readme.md
2026-09-10T01:08:06.1055083Z Image Release: https://github.com/actions/runner-images/releases/tag/ubuntu24%2F20260907.300
2026-09-10T01:08:06.1056066Z ##[endgroup]
2026-09-10T01:08:06.1057308Z ##[group]GITHUB_TOKEN Permissions
2026-09-10T01:08:06.1059474Z Contents: read
2026-09-10T01:08:06.1060017Z Metadata: read
2026-09-10T01:08:06.1060476Z ##[endgroup]
2026-09-10T01:08:06.1062173Z Secret source: Actions
2026-09-10T01:08:06.1062984Z Cache mode: write
2026-09-10T01:08:06.1063621Z Prepare workflow directory
2026-09-10T01:08:06.1388811Z Prepare all required actions
2026-09-10T01:08:06.1430698Z Getting action download info
2026-09-10T01:08:06.4328764Z Download action repository 'actions/checkout@v4' (SHA:11d5960a326750d5838078e36cf38b85af677262)
2026-09-10T01:08:06.8900796Z Download action repository 'actions/setup-python@v5' (SHA:a26af69be951a213d495a4c3e4e4022e16d87065)
2026-09-10T01:08:07.6181258Z Complete job name: test (ubuntu-latest, 3.12)
2026-09-10T01:08:07.6951899Z Node 20 is being deprecated. This workflow is running with Node 24 by default. If you need to temporarily use Node 20, you can set the ACTIONS_ALLOW_USE_UNSECURE_NODE_VERSION=true environment variable. For more information see: https://github.blog/changelog/2025-09-19-deprecation-of-node-20-on-github-actions-runners/
2026-09-10T01:08:07.6961642Z ##[group]Run actions/checkout@v4
2026-09-10T01:08:07.6962844Z with:
2026-09-10T01:08:07.6963672Z   fetch-depth: 0
2026-09-10T01:08:07.6964995Z   repository: trevi00/zeus
2026-09-10T01:08:07.6972554Z   token: ***
2026-09-10T01:08:07.6973426Z   ssh-strict: true
2026-09-10T01:08:07.6974306Z   ssh-user: git
2026-09-10T01:08:07.6975548Z   persist-credentials: true
2026-09-10T01:08:07.6976570Z   clean: true
2026-09-10T01:08:07.6977471Z   sparse-checkout-cone-mode: true
2026-09-10T01:08:07.6978605Z   fetch-tags: false
2026-09-10T01:08:07.6979537Z   show-progress: true
2026-09-10T01:08:07.6980459Z   lfs: false
2026-09-10T01:08:07.6981423Z   submodules: false
2026-09-10T01:08:07.6982320Z   set-safe-directory: true
2026-09-10T01:08:07.6983370Z   allow-unsafe-pr-checkout: false
2026-09-10T01:08:07.6984591Z ##[endgroup]
2026-09-10T01:08:07.7890378Z Syncing repository: trevi00/zeus
2026-09-10T01:08:07.7893355Z ##[group]Getting Git version info
2026-09-10T01:08:07.7894825Z Working directory is '/home/runner/work/zeus/zeus'
2026-09-10T01:08:07.7896819Z [command]/usr/bin/git version
2026-09-10T01:08:07.7920546Z git version 2.55.0
2026-09-10T01:08:07.7936464Z ##[endgroup]
2026-09-10T01:08:07.7949498Z Temporarily overriding HOME='/home/runner/work/_temp/ff7d2934-1ed1-481e-831c-0b2d19eb1cab' before making global git config changes
2026-09-10T01:08:07.7953343Z Adding repository directory to the temporary git global config as a safe directory
2026-09-10T01:08:07.7956694Z [command]/usr/bin/git config --global --add safe.directory /home/runner/work/zeus/zeus
2026-09-10T01:08:07.7999940Z Deleting the contents of '/home/runner/work/zeus/zeus'
2026-09-10T01:08:07.8003418Z ##[group]Initializing the repository
2026-09-10T01:08:07.8005566Z [command]/usr/bin/git init /home/runner/work/zeus/zeus
2026-09-10T01:08:07.8075001Z hint: Using 'master' as the name for the initial branch. This default branch name
2026-09-10T01:08:07.8077982Z hint: will change to "main" in Git 3.0. To configure the initial branch name
2026-09-10T01:08:07.8080944Z hint: to use in all of your new repositories, which will suppress this warning,
2026-09-10T01:08:07.8082850Z hint: call:
2026-09-10T01:08:07.8084026Z hint:
2026-09-10T01:08:07.8085540Z hint: 	git config --global init.defaultBranch <name>
2026-09-10T01:08:07.8087589Z hint:
2026-09-10T01:08:07.8089460Z hint: Names commonly chosen instead of 'master' are 'main', 'trunk' and
2026-09-10T01:08:07.8092070Z hint: 'development'. The just-created branch can be renamed via this command:
2026-09-10T01:08:07.8094270Z hint:
2026-09-10T01:08:07.8095536Z hint: 	git branch -m <name>
2026-09-10T01:08:07.8096899Z hint:
2026-09-10T01:08:07.8099093Z hint: Disable this message with "git config set advice.defaultBranchName false"
2026-09-10T01:08:07.8101780Z Initialized empty Git repository in /home/runner/work/zeus/zeus/.git/
2026-09-10T01:08:07.8106087Z [command]/usr/bin/git remote add origin https://github.com/trevi00/zeus
2026-09-10T01:08:07.8120274Z ##[endgroup]
2026-09-10T01:08:07.8122386Z ##[group]Disabling automatic garbage collection
2026-09-10T01:08:07.8124310Z [command]/usr/bin/git config --local gc.auto 0
2026-09-10T01:08:07.8145746Z ##[endgroup]
2026-09-10T01:08:07.8147866Z ##[group]Setting up auth
2026-09-10T01:08:07.8149896Z [command]/usr/bin/git config --local --name-only --get-regexp core\.sshCommand
2026-09-10T01:08:07.8176765Z [command]/usr/bin/git submodule foreach --recursive sh -c "git config --local --name-only --get-regexp 'core\.sshCommand' && git config --local --unset-all 'core.sshCommand' || :"
2026-09-10T01:08:07.8482334Z [command]/usr/bin/git config --local --name-only --get-regexp http\.https\:\/\/github\.com\/\.extraheader
2026-09-10T01:08:07.8512680Z [command]/usr/bin/git submodule foreach --recursive sh -c "git config --local --name-only --get-regexp 'http\.https\:\/\/github\.com\/\.extraheader' && git config --local --unset-all 'http.https://github.com/.extraheader' || :"
2026-09-10T01:08:07.8685414Z [command]/usr/bin/git config --local --name-only --get-regexp ^includeIf\.gitdir:
2026-09-10T01:08:07.8714369Z [command]/usr/bin/git submodule foreach --recursive git config --local --show-origin --name-only --get-regexp remote.origin.url
2026-09-10T01:08:07.8874406Z [command]/usr/bin/git config --local http.https://github.com/.extraheader AUTHORIZATION: basic ***
2026-09-10T01:08:07.8903216Z ##[endgroup]
2026-09-10T01:08:07.8905407Z ##[group]Fetching the repository
2026-09-10T01:08:07.8913638Z [command]/usr/bin/git -c protocol.version=2 fetch --prune --no-recurse-submodules origin +refs/heads/*:refs/remotes/origin/* +refs/tags/*:refs/tags/*
2026-09-10T01:08:09.2300423Z From https://github.com/trevi00/zeus
2026-09-10T01:08:09.2301232Z  * [new branch]      main       -> origin/main
2026-09-10T01:08:09.2312347Z [command]/usr/bin/git branch --list --remote origin/main
2026-09-10T01:08:09.2334548Z   origin/main
2026-09-10T01:08:09.2343452Z [command]/usr/bin/git rev-parse refs/remotes/origin/main
2026-09-10T01:08:09.2365379Z f2ceeb38f44286c458c967de386ebf36e8bbe87a
2026-09-10T01:08:09.2368732Z ##[endgroup]
2026-09-10T01:08:09.2369514Z ##[group]Determining the checkout info
2026-09-10T01:08:09.2370481Z ##[endgroup]
2026-09-10T01:08:09.2375811Z [command]/usr/bin/git sparse-checkout disable
2026-09-10T01:08:09.2417022Z [command]/usr/bin/git config --local --unset-all extensions.worktreeConfig
2026-09-10T01:08:09.2439110Z ##[group]Checking out the ref
2026-09-10T01:08:09.2441934Z [command]/usr/bin/git checkout --progress --force -B main refs/remotes/origin/main
2026-09-10T01:08:09.4181815Z Switched to a new branch 'main'
2026-09-10T01:08:09.4188772Z branch 'main' set up to track 'origin/main'.
2026-09-10T01:08:09.4192764Z ##[endgroup]
2026-09-10T01:08:09.4230889Z [command]/usr/bin/git log -1 --format=%H
2026-09-10T01:08:09.4252391Z f2ceeb38f44286c458c967de386ebf36e8bbe87a
2026-09-10T01:08:09.4455456Z Node 20 is being deprecated. This workflow is running with Node 24 by default. If you need to temporarily use Node 20, you can set the ACTIONS_ALLOW_USE_UNSECURE_NODE_VERSION=true environment variable. For more information see: https://github.blog/changelog/2025-09-19-deprecation-of-node-20-on-github-actions-runners/
2026-09-10T01:08:09.4457105Z ##[group]Run actions/setup-python@v5
2026-09-10T01:08:09.4457447Z with:
2026-09-10T01:08:09.4457866Z   python-version: 3.12
2026-09-10T01:08:09.4458156Z   check-latest: false
2026-09-10T01:08:09.4460044Z   token: ***
2026-09-10T01:08:09.4460304Z   update-environment: true
2026-09-10T01:08:09.4460660Z   allow-prereleases: false
2026-09-10T01:08:09.4460958Z   freethreaded: false
2026-09-10T01:08:09.4461217Z ##[endgroup]
2026-09-10T01:08:09.5585013Z ##[group]Installed versions
2026-09-10T01:08:09.5698103Z (node:2034) [DEP0040] DeprecationWarning: The `punycode` module is deprecated. Please use a userland alternative instead.
2026-09-10T01:08:09.5699183Z (Use `node --trace-deprecation ...` to show where the warning was created)
2026-09-10T01:08:09.5699869Z Successfully set up CPython (3.12.14)
2026-09-10T01:08:09.5700544Z ##[endgroup]
2026-09-10T01:08:09.5822776Z ##[group]Run python -m pip install uv==0.12.2
2026-09-10T01:08:09.5823568Z [36;1mpython -m pip install uv==0.12.2[0m
2026-09-10T01:08:09.5867311Z shell: /usr/bin/bash -e {0}
2026-09-10T01:08:09.5867964Z env:
2026-09-10T01:08:09.5868471Z   pythonLocation: /opt/hostedtoolcache/Python/3.12.14/x64
2026-09-10T01:08:09.5869182Z   PKG_CONFIG_PATH: /opt/hostedtoolcache/Python/3.12.14/x64/lib/pkgconfig
2026-09-10T01:08:09.5869828Z   Python_ROOT_DIR: /opt/hostedtoolcache/Python/3.12.14/x64
2026-09-10T01:08:09.5870473Z   Python2_ROOT_DIR: /opt/hostedtoolcache/Python/3.12.14/x64
2026-09-10T01:08:09.5871050Z   Python3_ROOT_DIR: /opt/hostedtoolcache/Python/3.12.14/x64
2026-09-10T01:08:09.5871640Z   LD_LIBRARY_PATH: /opt/hostedtoolcache/Python/3.12.14/x64/lib
2026-09-10T01:08:09.5872204Z ##[endgroup]
2026-09-10T01:08:10.5325460Z Collecting uv==0.12.2
2026-09-10T01:08:10.6071969Z   Downloading uv-0.12.2-py3-none-manylinux_2_17_x86_64.manylinux2014_x86_64.whl.metadata (11 kB)
2026-09-10T01:08:10.6263379Z Downloading uv-0.12.2-py3-none-manylinux_2_17_x86_64.manylinux2014_x86_64.whl (22.3 MB)
2026-09-10T01:08:11.2838127Z    ━━━━━━━━━━━━━━━━━━━━━━━━━━━━━━━━━━━━━━━━ 22.3/22.3 MB 35.6 MB/s  0:00:00
2026-09-10T01:08:11.3308400Z Installing collected packages: uv
2026-09-10T01:08:11.5849893Z Successfully installed uv-0.12.2
2026-09-10T01:08:11.6427900Z ##[group]Run uv sync --frozen
2026-09-10T01:08:11.6428262Z [36;1muv sync --frozen[0m
2026-09-10T01:08:11.6448861Z shell: /usr/bin/bash -e {0}
2026-09-10T01:08:11.6449196Z env:
2026-09-10T01:08:11.6449513Z   pythonLocation: /opt/hostedtoolcache/Python/3.12.14/x64
2026-09-10T01:08:11.6449945Z   PKG_CONFIG_PATH: /opt/hostedtoolcache/Python/3.12.14/x64/lib/pkgconfig
2026-09-10T01:08:11.6450398Z   Python_ROOT_DIR: /opt/hostedtoolcache/Python/3.12.14/x64
2026-09-10T01:08:11.6450830Z   Python2_ROOT_DIR: /opt/hostedtoolcache/Python/3.12.14/x64
2026-09-10T01:08:11.6451251Z   Python3_ROOT_DIR: /opt/hostedtoolcache/Python/3.12.14/x64
2026-09-10T01:08:11.6451640Z   LD_LIBRARY_PATH: /opt/hostedtoolcache/Python/3.12.14/x64/lib
2026-09-10T01:08:11.6451963Z ##[endgroup]
2026-09-10T01:08:11.6972034Z Using CPython 3.12.14 interpreter at: /opt/hostedtoolcache/Python/3.12.14/x64/bin/python3
2026-09-10T01:08:11.6972858Z Creating virtual environment at: .venv
2026-09-10T01:08:11.7108266Z    Building zeus-harness @ file:///home/runner/work/zeus/zeus
2026-09-10T01:08:11.7952938Z Downloading psycopg-binary (5.0MiB)
2026-09-10T01:08:11.7958749Z Downloading hf-xet (4.3MiB)
2026-09-10T01:08:11.7961431Z Downloading pillow (6.6MiB)
2026-09-10T01:08:11.7963349Z Downloading tokenizers (3.2MiB)
2026-09-10T01:08:11.7964676Z Downloading numpy (15.9MiB)
2026-09-10T01:08:11.7967124Z Downloading ruff (9.8MiB)
2026-09-10T01:08:11.7968600Z Downloading pygments (1.2MiB)
2026-09-10T01:08:11.7976261Z Downloading onnxruntime (22.1MiB)
2026-09-10T01:08:12.3904962Z  Downloaded pygments
2026-09-10T01:08:12.4765535Z  Downloaded tokenizers
2026-09-10T01:08:12.4847287Z  Downloaded hf-xet
2026-09-10T01:08:12.5125733Z       Built zeus-harness @ file:///home/runner/work/zeus/zeus
2026-09-10T01:08:12.5745356Z  Downloaded psycopg-binary
2026-09-10T01:08:12.5935801Z  Downloaded ruff
2026-09-10T01:08:12.5953733Z  Downloaded pillow
2026-09-10T01:08:12.7355164Z  Downloaded onnxruntime
2026-09-10T01:08:12.8796858Z  Downloaded numpy
2026-09-10T01:08:12.8798319Z Prepared 55 packages in 1.18s
2026-09-10T01:08:12.8988847Z Installed 55 packages in 18ms
2026-09-10T01:08:12.8989369Z  + anyio==4.15.1
2026-09-10T01:08:12.8989726Z  + arrow==1.4.0
2026-09-10T01:08:12.8990085Z  + attrs==26.1.0
2026-09-10T01:08:12.8990428Z  + certifi==2026.7.22
2026-09-10T01:08:12.8990820Z  + charset-normalizer==3.5.1
2026-09-10T01:08:12.8991241Z  + click==8.5.0
2026-09-10T01:08:12.8991603Z  + fastembed==0.8.0
2026-09-10T01:08:12.8992031Z  + filelock==3.32.5
2026-09-10T01:08:12.8992365Z  + flatbuffers==25.12.19
2026-09-10T01:08:12.8992754Z  + fqdn==1.5.1
2026-09-10T01:08:12.8993100Z  + fsspec==2026.7.0
2026-09-10T01:08:12.8993421Z  + h11==0.16.0
2026-09-10T01:08:12.8993761Z  + hf-xet==1.6.0
2026-09-10T01:08:12.8994091Z  + httpcore==1.0.9
2026-09-10T01:08:12.8994442Z  + httpx==0.28.1
2026-09-10T01:08:12.8994820Z  + huggingface-hub==1.30.0
2026-09-10T01:08:12.8995230Z  + idna==3.19
2026-09-10T01:08:12.8995581Z  + iniconfig==2.3.0
2026-09-10T01:08:12.8996016Z  + isoduration==20.11.0
2026-09-10T01:08:12.8996368Z  + jsonpointer==3.1.1
2026-09-10T01:08:12.8996718Z  + jsonschema==4.26.0
2026-09-10T01:08:12.8997077Z  + jsonschema-specifications==2025.9.1
2026-09-10T01:08:12.8997482Z  + loguru==0.7.3
2026-09-10T01:08:12.8997934Z  + mmh3==5.3.0
2026-09-10T01:08:12.8998291Z  + numpy==2.5.3
2026-09-10T01:08:12.8998652Z  + onnxruntime==1.29.0
2026-09-10T01:08:12.8999038Z  + packaging==26.3
2026-09-10T01:08:12.8999379Z  + pillow==12.3.0
2026-09-10T01:08:12.8999777Z  + pluggy==1.6.0
2026-09-10T01:08:12.9000140Z  + protobuf==7.36.1
2026-09-10T01:08:12.9000506Z  + psycopg==3.3.5
2026-09-10T01:08:12.9000857Z  + psycopg-binary==3.3.5
2026-09-10T01:08:12.9001238Z  + py-rust-stemmers==0.1.8
2026-09-10T01:08:12.9001637Z  + pygments==2.21.0
2026-09-10T01:08:12.9001999Z  + pytest==9.1.1
2026-09-10T01:08:12.9002416Z  + python-dateutil==2.9.0.post0
2026-09-10T01:08:12.9002822Z  + pyyaml==6.0.3
2026-09-10T01:08:12.9003142Z  + redis==6.4.0
2026-09-10T01:08:12.9003543Z  + referencing==0.37.0
2026-09-10T01:08:12.9004220Z  + requests==2.34.2
2026-09-10T01:08:12.9004602Z  + rfc3339-validator==0.1.4
2026-09-10T01:08:12.9005001Z  + rfc3987==1.3.8
2026-09-10T01:08:12.9005344Z  + rpds-py==2026.6.3
2026-09-10T01:08:12.9005717Z  + ruff==0.16.6
2026-09-10T01:08:12.9006091Z  + six==1.17.0
2026-09-10T01:08:12.9006466Z  + tokenizers==0.23.2
2026-09-10T01:08:12.9006828Z  + tqdm==4.70.0
2026-09-10T01:08:12.9007152Z  + tree-sitter==0.25.2
2026-09-10T01:08:12.9007567Z  + tree-sitter-python==0.25.0
2026-09-10T01:08:12.9008197Z  + typing-extensions==4.16.0
2026-09-10T01:08:12.9008569Z  + tzdata==2026.3
2026-09-10T01:08:12.9008975Z  + uri-template==1.3.0
2026-09-10T01:08:12.9009336Z  + urllib3==2.7.0
2026-09-10T01:08:12.9009681Z  + webcolors==25.10.0
2026-09-10T01:08:12.9010196Z  + zeus-harness==0.2.0 (from file:///home/runner/work/zeus/zeus)
2026-09-10T01:08:12.9092642Z ##[group]Run uv run ruff check .
2026-09-10T01:08:12.9093126Z [36;1muv run ruff check .[0m
2026-09-10T01:08:12.9114454Z shell: /usr/bin/bash -e {0}
2026-09-10T01:08:12.9114764Z env:
2026-09-10T01:08:12.9115142Z   pythonLocation: /opt/hostedtoolcache/Python/3.12.14/x64
2026-09-10T01:08:12.9115575Z   PKG_CONFIG_PATH: /opt/hostedtoolcache/Python/3.12.14/x64/lib/pkgconfig
2026-09-10T01:08:12.9115975Z   Python_ROOT_DIR: /opt/hostedtoolcache/Python/3.12.14/x64
2026-09-10T01:08:12.9116507Z   Python2_ROOT_DIR: /opt/hostedtoolcache/Python/3.12.14/x64
2026-09-10T01:08:12.9116910Z   Python3_ROOT_DIR: /opt/hostedtoolcache/Python/3.12.14/x64
2026-09-10T01:08:12.9117461Z   LD_LIBRARY_PATH: /opt/hostedtoolcache/Python/3.12.14/x64/lib
2026-09-10T01:08:12.9117924Z ##[endgroup]
2026-09-10T01:08:13.0152121Z All checks passed!
2026-09-10T01:08:13.0192792Z ##[group]Run uv run pytest -q
2026-09-10T01:08:13.0193153Z [36;1muv run pytest -q[0m
2026-09-10T01:08:13.0213894Z shell: /usr/bin/bash -e {0}
2026-09-10T01:08:13.0214256Z env:
2026-09-10T01:08:13.0214574Z   pythonLocation: /opt/hostedtoolcache/Python/3.12.14/x64
2026-09-10T01:08:13.0215013Z   PKG_CONFIG_PATH: /opt/hostedtoolcache/Python/3.12.14/x64/lib/pkgconfig
2026-09-10T01:08:13.0215493Z   Python_ROOT_DIR: /opt/hostedtoolcache/Python/3.12.14/x64
2026-09-10T01:08:13.0215882Z   Python2_ROOT_DIR: /opt/hostedtoolcache/Python/3.12.14/x64
2026-09-10T01:08:13.0216303Z   Python3_ROOT_DIR: /opt/hostedtoolcache/Python/3.12.14/x64
2026-09-10T01:08:13.0216734Z   LD_LIBRARY_PATH: /opt/hostedtoolcache/Python/3.12.14/x64/lib
2026-09-10T01:08:13.0217079Z ##[endgroup]
2026-09-10T01:08:17.1666327Z .......................................................................s [  6%]
2026-09-10T01:08:17.3629323Z ............ssssssssssss..ss....ssss.s.s..ss.s.s.s.s.s.ss.s.s......s..s. [ 12%]
2026-09-10T01:08:17.5701415Z s.s.s......ssssss........ssssssss.s.s.s.s.ss.s...sss.s..ss....ssss.s.s.s [ 19%]
2026-09-10T01:08:17.8533488Z .s.s.s.s.s.s.s.s.ss...s.s.s........s.s.s.s.s.s.s.s.sss.................. [ 25%]
2026-09-10T01:08:18.3454694Z ..............s.s.s.s.s..ss.s.s.s.s.s.s.s.s.s.s.s.s.s..ss.s.s.ssssssssss [ 31%]
2026-09-10T01:08:19.1873087Z ssssssssssssssss........................................................ [ 38%]
2026-09-10T01:08:21.1794084Z .............................................ssssss.s.s.s.s.s.s.s....... [ 44%]
2026-09-10T01:08:23.0260796Z ........................................................................ [ 51%]
2026-09-10T01:08:26.6370379Z ........................................s.s.s....s..s................... [ 57%]
2026-09-10T01:08:33.8925368Z ........................................................s.s.s.........ss [ 63%]
2026-09-10T01:08:35.5833198Z sssssss.....sssss.s.ss.s.s.s....ssss..ss.s.............................. [ 70%]
2026-09-10T01:08:36.2474805Z .........ssssss.............................s........................... [ 76%]
2026-09-10T01:08:40.6564787Z ...s.s.s.s.s......................................................s..... [ 83%]
2026-09-10T01:08:42.3750613Z ...ssssssss.....sssss.s.s.s.s.s.s..ss.......sssssss.s.s.s.s.s.s.s.s.s.s. [ 89%]
2026-09-10T01:08:42.8318012Z s.s.s.s.s.s.s.s.s.s.s.s.........................s...............ss...... [ 95%]
2026-09-10T01:08:43.6507191Z ..............................................                           [100%]
2026-09-10T01:08:43.6508177Z 867 passed, 259 skipped in 29.58s
2026-09-10T01:08:43.7642877Z ##[group]Run uv build
2026-09-10T01:08:43.7643199Z [36;1muv build[0m
2026-09-10T01:08:43.7663764Z shell: /usr/bin/bash -e {0}
2026-09-10T01:08:43.7664105Z env:
2026-09-10T01:08:43.7664431Z   pythonLocation: /opt/hostedtoolcache/Python/3.12.14/x64
2026-09-10T01:08:43.7664898Z   PKG_CONFIG_PATH: /opt/hostedtoolcache/Python/3.12.14/x64/lib/pkgconfig
2026-09-10T01:08:43.7665347Z   Python_ROOT_DIR: /opt/hostedtoolcache/Python/3.12.14/x64
2026-09-10T01:08:43.7665794Z   Python2_ROOT_DIR: /opt/hostedtoolcache/Python/3.12.14/x64
2026-09-10T01:08:43.7666189Z   Python3_ROOT_DIR: /opt/hostedtoolcache/Python/3.12.14/x64
2026-09-10T01:08:43.7666591Z   LD_LIBRARY_PATH: /opt/hostedtoolcache/Python/3.12.14/x64/lib
2026-09-10T01:08:43.7666936Z ##[endgroup]
2026-09-10T01:08:43.7836486Z Building source distribution...
2026-09-10T01:08:45.6381062Z Building wheel from source distribution...
2026-09-10T01:08:45.9234835Z Successfully built dist/zeus_harness-0.2.0.tar.gz
2026-09-10T01:08:45.9235438Z Successfully built dist/zeus_harness-0.2.0-py3-none-any.whl
2026-09-10T01:08:45.9304450Z ##[group]Run uv run harness-supervisor --help
2026-09-10T01:08:45.9304860Z [36;1muv run harness-supervisor --help[0m
2026-09-10T01:08:45.9325974Z shell: /usr/bin/bash -e {0}
2026-09-10T01:08:45.9326443Z env:
2026-09-10T01:08:45.9326769Z   pythonLocation: /opt/hostedtoolcache/Python/3.12.14/x64
2026-09-10T01:08:45.9327206Z   PKG_CONFIG_PATH: /opt/hostedtoolcache/Python/3.12.14/x64/lib/pkgconfig
2026-09-10T01:08:45.9327637Z   Python_ROOT_DIR: /opt/hostedtoolcache/Python/3.12.14/x64
2026-09-10T01:08:45.9328239Z   Python2_ROOT_DIR: /opt/hostedtoolcache/Python/3.12.14/x64
2026-09-10T01:08:45.9328642Z   Python3_ROOT_DIR: /opt/hostedtoolcache/Python/3.12.14/x64
2026-09-10T01:08:45.9329060Z   LD_LIBRARY_PATH: /opt/hostedtoolcache/Python/3.12.14/x64/lib
2026-09-10T01:08:45.9329433Z ##[endgroup]
2026-09-10T01:08:46.1800004Z usage: harness-supervisor [-h] [--once] [--research] [--releases]
2026-09-10T01:08:46.1800875Z                           [--repository REPOSITORY]
2026-09-10T01:08:46.1801311Z 
2026-09-10T01:08:46.1801501Z options:
2026-09-10T01:08:46.1801986Z   -h, --help            show this help message and exit
2026-09-10T01:08:46.1802512Z   --once
2026-09-10T01:08:46.1802924Z   --research
2026-09-10T01:08:46.1803284Z   --releases
2026-09-10T01:08:46.1803640Z   --repository REPOSITORY
2026-09-10T01:08:46.2244053Z ##[group]Run uv run zeus --version
2026-09-10T01:08:46.2244441Z [36;1muv run zeus --version[0m
2026-09-10T01:08:46.2265357Z shell: /usr/bin/bash -e {0}
2026-09-10T01:08:46.2265723Z env:
2026-09-10T01:08:46.2266039Z   pythonLocation: /opt/hostedtoolcache/Python/3.12.14/x64
2026-09-10T01:08:46.2266479Z   PKG_CONFIG_PATH: /opt/hostedtoolcache/Python/3.12.14/x64/lib/pkgconfig
2026-09-10T01:08:46.2266933Z   Python_ROOT_DIR: /opt/hostedtoolcache/Python/3.12.14/x64
2026-09-10T01:08:46.2267314Z   Python2_ROOT_DIR: /opt/hostedtoolcache/Python/3.12.14/x64
2026-09-10T01:08:46.2267858Z   Python3_ROOT_DIR: /opt/hostedtoolcache/Python/3.12.14/x64
2026-09-10T01:08:46.2268390Z   LD_LIBRARY_PATH: /opt/hostedtoolcache/Python/3.12.14/x64/lib
2026-09-10T01:08:46.2268728Z ##[endgroup]
2026-09-10T01:08:46.4789771Z Zeus 0.2.0
2026-09-10T01:08:46.5232130Z ##[group]Run uv run python -m zeus ticket --help
2026-09-10T01:08:46.5232610Z [36;1muv run python -m zeus ticket --help[0m
2026-09-10T01:08:46.5253286Z shell: /usr/bin/bash -e {0}
2026-09-10T01:08:46.5253601Z env:
2026-09-10T01:08:46.5253926Z   pythonLocation: /opt/hostedtoolcache/Python/3.12.14/x64
2026-09-10T01:08:46.5254375Z   PKG_CONFIG_PATH: /opt/hostedtoolcache/Python/3.12.14/x64/lib/pkgconfig
2026-09-10T01:08:46.5254797Z   Python_ROOT_DIR: /opt/hostedtoolcache/Python/3.12.14/x64
2026-09-10T01:08:46.5255227Z   Python2_ROOT_DIR: /opt/hostedtoolcache/Python/3.12.14/x64
2026-09-10T01:08:46.5255640Z   Python3_ROOT_DIR: /opt/hostedtoolcache/Python/3.12.14/x64
2026-09-10T01:08:46.5256027Z   LD_LIBRARY_PATH: /opt/hostedtoolcache/Python/3.12.14/x64/lib
2026-09-10T01:08:46.5256377Z ##[endgroup]
2026-09-10T01:08:46.7838525Z usage: zeus ticket [-h]
2026-09-10T01:08:46.7839449Z                    {list,create,show,export,update,review,dispatch,sync,pull,evidence,prepare-close,close,reopen,review-close}
2026-09-10T01:08:46.7840671Z                    ...
2026-09-10T01:08:46.7841493Z 
2026-09-10T01:08:46.7841638Z positional arguments:
2026-09-10T01:08:46.7842471Z   {list,create,show,export,update,review,dispatch,sync,pull,evidence,prepare-close,close,reopen,review-close}
2026-09-10T01:08:46.7843139Z 
2026-09-10T01:08:46.7843316Z options:
2026-09-10T01:08:46.7843712Z   -h, --help            show this help message and exit
2026-09-10T01:08:46.8267080Z ##[group]Run uv run zeus-monitor --help
2026-09-10T01:08:46.8267461Z [36;1muv run zeus-monitor --help[0m
2026-09-10T01:08:46.8288253Z shell: /usr/bin/bash -e {0}
2026-09-10T01:08:46.8288573Z env:
2026-09-10T01:08:46.8288893Z   pythonLocation: /opt/hostedtoolcache/Python/3.12.14/x64
2026-09-10T01:08:46.8289347Z   PKG_CONFIG_PATH: /opt/hostedtoolcache/Python/3.12.14/x64/lib/pkgconfig
2026-09-10T01:08:46.8289761Z   Python_ROOT_DIR: /opt/hostedtoolcache/Python/3.12.14/x64
2026-09-10T01:08:46.8290155Z   Python2_ROOT_DIR: /opt/hostedtoolcache/Python/3.12.14/x64
2026-09-10T01:08:46.8290560Z   Python3_ROOT_DIR: /opt/hostedtoolcache/Python/3.12.14/x64
2026-09-10T01:08:46.8291461Z   LD_LIBRARY_PATH: /opt/hostedtoolcache/Python/3.12.14/x64/lib
2026-09-10T01:08:46.8291935Z ##[endgroup]
2026-09-10T01:08:46.9270373Z usage: zeus-monitor [-h] [--once] [--repository REPOSITORY] [--port PORT]
2026-09-10T01:08:46.9271756Z                     {collect,web}
2026-09-10T01:08:46.9272284Z 
2026-09-10T01:08:46.9273346Z positional arguments:
2026-09-10T01:08:46.9273820Z   {collect,web}
2026-09-10T01:08:46.9274013Z 
2026-09-10T01:08:46.9274186Z options:
2026-09-10T01:08:46.9274664Z   -h, --help            show this help message and exit
2026-09-10T01:08:46.9275183Z   --once
2026-09-10T01:08:46.9275528Z   --repository REPOSITORY
2026-09-10T01:08:46.9275960Z   --port PORT
2026-09-10T01:08:46.9509458Z Node 20 is being deprecated. This workflow is running with Node 24 by default. If you need to temporarily use Node 20, you can set the ACTIONS_ALLOW_USE_UNSECURE_NODE_VERSION=true environment variable. For more information see: https://github.blog/changelog/2025-09-19-deprecation-of-node-20-on-github-actions-runners/
2026-09-10T01:08:46.9510487Z Post job cleanup.
2026-09-10T01:08:47.0552626Z (node:8991) [DEP0040] DeprecationWarning: The `punycode` module is deprecated. Please use a userland alternative instead.
2026-09-10T01:08:47.0553690Z (Use `node --trace-deprecation ...` to show where the warning was created)
2026-09-10T01:08:47.0700014Z Node 20 is being deprecated. This workflow is running with Node 24 by default. If you need to temporarily use Node 20, you can set the ACTIONS_ALLOW_USE_UNSECURE_NODE_VERSION=true environment variable. For more information see: https://github.blog/changelog/2025-09-19-deprecation-of-node-20-on-github-actions-runners/
2026-09-10T01:08:47.0700971Z Post job cleanup.
2026-09-10T01:08:47.1468258Z [command]/usr/bin/git version
2026-09-10T01:08:47.1504577Z git version 2.55.0
2026-09-10T01:08:47.1540106Z Temporarily overriding HOME='/home/runner/work/_temp/d5d2f767-8d65-4376-ae1f-ab1e34197cbf' before making global git config changes
2026-09-10T01:08:47.1541216Z Adding repository directory to the temporary git global config as a safe directory
2026-09-10T01:08:47.1545601Z [command]/usr/bin/git config --global --add safe.directory /home/runner/work/zeus/zeus
2026-09-10T01:08:47.1580824Z [command]/usr/bin/git config --local --name-only --get-regexp core\.sshCommand
2026-09-10T01:08:47.1610294Z [command]/usr/bin/git submodule foreach --recursive sh -c "git config --local --name-only --get-regexp 'core\.sshCommand' && git config --local --unset-all 'core.sshCommand' || :"
2026-09-10T01:08:47.1803738Z [command]/usr/bin/git config --local --name-only --get-regexp http\.https\:\/\/github\.com\/\.extraheader
2026-09-10T01:08:47.1822715Z http.https://github.com/.extraheader
2026-09-10T01:08:47.1831227Z [command]/usr/bin/git config --local --unset-all http.https://github.com/.extraheader
2026-09-10T01:08:47.1858761Z [command]/usr/bin/git submodule foreach --recursive sh -c "git config --local --name-only --get-regexp 'http\.https\:\/\/github\.com\/\.extraheader' && git config --local --unset-all 'http.https://github.com/.extraheader' || :"
2026-09-10T01:08:47.2058823Z [command]/usr/bin/git config --local --name-only --get-regexp ^includeIf\.gitdir:
2026-09-10T01:08:47.2090263Z [command]/usr/bin/git submodule foreach --recursive git config --local --show-origin --name-only --get-regexp remote.origin.url
2026-09-10T01:08:47.2428208Z Cleaning up orphan processes
2026-09-10T01:08:47.2634826Z ##[warning]Node.js 20 is deprecated. The following actions target Node.js 20 but are being forced to run on Node.js 24: actions/checkout@v4, actions/setup-python@v5. For more information see: https://github.blog/changelog/2025-09-19-deprecation-of-node-20-on-github-actions-runners/
