2026-09-10T01:08:07.6240429Z Current runner version: '2.337.0'
2026-09-10T01:08:07.6266646Z ##[group]Runner Image Provisioner
2026-09-10T01:08:07.6267636Z Hosted Compute Agent
2026-09-10T01:08:07.6268348Z Version: 20260828.587
2026-09-10T01:08:07.6269009Z Commit: abac92662cab4cc7352de4f9f9d2e2419aad9c29
2026-09-10T01:08:07.6269825Z Build Date: 2026-08-28T16:44:25Z
2026-09-10T01:08:07.6270537Z Worker ID: {126c9b4f-d0a4-4f1c-875e-f3e5fbcf5d0d}
2026-09-10T01:08:07.6271275Z Azure Region: westus2
2026-09-10T01:08:07.6271914Z ##[endgroup]
2026-09-10T01:08:07.6273587Z ##[group]Operating System
2026-09-10T01:08:07.6274349Z Ubuntu
2026-09-10T01:08:07.6274911Z 24.04.5
2026-09-10T01:08:07.6275467Z LTS
2026-09-10T01:08:07.6276389Z ##[endgroup]
2026-09-10T01:08:07.6277006Z ##[group]Runner Image
2026-09-10T01:08:07.6277633Z Image: ubuntu-24.04
2026-09-10T01:08:07.6278290Z Version: 20260907.300.1
2026-09-10T01:08:07.6279599Z Included Software: https://github.com/actions/runner-images/blob/ubuntu24/20260907.300/images/ubuntu/Ubuntu2404-Readme.md
2026-09-10T01:08:07.6281289Z Image Release: https://github.com/actions/runner-images/releases/tag/ubuntu24%2F20260907.300
2026-09-10T01:08:07.6282684Z ##[endgroup]
2026-09-10T01:08:07.6283933Z ##[group]GITHUB_TOKEN Permissions
2026-09-10T01:08:07.6286430Z Contents: read
2026-09-10T01:08:07.6287075Z Metadata: read
2026-09-10T01:08:07.6287674Z ##[endgroup]
2026-09-10T01:08:07.6289895Z Secret source: Actions
2026-09-10T01:08:07.6290853Z Cache mode: write
2026-09-10T01:08:07.6291675Z Prepare workflow directory
2026-09-10T01:08:07.6647919Z Prepare all required actions
2026-09-10T01:08:07.6698078Z Getting action download info
2026-09-10T01:08:08.0296990Z Download action repository 'actions/checkout@v4' (SHA:11d5960a326750d5838078e36cf38b85af677262)
2026-09-10T01:08:08.1336704Z Download action repository 'actions/setup-python@v5' (SHA:a26af69be951a213d495a4c3e4e4022e16d87065)
2026-09-10T01:08:08.3507324Z Complete job name: test (ubuntu-latest, 3.14)
2026-09-10T01:08:08.4335410Z Node 20 is being deprecated. This workflow is running with Node 24 by default. If you need to temporarily use Node 20, you can set the ACTIONS_ALLOW_USE_UNSECURE_NODE_VERSION=true environment variable. For more information see: https://github.blog/changelog/2025-09-19-deprecation-of-node-20-on-github-actions-runners/
2026-09-10T01:08:08.4344577Z ##[group]Run actions/checkout@v4
2026-09-10T01:08:08.4345336Z with:
2026-09-10T01:08:08.4345768Z   fetch-depth: 0
2026-09-10T01:08:08.4346468Z   repository: trevi00/zeus
2026-09-10T01:08:08.4350456Z   token: ***
2026-09-10T01:08:08.4350889Z   ssh-strict: true
2026-09-10T01:08:08.4351324Z   ssh-user: git
2026-09-10T01:08:08.4351771Z   persist-credentials: true
2026-09-10T01:08:08.4352253Z   clean: true
2026-09-10T01:08:08.4352700Z   sparse-checkout-cone-mode: true
2026-09-10T01:08:08.4353237Z   fetch-tags: false
2026-09-10T01:08:08.4353677Z   show-progress: true
2026-09-10T01:08:08.4354127Z   lfs: false
2026-09-10T01:08:08.4354575Z   submodules: false
2026-09-10T01:08:08.4355021Z   set-safe-directory: true
2026-09-10T01:08:08.4355529Z   allow-unsafe-pr-checkout: false
2026-09-10T01:08:08.4356501Z ##[endgroup]
2026-09-10T01:08:08.5356758Z Syncing repository: trevi00/zeus
2026-09-10T01:08:08.5359312Z ##[group]Getting Git version info
2026-09-10T01:08:08.5360456Z Working directory is '/home/runner/work/zeus/zeus'
2026-09-10T01:08:08.5362060Z [command]/usr/bin/git version
2026-09-10T01:08:08.5442244Z git version 2.55.0
2026-09-10T01:08:08.5480251Z ##[endgroup]
2026-09-10T01:08:08.5493813Z Temporarily overriding HOME='/home/runner/work/_temp/fc8d9c33-9883-43e0-bd72-0aaae9519d5d' before making global git config changes
2026-09-10T01:08:08.5496773Z Adding repository directory to the temporary git global config as a safe directory
2026-09-10T01:08:08.5500933Z [command]/usr/bin/git config --global --add safe.directory /home/runner/work/zeus/zeus
2026-09-10T01:08:08.5555169Z Deleting the contents of '/home/runner/work/zeus/zeus'
2026-09-10T01:08:08.5561139Z ##[group]Initializing the repository
2026-09-10T01:08:08.5565403Z [command]/usr/bin/git init /home/runner/work/zeus/zeus
2026-09-10T01:08:08.5678197Z hint: Using 'master' as the name for the initial branch. This default branch name
2026-09-10T01:08:08.5679606Z hint: will change to "main" in Git 3.0. To configure the initial branch name
2026-09-10T01:08:08.5681166Z hint: to use in all of your new repositories, which will suppress this warning,
2026-09-10T01:08:08.5682352Z hint: call:
2026-09-10T01:08:08.5683142Z hint:
2026-09-10T01:08:08.5684082Z hint: 	git config --global init.defaultBranch <name>
2026-09-10T01:08:08.5685253Z hint:
2026-09-10T01:08:08.5687022Z hint: Names commonly chosen instead of 'master' are 'main', 'trunk' and
2026-09-10T01:08:08.5688765Z hint: 'development'. The just-created branch can be renamed via this command:
2026-09-10T01:08:08.5690102Z hint:
2026-09-10T01:08:08.5690837Z hint: 	git branch -m <name>
2026-09-10T01:08:08.5691665Z hint:
2026-09-10T01:08:08.5692854Z hint: Disable this message with "git config set advice.defaultBranchName false"
2026-09-10T01:08:08.5694757Z Initialized empty Git repository in /home/runner/work/zeus/zeus/.git/
2026-09-10T01:08:08.5698277Z [command]/usr/bin/git remote add origin https://github.com/trevi00/zeus
2026-09-10T01:08:08.5744069Z ##[endgroup]
2026-09-10T01:08:08.5745344Z ##[group]Disabling automatic garbage collection
2026-09-10T01:08:08.5750618Z [command]/usr/bin/git config --local gc.auto 0
2026-09-10T01:08:08.5784455Z ##[endgroup]
2026-09-10T01:08:08.5785573Z ##[group]Setting up auth
2026-09-10T01:08:08.5792493Z [command]/usr/bin/git config --local --name-only --get-regexp core\.sshCommand
2026-09-10T01:08:08.5833822Z [command]/usr/bin/git submodule foreach --recursive sh -c "git config --local --name-only --get-regexp 'core\.sshCommand' && git config --local --unset-all 'core.sshCommand' || :"
2026-09-10T01:08:08.6222932Z [command]/usr/bin/git config --local --name-only --get-regexp http\.https\:\/\/github\.com\/\.extraheader
2026-09-10T01:08:08.6267319Z [command]/usr/bin/git submodule foreach --recursive sh -c "git config --local --name-only --get-regexp 'http\.https\:\/\/github\.com\/\.extraheader' && git config --local --unset-all 'http.https://github.com/.extraheader' || :"
2026-09-10T01:08:08.6492487Z [command]/usr/bin/git config --local --name-only --get-regexp ^includeIf\.gitdir:
2026-09-10T01:08:08.6530623Z [command]/usr/bin/git submodule foreach --recursive git config --local --show-origin --name-only --get-regexp remote.origin.url
2026-09-10T01:08:08.6760080Z [command]/usr/bin/git config --local http.https://github.com/.extraheader AUTHORIZATION: basic ***
2026-09-10T01:08:08.6803488Z ##[endgroup]
2026-09-10T01:08:08.6804966Z ##[group]Fetching the repository
2026-09-10T01:08:08.6815772Z [command]/usr/bin/git -c protocol.version=2 fetch --prune --no-recurse-submodules origin +refs/heads/*:refs/remotes/origin/* +refs/tags/*:refs/tags/*
2026-09-10T01:08:09.4765520Z From https://github.com/trevi00/zeus
2026-09-10T01:08:09.4787423Z  * [new branch]      main       -> origin/main
2026-09-10T01:08:09.4799063Z [command]/usr/bin/git branch --list --remote origin/main
2026-09-10T01:08:09.4817364Z   origin/main
2026-09-10T01:08:09.4832247Z [command]/usr/bin/git rev-parse refs/remotes/origin/main
2026-09-10T01:08:09.4864668Z f2ceeb38f44286c458c967de386ebf36e8bbe87a
2026-09-10T01:08:09.4888746Z ##[endgroup]
2026-09-10T01:08:09.4890130Z ##[group]Determining the checkout info
2026-09-10T01:08:09.4891684Z ##[endgroup]
2026-09-10T01:08:09.4892569Z [command]/usr/bin/git sparse-checkout disable
2026-09-10T01:08:09.4946152Z [command]/usr/bin/git config --local --unset-all extensions.worktreeConfig
2026-09-10T01:08:09.4983591Z ##[group]Checking out the ref
2026-09-10T01:08:09.4986580Z [command]/usr/bin/git checkout --progress --force -B main refs/remotes/origin/main
2026-09-10T01:08:09.7308184Z Switched to a new branch 'main'
2026-09-10T01:08:09.7312185Z branch 'main' set up to track 'origin/main'.
2026-09-10T01:08:09.7328172Z ##[endgroup]
2026-09-10T01:08:09.7374466Z [command]/usr/bin/git log -1 --format=%H
2026-09-10T01:08:09.7402279Z f2ceeb38f44286c458c967de386ebf36e8bbe87a
2026-09-10T01:08:09.7724911Z Node 20 is being deprecated. This workflow is running with Node 24 by default. If you need to temporarily use Node 20, you can set the ACTIONS_ALLOW_USE_UNSECURE_NODE_VERSION=true environment variable. For more information see: https://github.blog/changelog/2025-09-19-deprecation-of-node-20-on-github-actions-runners/
2026-09-10T01:08:09.7729681Z ##[group]Run actions/setup-python@v5
2026-09-10T01:08:09.7730382Z with:
2026-09-10T01:08:09.7730833Z   python-version: 3.14
2026-09-10T01:08:09.7731407Z   check-latest: false
2026-09-10T01:08:09.7740146Z   token: ***
2026-09-10T01:08:09.7740678Z   update-environment: true
2026-09-10T01:08:09.7741330Z   allow-prereleases: false
2026-09-10T01:08:09.7741942Z   freethreaded: false
2026-09-10T01:08:09.7742475Z ##[endgroup]
2026-09-10T01:08:09.9102829Z ##[group]Installed versions
2026-09-10T01:08:09.9193242Z (node:2256) [DEP0040] DeprecationWarning: The `punycode` module is deprecated. Please use a userland alternative instead.
2026-09-10T01:08:09.9194918Z (Use `node --trace-deprecation ...` to show where the warning was created)
2026-09-10T01:08:09.9195776Z Successfully set up CPython (3.14.7)
2026-09-10T01:08:09.9197002Z ##[endgroup]
2026-09-10T01:08:09.9422743Z ##[group]Run python -m pip install uv==0.12.2
2026-09-10T01:08:09.9423491Z [36;1mpython -m pip install uv==0.12.2[0m
2026-09-10T01:08:09.9485622Z shell: /usr/bin/bash -e {0}
2026-09-10T01:08:09.9486425Z env:
2026-09-10T01:08:09.9486955Z   pythonLocation: /opt/hostedtoolcache/Python/3.14.7/x64
2026-09-10T01:08:09.9487777Z   PKG_CONFIG_PATH: /opt/hostedtoolcache/Python/3.14.7/x64/lib/pkgconfig
2026-09-10T01:08:09.9488588Z   Python_ROOT_DIR: /opt/hostedtoolcache/Python/3.14.7/x64
2026-09-10T01:08:09.9489312Z   Python2_ROOT_DIR: /opt/hostedtoolcache/Python/3.14.7/x64
2026-09-10T01:08:09.9490040Z   Python3_ROOT_DIR: /opt/hostedtoolcache/Python/3.14.7/x64
2026-09-10T01:08:09.9490776Z   LD_LIBRARY_PATH: /opt/hostedtoolcache/Python/3.14.7/x64/lib
2026-09-10T01:08:09.9491442Z ##[endgroup]
2026-09-10T01:08:13.5834737Z Collecting uv==0.12.2
2026-09-10T01:08:13.6470524Z   Downloading uv-0.12.2-py3-none-manylinux_2_17_x86_64.manylinux2014_x86_64.whl.metadata (11 kB)
2026-09-10T01:08:13.6731414Z Downloading uv-0.12.2-py3-none-manylinux_2_17_x86_64.manylinux2014_x86_64.whl (22.3 MB)
2026-09-10T01:08:14.0444546Z    ━━━━━━━━━━━━━━━━━━━━━━━━━━━━━━━━━━━━━━━━ 22.3/22.3 MB 64.8 MB/s  0:00:00
2026-09-10T01:08:14.2552361Z Installing collected packages: uv
2026-09-10T01:08:14.5057332Z Successfully installed uv-0.12.2
2026-09-10T01:08:14.5840391Z ##[group]Run uv sync --frozen
2026-09-10T01:08:14.5840739Z [36;1muv sync --frozen[0m
2026-09-10T01:08:14.5879705Z shell: /usr/bin/bash -e {0}
2026-09-10T01:08:14.5879979Z env:
2026-09-10T01:08:14.5880254Z   pythonLocation: /opt/hostedtoolcache/Python/3.14.7/x64
2026-09-10T01:08:14.5880706Z   PKG_CONFIG_PATH: /opt/hostedtoolcache/Python/3.14.7/x64/lib/pkgconfig
2026-09-10T01:08:14.5881141Z   Python_ROOT_DIR: /opt/hostedtoolcache/Python/3.14.7/x64
2026-09-10T01:08:14.5881545Z   Python2_ROOT_DIR: /opt/hostedtoolcache/Python/3.14.7/x64
2026-09-10T01:08:14.5881953Z   Python3_ROOT_DIR: /opt/hostedtoolcache/Python/3.14.7/x64
2026-09-10T01:08:14.5882362Z   LD_LIBRARY_PATH: /opt/hostedtoolcache/Python/3.14.7/x64/lib
2026-09-10T01:08:14.5882695Z ##[endgroup]
2026-09-10T01:08:14.6640631Z Using CPython 3.14.7 interpreter at: /opt/hostedtoolcache/Python/3.14.7/x64/bin/python3
2026-09-10T01:08:14.6641624Z Creating virtual environment at: .venv
2026-09-10T01:08:14.6788226Z    Building zeus-harness @ file:///home/runner/work/zeus/zeus
2026-09-10T01:08:14.7748164Z Downloading pygments (1.2MiB)
2026-09-10T01:08:14.7763547Z Downloading pillow (6.6MiB)
2026-09-10T01:08:14.7767334Z Downloading numpy (15.9MiB)
2026-09-10T01:08:14.7771396Z Downloading psycopg-binary (5.0MiB)
2026-09-10T01:08:14.7777926Z Downloading tokenizers (3.2MiB)
2026-09-10T01:08:14.7787493Z Downloading ruff (9.8MiB)
2026-09-10T01:08:14.7792065Z Downloading onnxruntime (22.1MiB)
2026-09-10T01:08:14.7794082Z Downloading hf-xet (4.3MiB)
2026-09-10T01:08:15.3997940Z  Downloaded tokenizers
2026-09-10T01:08:15.4226992Z  Downloaded hf-xet
2026-09-10T01:08:15.5279501Z  Downloaded psycopg-binary
2026-09-10T01:08:15.5568980Z  Downloaded ruff
2026-09-10T01:08:15.6099308Z  Downloaded pillow
2026-09-10T01:08:15.6971882Z  Downloaded pygments
2026-09-10T01:08:15.7279860Z       Built zeus-harness @ file:///home/runner/work/zeus/zeus
2026-09-10T01:08:15.7495033Z  Downloaded onnxruntime
2026-09-10T01:08:15.9073700Z  Downloaded numpy
2026-09-10T01:08:15.9076303Z Prepared 55 packages in 1.24s
2026-09-10T01:08:15.9499883Z Installed 55 packages in 42ms
2026-09-10T01:08:15.9517534Z  + anyio==4.15.1
2026-09-10T01:08:15.9522072Z  + arrow==1.4.0
2026-09-10T01:08:15.9526870Z  + attrs==26.1.0
2026-09-10T01:08:15.9527653Z  + certifi==2026.7.22
2026-09-10T01:08:15.9528081Z  + charset-normalizer==3.5.1
2026-09-10T01:08:15.9528513Z  + click==8.5.0
2026-09-10T01:08:15.9528854Z  + fastembed==0.8.0
2026-09-10T01:08:15.9529299Z  + filelock==3.32.5
2026-09-10T01:08:15.9529695Z  + flatbuffers==25.12.19
2026-09-10T01:08:15.9530098Z  + fqdn==1.5.1
2026-09-10T01:08:15.9530442Z  + fsspec==2026.7.0
2026-09-10T01:08:15.9530790Z  + h11==0.16.0
2026-09-10T01:08:15.9531122Z  + hf-xet==1.6.0
2026-09-10T01:08:15.9531468Z  + httpcore==1.0.9
2026-09-10T01:08:15.9531812Z  + httpx==0.28.1
2026-09-10T01:08:15.9532172Z  + huggingface-hub==1.30.0
2026-09-10T01:08:15.9532562Z  + idna==3.19
2026-09-10T01:08:15.9532898Z  + iniconfig==2.3.0
2026-09-10T01:08:15.9533345Z  + isoduration==20.11.0
2026-09-10T01:08:15.9533760Z  + jsonpointer==3.1.1
2026-09-10T01:08:15.9534140Z  + jsonschema==4.26.0
2026-09-10T01:08:15.9534559Z  + jsonschema-specifications==2025.9.1
2026-09-10T01:08:15.9535029Z  + loguru==0.7.3
2026-09-10T01:08:15.9535365Z  + mmh3==5.3.0
2026-09-10T01:08:15.9535693Z  + numpy==2.5.3
2026-09-10T01:08:15.9536319Z  + onnxruntime==1.29.0
2026-09-10T01:08:15.9536712Z  + packaging==26.3
2026-09-10T01:08:15.9537068Z  + pillow==12.3.0
2026-09-10T01:08:15.9537417Z  + pluggy==1.6.0
2026-09-10T01:08:15.9537757Z  + protobuf==7.36.1
2026-09-10T01:08:15.9538107Z  + psycopg==3.3.5
2026-09-10T01:08:15.9538476Z  + psycopg-binary==3.3.5
2026-09-10T01:08:15.9538891Z  + py-rust-stemmers==0.1.8
2026-09-10T01:08:15.9539288Z  + pygments==2.21.0
2026-09-10T01:08:15.9539639Z  + pytest==9.1.1
2026-09-10T01:08:15.9540012Z  + python-dateutil==2.9.0.post0
2026-09-10T01:08:15.9540446Z  + pyyaml==6.0.3
2026-09-10T01:08:15.9540904Z  + redis==6.4.0
2026-09-10T01:08:15.9541251Z  + referencing==0.37.0
2026-09-10T01:08:15.9541926Z  + requests==2.34.2
2026-09-10T01:08:15.9542335Z  + rfc3339-validator==0.1.4
2026-09-10T01:08:15.9542735Z  + rfc3987==1.3.8
2026-09-10T01:08:15.9543085Z  + rpds-py==2026.6.3
2026-09-10T01:08:15.9543444Z  + ruff==0.16.6
2026-09-10T01:08:15.9543784Z  + six==1.17.0
2026-09-10T01:08:15.9544120Z  + tokenizers==0.23.2
2026-09-10T01:08:15.9544481Z  + tqdm==4.70.0
2026-09-10T01:08:15.9544823Z  + tree-sitter==0.25.2
2026-09-10T01:08:15.9545220Z  + tree-sitter-python==0.25.0
2026-09-10T01:08:15.9545669Z  + typing-extensions==4.16.0
2026-09-10T01:08:15.9546632Z  + tzdata==2026.3
2026-09-10T01:08:15.9547009Z  + uri-template==1.3.0
2026-09-10T01:08:15.9547390Z  + urllib3==2.7.0
2026-09-10T01:08:15.9547744Z  + webcolors==25.10.0
2026-09-10T01:08:15.9548262Z  + zeus-harness==0.2.0 (from file:///home/runner/work/zeus/zeus)
2026-09-10T01:08:15.9668960Z ##[group]Run uv run ruff check .
2026-09-10T01:08:15.9669283Z [36;1muv run ruff check .[0m
2026-09-10T01:08:15.9706631Z shell: /usr/bin/bash -e {0}
2026-09-10T01:08:15.9706898Z env:
2026-09-10T01:08:15.9707176Z   pythonLocation: /opt/hostedtoolcache/Python/3.14.7/x64
2026-09-10T01:08:15.9707635Z   PKG_CONFIG_PATH: /opt/hostedtoolcache/Python/3.14.7/x64/lib/pkgconfig
2026-09-10T01:08:15.9708085Z   Python_ROOT_DIR: /opt/hostedtoolcache/Python/3.14.7/x64
2026-09-10T01:08:15.9708541Z   Python2_ROOT_DIR: /opt/hostedtoolcache/Python/3.14.7/x64
2026-09-10T01:08:15.9708945Z   Python3_ROOT_DIR: /opt/hostedtoolcache/Python/3.14.7/x64
2026-09-10T01:08:15.9709574Z   LD_LIBRARY_PATH: /opt/hostedtoolcache/Python/3.14.7/x64/lib
2026-09-10T01:08:15.9709918Z ##[endgroup]
2026-09-10T01:08:16.1094565Z All checks passed!
2026-09-10T01:08:16.1146429Z ##[group]Run uv run pytest -q
2026-09-10T01:08:16.1146870Z [36;1muv run pytest -q[0m
2026-09-10T01:08:16.1184091Z shell: /usr/bin/bash -e {0}
2026-09-10T01:08:16.1184350Z env:
2026-09-10T01:08:16.1184625Z   pythonLocation: /opt/hostedtoolcache/Python/3.14.7/x64
2026-09-10T01:08:16.1185084Z   PKG_CONFIG_PATH: /opt/hostedtoolcache/Python/3.14.7/x64/lib/pkgconfig
2026-09-10T01:08:16.1185538Z   Python_ROOT_DIR: /opt/hostedtoolcache/Python/3.14.7/x64
2026-09-10T01:08:16.1186154Z   Python2_ROOT_DIR: /opt/hostedtoolcache/Python/3.14.7/x64
2026-09-10T01:08:16.1186696Z   Python3_ROOT_DIR: /opt/hostedtoolcache/Python/3.14.7/x64
2026-09-10T01:08:16.1187093Z   LD_LIBRARY_PATH: /opt/hostedtoolcache/Python/3.14.7/x64/lib
2026-09-10T01:08:16.1187445Z ##[endgroup]
2026-09-10T01:08:23.8532312Z .......................................................................s [  6%]
2026-09-10T01:08:24.0729861Z ............ssssssssssss..ss....ssss.s.s..ss.s.s.s.s.s.ss.s.s......s..s. [ 12%]
2026-09-10T01:08:24.2910238Z s.s.s......ssssss........ssssssss.s.s.s.s.ss.s...sss.s..ss....ssss.s.s.s [ 19%]
2026-09-10T01:08:24.6186691Z .s.s.s.s.s.s.s.s.ss...s.s.s........s.s.s.s.s.s.s.s.sss.................. [ 25%]
2026-09-10T01:08:25.3498882Z ..............s.s.s.s.s..ss.s.s.s.s.s.s.s.s.s.s.s.s.s..ss.s.s.ssssssssss [ 31%]
2026-09-10T01:08:26.3361183Z ssssssssssssssss........................................................ [ 38%]
2026-09-10T01:08:29.1395596Z .............................................ssssss.s.s.s.s.s.s.s....... [ 44%]
2026-09-10T01:08:31.7190840Z ........................................................................ [ 51%]
2026-09-10T01:08:35.3663267Z ........................................s.s.s....s..s................... [ 57%]
2026-09-10T01:08:40.3077808Z ........................................................s.s.s.........ss [ 63%]
2026-09-10T01:08:42.7350503Z sssssss.....sssss.s.ss.s.s.s....ssss..ss.s.............................. [ 70%]
2026-09-10T01:08:43.6510472Z .........ssssss.............................s........................... [ 76%]
2026-09-10T01:08:49.8534786Z ...s.s.s.s.s......................................................s..... [ 83%]
2026-09-10T01:08:51.9298440Z ...ssssssss.....sssss.s.s.s.s.s.s..ss.......sssssss.s.s.s.s.s.s.s.s.s.s. [ 89%]
2026-09-10T01:08:52.5499601Z s.s.s.s.s.s.s.s.s.s.s.s.........................s...............ss...... [ 95%]
2026-09-10T01:08:53.4859598Z ..............................................                           [100%]
2026-09-10T01:08:53.4860552Z 867 passed, 259 skipped in 33.99s
2026-09-10T01:08:53.6920732Z ##[group]Run uv build
2026-09-10T01:08:53.6920995Z [36;1muv build[0m
2026-09-10T01:08:53.6957076Z shell: /usr/bin/bash -e {0}
2026-09-10T01:08:53.6957327Z env:
2026-09-10T01:08:53.6957588Z   pythonLocation: /opt/hostedtoolcache/Python/3.14.7/x64
2026-09-10T01:08:53.6958040Z   PKG_CONFIG_PATH: /opt/hostedtoolcache/Python/3.14.7/x64/lib/pkgconfig
2026-09-10T01:08:53.6958498Z   Python_ROOT_DIR: /opt/hostedtoolcache/Python/3.14.7/x64
2026-09-10T01:08:53.6958905Z   Python2_ROOT_DIR: /opt/hostedtoolcache/Python/3.14.7/x64
2026-09-10T01:08:53.6959332Z   Python3_ROOT_DIR: /opt/hostedtoolcache/Python/3.14.7/x64
2026-09-10T01:08:53.6959727Z   LD_LIBRARY_PATH: /opt/hostedtoolcache/Python/3.14.7/x64/lib
2026-09-10T01:08:53.6960051Z ##[endgroup]
2026-09-10T01:08:53.7134058Z Building source distribution...
2026-09-10T01:08:56.0588813Z Building wheel from source distribution...
2026-09-10T01:08:56.5268406Z Successfully built dist/zeus_harness-0.2.0.tar.gz
2026-09-10T01:08:56.5269284Z Successfully built dist/zeus_harness-0.2.0-py3-none-any.whl
2026-09-10T01:08:56.5319425Z ##[group]Run uv run harness-supervisor --help
2026-09-10T01:08:56.5319991Z [36;1muv run harness-supervisor --help[0m
2026-09-10T01:08:56.5362054Z shell: /usr/bin/bash -e {0}
2026-09-10T01:08:56.5362320Z env:
2026-09-10T01:08:56.5362834Z   pythonLocation: /opt/hostedtoolcache/Python/3.14.7/x64
2026-09-10T01:08:56.5363283Z   PKG_CONFIG_PATH: /opt/hostedtoolcache/Python/3.14.7/x64/lib/pkgconfig
2026-09-10T01:08:56.5363722Z   Python_ROOT_DIR: /opt/hostedtoolcache/Python/3.14.7/x64
2026-09-10T01:08:56.5364127Z   Python2_ROOT_DIR: /opt/hostedtoolcache/Python/3.14.7/x64
2026-09-10T01:08:56.5364525Z   Python3_ROOT_DIR: /opt/hostedtoolcache/Python/3.14.7/x64
2026-09-10T01:08:56.5364942Z   LD_LIBRARY_PATH: /opt/hostedtoolcache/Python/3.14.7/x64/lib
2026-09-10T01:08:56.5365267Z ##[endgroup]
2026-09-10T01:08:56.8900420Z usage: harness-supervisor [-h] [--once] [--research] [--releases]
2026-09-10T01:08:56.8901119Z                           [--repository REPOSITORY]
2026-09-10T01:08:56.8901535Z 
2026-09-10T01:08:56.8901649Z options:
2026-09-10T01:08:56.8902074Z   -h, --help            show this help message and exit
2026-09-10T01:08:56.8902608Z   --once
2026-09-10T01:08:56.8902879Z   --research
2026-09-10T01:08:56.8903143Z   --releases
2026-09-10T01:08:56.8903454Z   --repository REPOSITORY
2026-09-10T01:08:56.9447395Z ##[group]Run uv run zeus --version
2026-09-10T01:08:56.9447728Z [36;1muv run zeus --version[0m
2026-09-10T01:08:56.9483459Z shell: /usr/bin/bash -e {0}
2026-09-10T01:08:56.9483705Z env:
2026-09-10T01:08:56.9483966Z   pythonLocation: /opt/hostedtoolcache/Python/3.14.7/x64
2026-09-10T01:08:56.9484415Z   PKG_CONFIG_PATH: /opt/hostedtoolcache/Python/3.14.7/x64/lib/pkgconfig
2026-09-10T01:08:56.9484858Z   Python_ROOT_DIR: /opt/hostedtoolcache/Python/3.14.7/x64
2026-09-10T01:08:56.9485245Z   Python2_ROOT_DIR: /opt/hostedtoolcache/Python/3.14.7/x64
2026-09-10T01:08:56.9485629Z   Python3_ROOT_DIR: /opt/hostedtoolcache/Python/3.14.7/x64
2026-09-10T01:08:56.9486298Z   LD_LIBRARY_PATH: /opt/hostedtoolcache/Python/3.14.7/x64/lib
2026-09-10T01:08:56.9486632Z ##[endgroup]
2026-09-10T01:08:57.2776857Z Zeus 0.2.0
2026-09-10T01:08:57.3384080Z ##[group]Run uv run python -m zeus ticket --help
2026-09-10T01:08:57.3384517Z [36;1muv run python -m zeus ticket --help[0m
2026-09-10T01:08:57.3421620Z shell: /usr/bin/bash -e {0}
2026-09-10T01:08:57.3421883Z env:
2026-09-10T01:08:57.3422160Z   pythonLocation: /opt/hostedtoolcache/Python/3.14.7/x64
2026-09-10T01:08:57.3422618Z   PKG_CONFIG_PATH: /opt/hostedtoolcache/Python/3.14.7/x64/lib/pkgconfig
2026-09-10T01:08:57.3423068Z   Python_ROOT_DIR: /opt/hostedtoolcache/Python/3.14.7/x64
2026-09-10T01:08:57.3423461Z   Python2_ROOT_DIR: /opt/hostedtoolcache/Python/3.14.7/x64
2026-09-10T01:08:57.3423852Z   Python3_ROOT_DIR: /opt/hostedtoolcache/Python/3.14.7/x64
2026-09-10T01:08:57.3424247Z   LD_LIBRARY_PATH: /opt/hostedtoolcache/Python/3.14.7/x64/lib
2026-09-10T01:08:57.3424582Z ##[endgroup]
2026-09-10T01:08:57.6645133Z usage: zeus ticket [-h]
2026-09-10T01:08:57.6646760Z                    {list,create,show,export,update,review,dispatch,sync,pull,evidence,prepare-close,close,reopen,review-close} ...
2026-09-10T01:08:57.6647761Z 
2026-09-10T01:08:57.6648300Z positional arguments:
2026-09-10T01:08:57.6649229Z   {list,create,show,export,update,review,dispatch,sync,pull,evidence,prepare-close,close,reopen,review-close}
2026-09-10T01:08:57.6650091Z 
2026-09-10T01:08:57.6650206Z options:
2026-09-10T01:08:57.6650566Z   -h, --help            show this help message and exit
2026-09-10T01:08:57.7214486Z ##[group]Run uv run zeus-monitor --help
2026-09-10T01:08:57.7215168Z [36;1muv run zeus-monitor --help[0m
2026-09-10T01:08:57.7269829Z shell: /usr/bin/bash -e {0}
2026-09-10T01:08:57.7270283Z env:
2026-09-10T01:08:57.7270760Z   pythonLocation: /opt/hostedtoolcache/Python/3.14.7/x64
2026-09-10T01:08:57.7271588Z   PKG_CONFIG_PATH: /opt/hostedtoolcache/Python/3.14.7/x64/lib/pkgconfig
2026-09-10T01:08:57.7272428Z   Python_ROOT_DIR: /opt/hostedtoolcache/Python/3.14.7/x64
2026-09-10T01:08:57.7273145Z   Python2_ROOT_DIR: /opt/hostedtoolcache/Python/3.14.7/x64
2026-09-10T01:08:57.7273952Z   Python3_ROOT_DIR: /opt/hostedtoolcache/Python/3.14.7/x64
2026-09-10T01:08:57.7274691Z   LD_LIBRARY_PATH: /opt/hostedtoolcache/Python/3.14.7/x64/lib
2026-09-10T01:08:57.7275747Z ##[endgroup]
2026-09-10T01:08:57.8678326Z usage: zeus-monitor [-h] [--once] [--repository REPOSITORY] [--port PORT]
2026-09-10T01:08:57.8679206Z                     {collect,web}
2026-09-10T01:08:57.8679554Z 
2026-09-10T01:08:57.8679851Z positional arguments:
2026-09-10T01:08:57.8680153Z   {collect,web}
2026-09-10T01:08:57.8680313Z 
2026-09-10T01:08:57.8680415Z options:
2026-09-10T01:08:57.8680731Z   -h, --help            show this help message and exit
2026-09-10T01:08:57.8681128Z   --once
2026-09-10T01:08:57.8681385Z   --repository REPOSITORY
2026-09-10T01:08:57.8681681Z   --port PORT
2026-09-10T01:08:57.8968042Z Node 20 is being deprecated. This workflow is running with Node 24 by default. If you need to temporarily use Node 20, you can set the ACTIONS_ALLOW_USE_UNSECURE_NODE_VERSION=true environment variable. For more information see: https://github.blog/changelog/2025-09-19-deprecation-of-node-20-on-github-actions-runners/
2026-09-10T01:08:57.8969332Z Post job cleanup.
2026-09-10T01:08:58.0188176Z (node:9202) [DEP0040] DeprecationWarning: The `punycode` module is deprecated. Please use a userland alternative instead.
2026-09-10T01:08:58.0189302Z (Use `node --trace-deprecation ...` to show where the warning was created)
2026-09-10T01:08:58.0417725Z Node 20 is being deprecated. This workflow is running with Node 24 by default. If you need to temporarily use Node 20, you can set the ACTIONS_ALLOW_USE_UNSECURE_NODE_VERSION=true environment variable. For more information see: https://github.blog/changelog/2025-09-19-deprecation-of-node-20-on-github-actions-runners/
2026-09-10T01:08:58.0419955Z Post job cleanup.
2026-09-10T01:08:58.1385517Z [command]/usr/bin/git version
2026-09-10T01:08:58.1437862Z git version 2.55.0
2026-09-10T01:08:58.1484500Z Temporarily overriding HOME='/home/runner/work/_temp/aa2e0348-3f74-427d-80b9-fa03ee277d74' before making global git config changes
2026-09-10T01:08:58.1485574Z Adding repository directory to the temporary git global config as a safe directory
2026-09-10T01:08:58.1491449Z [command]/usr/bin/git config --global --add safe.directory /home/runner/work/zeus/zeus
2026-09-10T01:08:58.1536545Z [command]/usr/bin/git config --local --name-only --get-regexp core\.sshCommand
2026-09-10T01:08:58.1575197Z [command]/usr/bin/git submodule foreach --recursive sh -c "git config --local --name-only --get-regexp 'core\.sshCommand' && git config --local --unset-all 'core.sshCommand' || :"
2026-09-10T01:08:58.1849681Z [command]/usr/bin/git config --local --name-only --get-regexp http\.https\:\/\/github\.com\/\.extraheader
2026-09-10T01:08:58.1883794Z http.https://github.com/.extraheader
2026-09-10T01:08:58.1898986Z [command]/usr/bin/git config --local --unset-all http.https://github.com/.extraheader
2026-09-10T01:08:58.1935768Z [command]/usr/bin/git submodule foreach --recursive sh -c "git config --local --name-only --get-regexp 'http\.https\:\/\/github\.com\/\.extraheader' && git config --local --unset-all 'http.https://github.com/.extraheader' || :"
2026-09-10T01:08:58.2214762Z [command]/usr/bin/git config --local --name-only --get-regexp ^includeIf\.gitdir:
2026-09-10T01:08:58.2260437Z [command]/usr/bin/git submodule foreach --recursive git config --local --show-origin --name-only --get-regexp remote.origin.url
2026-09-10T01:08:58.2670760Z Cleaning up orphan processes
2026-09-10T01:08:58.2988778Z ##[warning]Node.js 20 is deprecated. The following actions target Node.js 20 but are being forced to run on Node.js 24: actions/checkout@v4, actions/setup-python@v5. For more information see: https://github.blog/changelog/2025-09-19-deprecation-of-node-20-on-github-actions-runners/
