........................................................................ [  4%]
........................................................................ [  9%]
........................................................................ [ 13%]
........................................................................ [ 18%]
........................................................................ [ 22%]
.....s.................................................................. [ 27%]
........................................................................ [ 32%]
.......................................sssss............................ [ 36%]
........................................................................ [ 41%]
........................................................................ [ 45%]
........................................................................ [ 50%]
........................................................................ [ 54%]
........................................................................ [ 59%]
........................................................................ [ 64%]
........................................................................ [ 68%]
........................................................................ [ 73%]
........................................................................ [ 77%]
........................................................................ [ 82%]
........................................................................ [ 87%]
........................................................................ [ 91%]
........................................................................ [ 96%]
....s.s....................................................              [100%]
1563 passed, 8 skipped in 166.91s (0:02:46)
