........................................................................ [  4%]
........................................................................ [  8%]
........................................................................ [ 12%]
........................................................................ [ 17%]
........................................................................ [ 21%]
........................................................................ [ 25%]
........................s............................................... [ 30%]
........................................................................ [ 34%]
..........................................................sssss......... [ 38%]
........................................................................ [ 42%]
........................................................................ [ 47%]
........................................................................ [ 51%]
........................................................................ [ 55%]
........................................................................ [ 60%]
........................................................................ [ 64%]
........................................................................ [ 68%]
........................................................................ [ 72%]
........................................................................ [ 77%]
........................................................................ [ 81%]
........................................................................ [ 85%]
........................................................................ [ 90%]
........................................................................ [ 94%]
.......................................s.s.............................. [ 98%]
......................                                                   [100%]
1670 passed, 8 skipped in 218.44s (0:03:38)
